Archive member included to satisfy reference by file (symbol)

../Middlewares/ST/AI/Lib/NetworkRuntime600_CM7_GCC.a(ai_platform_interface.o)
                              ./X-CUBE-AI/App/network.o (ai_platform_runtime_get_revision)
../Middlewares/ST/AI/Lib/NetworkRuntime600_CM7_GCC.a(core_mem_manager.o)
                              ../Middlewares/ST/AI/Lib/NetworkRuntime600_CM7_GCC.a(ai_platform_interface.o) (core_mem_alloc)
../Middlewares/ST/AI/Lib/NetworkRuntime600_CM7_GCC.a(core_common.o)
                              ../Middlewares/ST/AI/Lib/NetworkRuntime600_CM7_GCC.a(ai_platform_interface.o) (core_init)
../Middlewares/ST/AI/Lib/NetworkRuntime600_CM7_GCC.a(layers_conv2d_stm32_integer.o)
                              ./X-CUBE-AI/App/network.o (forward_dense_integer_SSSA)
../Middlewares/ST/AI/Lib/NetworkRuntime600_CM7_GCC.a(layers.o)
                              ../Middlewares/ST/AI/Lib/NetworkRuntime600_CM7_GCC.a(ai_platform_interface.o) (ai_check_custom_types)
../Middlewares/ST/AI/Lib/NetworkRuntime600_CM7_GCC.a(arm_fully_connected_s8.o)
                              ../Middlewares/ST/AI/Lib/NetworkRuntime600_CM7_GCC.a(layers_conv2d_stm32_integer.o) (arm_fully_connected_s8)
../Middlewares/ST/AI/Lib/NetworkRuntime600_CM7_GCC.a(arm_nn_vec_mat_mult_t_s8.o)
                              ../Middlewares/ST/AI/Lib/NetworkRuntime600_CM7_GCC.a(arm_fully_connected_s8.o) (arm_nn_vec_mat_mult_t_s8)
../Middlewares/ST/AI/Lib/NetworkRuntime600_CM7_GCC.a(st_ssua8_convolve_dw.o)
                              ../Middlewares/ST/AI/Lib/NetworkRuntime600_CM7_GCC.a(layers_conv2d_stm32_integer.o) (st_ssua8_conv_dw_Wadapt)
../Middlewares/ST/AI/Lib/NetworkRuntime600_CM7_GCC.a(st_uaua8_ch_convolve.o)
                              ../Middlewares/ST/AI/Lib/NetworkRuntime600_CM7_GCC.a(layers_conv2d_stm32_integer.o) (st_uaua8_ch_convolve_rank1upd)
../Middlewares/ST/AI/Lib/NetworkRuntime600_CM7_GCC.a(st_ssua8_ch_convolve.o)
                              ../Middlewares/ST/AI/Lib/NetworkRuntime600_CM7_GCC.a(layers_conv2d_stm32_integer.o) (st_ssua8_ch_convolve_rank1upd)
../Middlewares/ST/AI/Lib/NetworkRuntime600_CM7_GCC.a(st_uaua8_convolve.o)
                              ../Middlewares/ST/AI/Lib/NetworkRuntime600_CM7_GCC.a(layers_conv2d_stm32_integer.o) (st_uaua8_convolve_rank1upd)
../Middlewares/ST/AI/Lib/NetworkRuntime600_CM7_GCC.a(st_ssua8_convolve.o)
                              ../Middlewares/ST/AI/Lib/NetworkRuntime600_CM7_GCC.a(layers_conv2d_stm32_integer.o) (st_ssua8_convolve_rank1upd)
../Middlewares/ST/AI/Lib/NetworkRuntime600_CM7_GCC.a(st_convolve_reference.o)
                              ../Middlewares/ST/AI/Lib/NetworkRuntime600_CM7_GCC.a(layers_conv2d_stm32_integer.o) (align_factor_cmsisnn)
../Middlewares/ST/AI/Lib/NetworkRuntime600_CM7_GCC.a(st_uaua8_ch_convolve_rgb.o)
                              ../Middlewares/ST/AI/Lib/NetworkRuntime600_CM7_GCC.a(layers_conv2d_stm32_integer.o) (st_uaua8_ch_convolve_rgb)
../Middlewares/ST/AI/Lib/NetworkRuntime600_CM7_GCC.a(st_uaua8_ch_convolve_dw.o)
                              ../Middlewares/ST/AI/Lib/NetworkRuntime600_CM7_GCC.a(layers_conv2d_stm32_integer.o) (st_uaua8_ch_conv_dw_Wadapt)
../Middlewares/ST/AI/Lib/NetworkRuntime600_CM7_GCC.a(st_ssua8_ch_convolve_rgb.o)
                              ../Middlewares/ST/AI/Lib/NetworkRuntime600_CM7_GCC.a(layers_conv2d_stm32_integer.o) (st_ssua8_ch_convolve_rgb)
../Middlewares/ST/AI/Lib/NetworkRuntime600_CM7_GCC.a(st_uaua8_convolve_rgb.o)
                              ../Middlewares/ST/AI/Lib/NetworkRuntime600_CM7_GCC.a(layers_conv2d_stm32_integer.o) (st_uaua8_convolve_rgb)
../Middlewares/ST/AI/Lib/NetworkRuntime600_CM7_GCC.a(st_ssua8_convolve_rgb.o)
                              ../Middlewares/ST/AI/Lib/NetworkRuntime600_CM7_GCC.a(layers_conv2d_stm32_integer.o) (st_ssua8_convolve_rgb)
../Middlewares/ST/AI/Lib/NetworkRuntime600_CM7_GCC.a(st_sssa8_ch_convolve_dw.o)
                              ../Middlewares/ST/AI/Lib/NetworkRuntime600_CM7_GCC.a(layers_conv2d_stm32_integer.o) (st_sssa8_ch_conv_dw_Wadapt)
../Middlewares/ST/AI/Lib/NetworkRuntime600_CM7_GCC.a(st_uaua8_ch_convolve_1x1.o)
                              ../Middlewares/ST/AI/Lib/NetworkRuntime600_CM7_GCC.a(layers_conv2d_stm32_integer.o) (st_uaua8_ch_convolve_1x1)
../Middlewares/ST/AI/Lib/NetworkRuntime600_CM7_GCC.a(st_sssa8_convolve_dw.o)
                              ../Middlewares/ST/AI/Lib/NetworkRuntime600_CM7_GCC.a(layers_conv2d_stm32_integer.o) (st_sssa8_conv_dw_Wadapt)
../Middlewares/ST/AI/Lib/NetworkRuntime600_CM7_GCC.a(st_ssua8_ch_convolve_1x1.o)
                              ../Middlewares/ST/AI/Lib/NetworkRuntime600_CM7_GCC.a(layers_conv2d_stm32_integer.o) (st_ssua8_ch_convolve_1x1)
../Middlewares/ST/AI/Lib/NetworkRuntime600_CM7_GCC.a(st_uaua8_convolve_1x1.o)
                              ../Middlewares/ST/AI/Lib/NetworkRuntime600_CM7_GCC.a(layers_conv2d_stm32_integer.o) (st_uaua8_convolve_1x1)
[...]
Memory Configuration

Name             Origin             Length             Attributes
RAM              0x20000000         0x00050000         xrw
FLASH            0x08000000         0x00100000         xr
*default*        0x00000000         0xffffffff

Linker script and memory map

LOAD /usr/lib/gcc/arm-none-eabi/8.3.1/thumb/v7e-m+fp/hard/crti.o
LOAD /usr/lib/gcc/arm-none-eabi/8.3.1/thumb/v7e-m+fp/hard/crtbegin.o
LOAD /usr/lib/gcc/arm-none-eabi/8.3.1/../../../arm-none-eabi/lib/thumb/v7e-m+fp/hard/crt0.o
LOAD ./Core/Src/main.o
LOAD ./Core/Src/stm32f7xx_hal_msp.o
LOAD ./Core/Src/stm32f7xx_it.o
LOAD ./Core/Src/sysmem.o
LOAD ./Core/Src/system_stm32f7xx.o
LOAD ./Core/Startup/startup_stm32f746nghx.o
LOAD ./Drivers/STM32F7xx_HAL_Driver/Src/stm32f7xx_hal.o
LOAD ./Drivers/STM32F7xx_HAL_Driver/Src/stm32f7xx_hal_cortex.o
LOAD ./Drivers/STM32F7xx_HAL_Driver/Src/stm32f7xx_hal_crc.o
LOAD ./Drivers/STM32F7xx_HAL_Driver/Src/stm32f7xx_hal_crc_ex.o
LOAD ./Drivers/STM32F7xx_HAL_Driver/Src/stm32f7xx_hal_dma.o
LOAD ./Drivers/STM32F7xx_HAL_Driver/Src/stm32f7xx_hal_dma_ex.o
LOAD ./Drivers/STM32F7xx_HAL_Driver/Src/stm32f7xx_hal_exti.o
LOAD ./Drivers/STM32F7xx_HAL_Driver/Src/stm32f7xx_hal_flash.o
LOAD ./Drivers/STM32F7xx_HAL_Driver/Src/stm32f7xx_hal_flash_ex.o
LOAD ./Drivers/STM32F7xx_HAL_Driver/Src/stm32f7xx_hal_gpio.o
LOAD ./Drivers/STM32F7xx_HAL_Driver/Src/stm32f7xx_hal_i2c.o
LOAD ./Drivers/STM32F7xx_HAL_Driver/Src/stm32f7xx_hal_i2c_ex.o
LOAD ./Drivers/STM32F7xx_HAL_Driver/Src/stm32f7xx_hal_pwr.o
LOAD ./Drivers/STM32F7xx_HAL_Driver/Src/stm32f7xx_hal_pwr_ex.o
LOAD ./Drivers/STM32F7xx_HAL_Driver/Src/stm32f7xx_hal_rcc.o
LOAD ./Drivers/STM32F7xx_HAL_Driver/Src/stm32f7xx_hal_rcc_ex.o
LOAD ./Drivers/STM32F7xx_HAL_Driver/Src/stm32f7xx_hal_tim.o
LOAD ./Drivers/STM32F7xx_HAL_Driver/Src/stm32f7xx_hal_tim_ex.o
LOAD ./Drivers/STM32F7xx_HAL_Driver/Src/stm32f7xx_hal_uart.o
LOAD ./Drivers/STM32F7xx_HAL_Driver/Src/stm32f7xx_hal_uart_ex.o
LOAD ./X-CUBE-AI/App/network.o
LOAD ./X-CUBE-AI/App/network_data.o
LOAD ../Middlewares/ST/AI/Lib/NetworkRuntime600_CM7_GCC.a
START GROUP
LOAD /usr/lib/gcc/arm-none-eabi/8.3.1/../../../arm-none-eabi/lib/thumb/v7e-m+fp/hard/libstdc++_nano.a
LOAD /usr/lib/gcc/arm-none-eabi/8.3.1/../../../arm-none-eabi/lib/thumb/v7e-m+fp/hard/libsupc++_nano.a
END GROUP
LOAD /usr/lib/gcc/arm-none-eabi/8.3.1/../../../arm-none-eabi/lib/thumb/v7e-m+fp/hard/libstdc++_nano.a
LOAD /usr/lib/gcc/arm-none-eabi/8.3.1/../../../arm-none-eabi/lib/thumb/v7e-m+fp/hard/libm.a
LOAD /usr/lib/gcc/arm-none-eabi/8.3.1/../../../arm-none-eabi/lib/thumb/v7e-m+fp/hard/libc_nano.a
START GROUP
LOAD /usr/lib/gcc/arm-none-eabi/8.3.1/thumb/v7e-m+fp/hard/libgcc.a
LOAD /usr/lib/gcc/arm-none-eabi/8.3.1/../../../arm-none-eabi/lib/thumb/v7e-m+fp/hard/libc_nano.a
END GROUP
START GROUP
LOAD /usr/lib/gcc/arm-none-eabi/8.3.1/thumb/v7e-m+fp/hard/libgcc.a
LOAD /usr/lib/gcc/arm-none-eabi/8.3.1/../../../arm-none-eabi/lib/thumb/v7e-m+fp/hard/libc_nano.a
LOAD /usr/lib/gcc/arm-none-eabi/8.3.1/../../../arm-none-eabi/lib/thumb/v7e-m+fp/hard/libnosys.a
END GROUP
START GROUP
LOAD /usr/lib/gcc/arm-none-eabi/8.3.1/thumb/v7e-m+fp/hard/libgcc.a
LOAD /usr/lib/gcc/arm-none-eabi/8.3.1/../../../arm-none-eabi/lib/thumb/v7e-m+fp/hard/libc_nano.a
LOAD /usr/lib/gcc/arm-none-eabi/8.3.1/../../../arm-none-eabi/lib/thumb/v7e-m+fp/hard/libnosys.a
END GROUP
LOAD /usr/lib/gcc/arm-none-eabi/8.3.1/thumb/v7e-m+fp/hard/crtend.o
LOAD /usr/lib/gcc/arm-none-eabi/8.3.1/thumb/v7e-m+fp/hard/crtn.o
                0x20050000                _estack = (ORIGIN (RAM) + LENGTH (RAM))
                0x00000200                _Min_Heap_Size = 0x200
                0x00001000                _Min_Stack_Size = 0x1000

.isr_vector     0x08000000      0x1c8
                0x08000000                . = ALIGN (0x4)
 *(.isr_vector)
 .isr_vector    0x08000000      0x1c8 ./Core/Startup/startup_stm32f746nghx.o
                0x08000000                g_pfnVectors
                0x080001c8                . = ALIGN (0x4)

.text           0x08000200     0x8c70
                0x08000200                . = ALIGN (0x4)
 *(.text)
 .text          0x08000200       0x88 /usr/lib/gcc/arm-none-eabi/8.3.1/thumb/v7e-m+fp/hard/crtbegin.o
 .text          0x08000288        0xc /usr/lib/gcc/arm-none-eabi/8.3.1/../../../arm-none-eabi/lib/thumb/v7e-m+fp/hard/libc_nano.a(lib_a-errno.o)
                0x08000288                __errno
 .text          0x08000294       0x48 /usr/lib/gcc/arm-none-eabi/8.3.1/../../../arm-none-eabi/lib/thumb/v7e-m+fp/hard/libc_nano.a(lib_a-init.o)
                0x08000294                __libc_init_array
 .text          0x080002dc       0x20 /usr/lib/gcc/arm-none-eabi/8.3.1/../../../arm-none-eabi/lib/thumb/v7e-m+fp/hard/libc_nano.a(lib_a-malloc.o)
                0x080002dc                malloc
                0x080002ec                free
 .text          0x080002fc      0x134 /usr/lib/gcc/arm-none-eabi/8.3.1/../../../arm-none-eabi/lib/thumb/v7e-m+fp/hard/libc_nano.a(lib_a-memcpy.o)
                0x080002fc                memcpy
 .text          0x08000430       0xa0 /usr/lib/gcc/arm-none-eabi/8.3.1/../../../arm-none-eabi/lib/thumb/v7e-m+fp/hard/libc_nano.a(lib_a-memset.o)
                0x08000430                memset
 .text          0x080004d0       0xac /usr/lib/gcc/arm-none-eabi/8.3.1/../../../arm-none-eabi/lib/thumb/v7e-m+fp/hard/libc_nano.a(lib_a-nano-freer.o)
                0x080004d0                _free_r
 .text          0x0800057c       0xc8 /usr/lib/gcc/arm-none-eabi/8.3.1/../../../arm-none-eabi/lib/thumb/v7e-m+fp/hard/libc_nano.a(lib_a-nano-mallocr.o)
                0x0800057c                _malloc_r
 .text          0x08000644      0x6b8 /usr/lib/gcc/arm-none-eabi/8.3.1/../../../arm-none-eabi/lib/thumb/v7e-m+fp/hard/libc_nano.a(lib_a-nano-vfprintf_float.o)
                0x08000644                __cvt
                0x08000740                __exponent
                0x080007cc                _printf_float
 .text          0x08000cfc      0x3c4 /usr/lib/gcc/arm-none-eabi/8.3.1/../../../arm-none-eabi/lib/thumb/v7e-m+fp/hard/libc_nano.a(lib_a-nano-vfprintf_i.o)
                0x08000cfc                _printf_common
                0x08000e28                _printf_i
 .text          0x080010c0       0x24 /usr/lib/gcc/arm-none-eabi/8.3.1/../../../arm-none-eabi/lib/thumb/v7e-m+fp/hard/libc_nano.a(lib_a-sbrkr.o)
                0x080010c0                _sbrk_r
 .text          0x080010e4       0x80 /usr/lib/gcc/arm-none-eabi/8.3.1/../../../arm-none-eabi/lib/thumb/v7e-m+fp/hard/libc_nano.a(lib_a-sprintf.o)
                0x080010e4                _siprintf_r
                0x080010e4                _sprintf_r
                0x08001120                sprintf
                0x08001120                siprintf
 *fill*         0x08001164       0x1c 
 .text          0x08001180       0xdc /usr/lib/gcc/arm-none-eabi/8.3.1/../../../arm-none-eabi/lib/thumb/v7e-m+fp/hard/libc_nano.a(lib_a-strlen.o)
                0x08001180                strlen
 *fill*         0x0800125c        0x4 
 .text          0x08001260      0xffc /usr/lib/gcc/arm-none-eabi/8.3.1/../../../arm-none-eabi/lib/thumb/v7e-m+fp/hard/libc_nano.a(lib_a-dtoa.o)
                0x08001384                _dtoa_r
 .text          0x0800225c       0x14 /usr/lib/gcc/arm-none-eabi/8.3.1/../../../arm-none-eabi/lib/thumb/v7e-m+fp/hard/libc_nano.a(lib_a-localeconv.o)
                0x0800225c                __localeconv_l
                0x08002260                _localeconv_r
                0x08002268                localeconv
 .text          0x08002270       0xa0 /usr/lib/gcc/arm-none-eabi/8.3.1/../../../arm-none-eabi/lib/thumb/v7e-m+fp/hard/libc_nano.a(lib_a-memchr.o)
                0x08002270                memchr
 .text          0x08002310        0x8 /usr/lib/gcc/arm-none-eabi/8.3.1/../../../arm-none-eabi/lib/thumb/v7e-m+fp/hard/libc_nano.a(lib_a-mlock.o)
                0x08002310                __malloc_lock
                0x08002314                __malloc_unlock
 .text          0x08002318      0xa38 /usr/lib/gcc/arm-none-eabi/8.3.1/../../../arm-none-eabi/lib/thumb/v7e-m+fp/hard/libc_nano.a(lib_a-mprec.o)
                0x08002318                _Balloc
                0x08002398                _Bfree
                0x080023e4                __multadd
                0x08002484                __s2b
                0x08002530                __hi0bits
                0x08002570                __lo0bits
                0x080025d0                __i2b
                0x080025fc                __multiply
                0x08002748                __pow5mult
                0x0800280c                __lshift
                0x080028d4                __mcmp
                0x0800290c                __mdiff
                0x08002a34                __ulp
                0x08002a84                __b2d
                0x08002b3c                __d2b
                0x08002c10                __ratio
                0x08002c70                _mprec_log10
                0x08002cb0                __copybits
                0x08002cf8                __any_on
 .text          0x08002d50       0x1c /usr/lib/gcc/arm-none-eabi/8.3.1/../../../arm-none-eabi/lib/thumb/v7e-m+fp/hard/libc_nano.a(lib_a-nano-callocr.o)
                0x08002d50                _calloc_r
 .text          0x08002d6c       0x4c /usr/lib/gcc/arm-none-eabi/8.3.1/../../../arm-none-eabi/lib/thumb/v7e-m+fp/hard/libc_nano.a(lib_a-nano-reallocr.o)
                0x08002d6c                _realloc_r
 .text          0x08002db8      0x42c /usr/lib/gcc/arm-none-eabi/8.3.1/../../../arm-none-eabi/lib/thumb/v7e-m+fp/hard/libc_nano.a(lib_a-nano-svfprintf.o)
                0x08002db8                __ssputs_r
                0x08002e78                __ssprint_r
                0x08002f70                _svfprintf_r
                0x08002f70                _svfiprintf_r
 .text          0x080031e4       0x48 /usr/lib/gcc/arm-none-eabi/8.3.1/../../../arm-none-eabi/lib/thumb/v7e-m+fp/hard/libc_nano.a(lib_a-assert.o)
                0x080031e4                __assert_func
                0x08003220                __assert
 .text          0x0800322c       0x44 /usr/lib/gcc/arm-none-eabi/8.3.1/../../../arm-none-eabi/lib/thumb/v7e-m+fp/hard/libc_nano.a(lib_a-fprintf.o)
                0x0800322c                _fprintf_r
                0x0800322c                _fiprintf_r
                0x08003248                fprintf
                0x08003248                fiprintf
 .text          0x08003270       0x40 /usr/lib/gcc/arm-none-eabi/8.3.1/../../../arm-none-eabi/lib/thumb/v7e-m+fp/hard/libc_nano.a(lib_a-mbtowc_r.o)
                0x08003270                _mbtowc_r
                0x08003284                __ascii_mbtowc
 .text          0x080032b0       0xd0 /usr/lib/gcc/arm-none-eabi/8.3.1/../../../arm-none-eabi/lib/thumb/v7e-m+fp/hard/libc_nano.a(lib_a-memmove.o)
                0x080032b0                memmove
 .text          0x08003380       0x10 /usr/lib/gcc/arm-none-eabi/8.3.1/../../../arm-none-eabi/lib/thumb/v7e-m+fp/hard/libc_nano.a(lib_a-nano-msizer.o)
                0x08003380                _malloc_usable_size_r
 .text          0x08003390      0x364 /usr/lib/gcc/arm-none-eabi/8.3.1/../../../arm-none-eabi/lib/thumb/v7e-m+fp/hard/libc_nano.a(lib_a-nano-vfprintf.o)
                0x080033cc                __sfputs_r
                0x080033fc                __sprint_r
                0x08003418                _vfiprintf_r
                0x08003418                _vfprintf_r
                0x080036dc                vfiprintf
                0x080036dc                vfprintf
 .text          0x080036f4       0xc0 /usr/lib/gcc/arm-none-eabi/8.3.1/../../../arm-none-eabi/lib/thumb/v7e-m+fp/hard/libc_nano.a(lib_a-wbuf.o)
                0x080036f4                __swbuf_r
                0x080037a4                __swbuf
 .text          0x080037b4       0x30 /usr/lib/gcc/arm-none-eabi/8.3.1/../../../arm-none-eabi/lib/thumb/v7e-m+fp/hard/libc_nano.a(lib_a-wctomb_r.o)
                0x080037b4                _wctomb_r
                0x080037c8                __ascii_wctomb
 .text          0x080037e4      0x100 /usr/lib/gcc/arm-none-eabi/8.3.1/../../../arm-none-eabi/lib/thumb/v7e-m+fp/hard/libc_nano.a(lib_a-wsetup.o)
                0x080037e4                __swsetup_r
 .text          0x080038e4       0x10 /usr/lib/gcc/arm-none-eabi/8.3.1/../../../arm-none-eabi/lib/thumb/v7e-m+fp/hard/libc_nano.a(lib_a-abort.o)
                0x080038e4                abort
 .text          0x080038f4      0x1b0 /usr/lib/gcc/arm-none-eabi/8.3.1/../../../arm-none-eabi/lib/thumb/v7e-m+fp/hard/libc_nano.a(lib_a-fflush.o)
                0x080038f4                __sflush_r
                0x08003a20                _fflush_r
                0x08003a80                fflush
 .text          0x08003aa4      0x210 /usr/lib/gcc/arm-none-eabi/8.3.1/../../../arm-none-eabi/lib/thumb/v7e-m+fp/hard/libc_nano.a(lib_a-findfp.o)
                0x08003aa8                _cleanup_r
                0x08003ab8                __sfmoreglue
                0x08003ae8                __sfp
                0x08003c60                _cleanup
                0x08003c74                __sinit
                0x08003c7c                __sfp_lock_acquire
                0x08003c80                __sfp_lock_release
                0x08003c84                __sinit_lock_acquire
                0x08003c88                __sinit_lock_release
                0x08003c8c                __fp_lock_all
                0x08003ca0                __fp_unlock_all
 .text          0x08003cb4      0x308 /usr/lib/gcc/arm-none-eabi/8.3.1/../../../arm-none-eabi/lib/thumb/v7e-m+fp/hard/libc_nano.a(lib_a-fvwrite.o)
                0x08003cb4                __sfvwrite_r
 .text          0x08003fbc       0xa0 /usr/lib/gcc/arm-none-eabi/8.3.1/../../../arm-none-eabi/lib/thumb/v7e-m+fp/hard/libc_nano.a(lib_a-fwalk.o)
                0x08003fbc                _fwalk
                0x08004008                _fwalk_reent
 .text          0x0800405c       0xf0 /usr/lib/gcc/arm-none-eabi/8.3.1/../../../arm-none-eabi/lib/thumb/v7e-m+fp/hard/libc_nano.a(lib_a-makebuf.o)
                0x0800405c                __swhatbuf_r
                0x080040b8                __smakebuf_r
 .text          0x0800414c      0x150 /usr/lib/gcc/arm-none-eabi/8.3.1/../../../arm-none-eabi/lib/thumb/v7e-m+fp/hard/libc_nano.a(lib_a-signal.o)
                0x08004174                _init_signal_r
                0x08004180                _signal_r
                0x080041b4                _raise_r
                0x08004208                __sigtramp_r
                0x08004258                raise
                0x08004268                signal
                0x08004278                _init_signal
                0x0800428c                __sigtramp
 .text          0x0800429c       0x2c /usr/lib/gcc/arm-none-eabi/8.3.1/../../../arm-none-eabi/lib/thumb/v7e-m+fp/hard/libc_nano.a(lib_a-signalr.o)
                0x0800429c                _kill_r
                0x080042c4                _getpid_r
 .text          0x080042c8       0x90 /usr/lib/gcc/arm-none-eabi/8.3.1/../../../arm-none-eabi/lib/thumb/v7e-m+fp/hard/libc_nano.a(lib_a-stdio.o)
                0x080042c8                __sread
                0x080042ec                __seofread
                0x080042f0                __swrite
                0x08004330                __sseek
                0x08004350                __sclose
 .text          0x08004358       0x2c /usr/lib/gcc/arm-none-eabi/8.3.1/../../../arm-none-eabi/lib/thumb/v7e-m+fp/hard/libc_nano.a(lib_a-writer.o)
                0x08004358                _write_r
 .text          0x08004384       0x24 /usr/lib/gcc/arm-none-eabi/8.3.1/../../../arm-none-eabi/lib/thumb/v7e-m+fp/hard/libc_nano.a(lib_a-closer.o)
                0x08004384                _close_r
 .text          0x080043a8       0x28 /usr/lib/gcc/arm-none-eabi/8.3.1/../../../arm-none-eabi/lib/thumb/v7e-m+fp/hard/libc_nano.a(lib_a-fstatr.o)
                0x080043a8                _fstat_r
 .text          0x080043d0       0x24 /usr/lib/gcc/arm-none-eabi/8.3.1/../../../arm-none-eabi/lib/thumb/v7e-m+fp/hard/libc_nano.a(lib_a-isattyr.o)
                0x080043d0                _isatty_r
 .text          0x080043f4       0x2c /usr/lib/gcc/arm-none-eabi/8.3.1/../../../arm-none-eabi/lib/thumb/v7e-m+fp/hard/libc_nano.a(lib_a-lseekr.o)
                0x080043f4                _lseek_r
 .text          0x08004420       0x2c /usr/lib/gcc/arm-none-eabi/8.3.1/../../../arm-none-eabi/lib/thumb/v7e-m+fp/hard/libc_nano.a(lib_a-readr.o)
                0x08004420                _read_r
 .text          0x0800444c      0x378 /usr/lib/gcc/arm-none-eabi/8.3.1/thumb/v7e-m+fp/hard/libgcc.a(_arm_addsubdf3.o)
                0x0800444c                __aeabi_drsub
                0x08004454                __aeabi_dsub
                0x08004454                __subdf3
                0x08004458                __adddf3
                0x08004458                __aeabi_dadd
                0x080046d0                __aeabi_ui2d
                0x080046d0                __floatunsidf
                0x080046f0                __floatsidf
                0x080046f0                __aeabi_i2d
                0x08004714                __extendsfdf2
                0x08004714                __aeabi_f2d
                0x08004758                __aeabi_ul2d
                0x08004758                __floatundidf
                0x08004768                __floatdidf
                0x08004768                __aeabi_l2d
 .text          0x080047c4      0x424 /usr/lib/gcc/arm-none-eabi/8.3.1/thumb/v7e-m+fp/hard/libgcc.a(_arm_muldivdf3.o)
                0x080047c4                __aeabi_dmul
                0x080047c4                __muldf3
                0x08004a18                __aeabi_ddiv
                0x08004a18                __divdf3
 .text          0x08004be8      0x110 /usr/lib/gcc/arm-none-eabi/8.3.1/thumb/v7e-m+fp/hard/libgcc.a(_arm_cmpdf2.o)
                0x08004be8                __gtdf2
                0x08004be8                __gedf2
                0x08004bf0                __ltdf2
                0x08004bf0                __ledf2
                0x08004bf8                __cmpdf2
                0x08004bf8                __eqdf2
                0x08004bf8                __nedf2
                0x08004c74                __aeabi_cdrcmple
                0x08004c84                __aeabi_cdcmple
                0x08004c84                __aeabi_cdcmpeq
                0x08004c94                __aeabi_dcmpeq
                0x08004ca8                __aeabi_dcmplt
                0x08004cbc                __aeabi_dcmple
                0x08004cd0                __aeabi_dcmpge
                0x08004ce4                __aeabi_dcmpgt
 .text          0x08004cf8       0x2c /usr/lib/gcc/arm-none-eabi/8.3.1/thumb/v7e-m+fp/hard/libgcc.a(_arm_unorddf2.o)
                0x08004cf8                __aeabi_dcmpun
                0x08004cf8                __unorddf2
 .text          0x08004d24       0x50 /usr/lib/gcc/arm-none-eabi/8.3.1/thumb/v7e-m+fp/hard/libgcc.a(_arm_fixdfsi.o)
                0x08004d24                __fixdfsi
                0x08004d24                __aeabi_d2iz
 .text          0x08004d74       0x30 /usr/lib/gcc/arm-none-eabi/8.3.1/thumb/v7e-m+fp/hard/libgcc.a(_aeabi_uldivmod.o)
                0x08004d74                __aeabi_uldivmod
 .text          0x08004da4       0x24 /usr/lib/gcc/arm-none-eabi/8.3.1/thumb/v7e-m+fp/hard/libgcc.a(_fixsfdi.o)
                0x08004da4                __aeabi_f2lz
                0x08004da4                __fixsfdi
 .text          0x08004dc8       0x40 /usr/lib/gcc/arm-none-eabi/8.3.1/thumb/v7e-m+fp/hard/libgcc.a(_fixunssfdi.o)
                0x08004dc8                __aeabi_f2ulz
                0x08004dc8                __fixunssfdi
 .text          0x08004e08      0x2d0 /usr/lib/gcc/arm-none-eabi/8.3.1/thumb/v7e-m+fp/hard/libgcc.a(_udivmoddi4.o)
                0x08004e08                __udivmoddi4
 .text          0x080050d8        0x4 /usr/lib/gcc/arm-none-eabi/8.3.1/thumb/v7e-m+fp/hard/libgcc.a(_dvmd_tls.o)
                0x080050d8                __aeabi_ldiv0
                0x080050d8                __aeabi_idiv0
 .text          0x080050dc       0x40 /usr/lib/gcc/arm-none-eabi/8.3.1/thumb/v7e-m+fp/hard/libgcc.a(_arm_fixunsdfsi.o)
                0x080050dc                __fixunsdfsi
                0x080050dc                __aeabi_d2uiz
 .text          0x0800511c       0x10 /usr/lib/gcc/arm-none-eabi/8.3.1/../../../arm-none-eabi/lib/thumb/v7e-m+fp/hard/libnosys.a(close.o)
                0x0800511c                _close
 .text          0x0800512c       0x10 /usr/lib/gcc/arm-none-eabi/8.3.1/../../../arm-none-eabi/lib/thumb/v7e-m+fp/hard/libnosys.a(fstat.o)
                0x0800512c                _fstat
 .text          0x0800513c       0x10 /usr/lib/gcc/arm-none-eabi/8.3.1/../../../arm-none-eabi/lib/thumb/v7e-m+fp/hard/libnosys.a(getpid.o)
                0x0800513c                _getpid
 .text          0x0800514c       0x10 /usr/lib/gcc/arm-none-eabi/8.3.1/../../../arm-none-eabi/lib/thumb/v7e-m+fp/hard/libnosys.a(isatty.o)
                0x0800514c                _isatty
 .text          0x0800515c       0x10 /usr/lib/gcc/arm-none-eabi/8.3.1/../../../arm-none-eabi/lib/thumb/v7e-m+fp/hard/libnosys.a(kill.o)
                0x0800515c                _kill
 .text          0x0800516c       0x10 /usr/lib/gcc/arm-none-eabi/8.3.1/../../../arm-none-eabi/lib/thumb/v7e-m+fp/hard/libnosys.a(lseek.o)
                0x0800516c                _lseek
 .text          0x0800517c       0x10 /usr/lib/gcc/arm-none-eabi/8.3.1/../../../arm-none-eabi/lib/thumb/v7e-m+fp/hard/libnosys.a(read.o)
                0x0800517c                _read
 .text          0x0800518c       0x10 /usr/lib/gcc/arm-none-eabi/8.3.1/../../../arm-none-eabi/lib/thumb/v7e-m+fp/hard/libnosys.a(write.o)
                0x0800518c                _write
 .text          0x0800519c        0x4 /usr/lib/gcc/arm-none-eabi/8.3.1/../../../arm-none-eabi/lib/thumb/v7e-m+fp/hard/libnosys.a(_exit.o)
                0x0800519c                _exit
 *(.text*)
 .text.SystemClock_Config
                0x080051a0       0xa8 ./Core/Src/main.o
                0x080051a0                SystemClock_Config
 .text.startup.main
                0x08005248      0x394 ./Core/Src/main.o
                0x08005248                main
 .text.Error_Handler
                0x080055dc        0x4 ./Core/Src/main.o
                0x080055dc                Error_Handler
 .text.HAL_MspInit
                0x080055e0       0x30 ./Core/Src/stm32f7xx_hal_msp.o
                0x080055e0                HAL_MspInit
 .text.HAL_CRC_MspInit
                0x08005610       0x2c ./Core/Src/stm32f7xx_hal_msp.o
                0x08005610                HAL_CRC_MspInit
 .text.HAL_TIM_Base_MspInit
                0x0800563c       0x2c ./Core/Src/stm32f7xx_hal_msp.o
                0x0800563c                HAL_TIM_Base_MspInit
 .text.HAL_UART_MspInit
                0x08005668       0xbc ./Core/Src/stm32f7xx_hal_msp.o
                0x08005668                HAL_UART_MspInit
 .text.NMI_Handler
                0x08005724        0x4 ./Core/Src/stm32f7xx_it.o
                0x08005724                NMI_Handler
 .text.HardFault_Handler
                0x08005728        0x4 ./Core/Src/stm32f7xx_it.o
                0x08005728                HardFault_Handler
 .text.MemManage_Handler
                0x0800572c        0x4 ./Core/Src/stm32f7xx_it.o
                0x0800572c                MemManage_Handler
 .text.BusFault_Handler
                0x08005730        0x4 ./Core/Src/stm32f7xx_it.o
                0x08005730                BusFault_Handler
 .text.UsageFault_Handler
                0x08005734        0x4 ./Core/Src/stm32f7xx_it.o
                0x08005734                UsageFault_Handler
 .text.SVC_Handler
                0x08005738        0x4 ./Core/Src/stm32f7xx_it.o
                0x08005738                SVC_Handler
 .text.DebugMon_Handler
                0x0800573c        0x4 ./Core/Src/stm32f7xx_it.o
                0x0800573c                DebugMon_Handler
 .text.PendSV_Handler
                0x08005740        0x4 ./Core/Src/stm32f7xx_it.o
                0x08005740                PendSV_Handler
 .text.SysTick_Handler
                0x08005744        0x4 ./Core/Src/stm32f7xx_it.o
                0x08005744                SysTick_Handler
 .text._sbrk    0x08005748       0x48 ./Core/Src/sysmem.o
                0x08005748                _sbrk
 .text.SystemInit
                0x08005790       0x14 ./Core/Src/system_stm32f7xx.o
                0x08005790                SystemInit
 .text.Reset_Handler
                0x080057a4       0x50 ./Core/Startup/startup_stm32f746nghx.o
                0x080057a4                Reset_Handler
 .text.Default_Handler
                0x080057f4        0x2 ./Core/Startup/startup_stm32f746nghx.o
                0x080057f4                RTC_Alarm_IRQHandler
                0x080057f4                EXTI2_IRQHandler
                0x080057f4                TIM8_CC_IRQHandler
                0x080057f4                UART8_IRQHandler
                0x080057f4                SPI4_IRQHandler
                0x080057f4                TIM1_CC_IRQHandler
                0x080057f4                DMA2_Stream5_IRQHandler
                0x080057f4                DMA1_Stream5_IRQHandler
                0x080057f4                PVD_IRQHandler
                0x080057f4                TAMP_STAMP_IRQHandler
                0x080057f4                CAN2_RX1_IRQHandler
                0x080057f4                EXTI3_IRQHandler
                0x080057f4                TIM8_TRG_COM_TIM14_IRQHandler
                0x080057f4                TIM1_UP_TIM10_IRQHandler
                0x080057f4                TIM8_UP_TIM13_IRQHandler
                0x080057f4                I2C3_ER_IRQHandler
                0x080057f4                EXTI0_IRQHandler
                0x080057f4                I2C2_EV_IRQHandler
                0x080057f4                DMA1_Stream2_IRQHandler
                0x080057f4                CAN1_RX0_IRQHandler
                0x080057f4                FPU_IRQHandler
                0x080057f4                OTG_HS_WKUP_IRQHandler
                0x080057f4                LTDC_ER_IRQHandler
                0x080057f4                CAN2_SCE_IRQHandler
                0x080057f4                DMA2_Stream2_IRQHandler
                0x080057f4                SPI1_IRQHandler
                0x080057f4                TIM6_DAC_IRQHandler
                0x080057f4                TIM1_BRK_TIM9_IRQHandler
                0x080057f4                DCMI_IRQHandler
                0x080057f4                CAN2_RX0_IRQHandler
                0x080057f4                DMA2_Stream3_IRQHandler
                0x080057f4                SAI2_IRQHandler
                0x080057f4                USART6_IRQHandler
                0x080057f4                USART3_IRQHandler
                0x080057f4                CAN1_RX1_IRQHandler
                0x080057f4                UART5_IRQHandler
                0x080057f4                DMA2_Stream0_IRQHandler
                0x080057f4                TIM4_IRQHandler
                0x080057f4                QUADSPI_IRQHandler
                0x080057f4                I2C1_EV_IRQHandler
                0x080057f4                DMA1_Stream6_IRQHandler
                0x080057f4                DMA1_Stream1_IRQHandler
                0x080057f4                UART4_IRQHandler
                0x080057f4                TIM3_IRQHandler
                0x080057f4                RCC_IRQHandler
                0x080057f4                TIM8_BRK_TIM12_IRQHandler
                0x080057f4                Default_Handler
                0x080057f4                CEC_IRQHandler
                0x080057f4                EXTI15_10_IRQHandler
                0x080057f4                ADC_IRQHandler
                0x080057f4                DMA1_Stream7_IRQHandler
                0x080057f4                SPI5_IRQHandler
                0x080057f4                TIM7_IRQHandler
                0x080057f4                SDMMC1_IRQHandler
                0x080057f4                CAN2_TX_IRQHandler
                0x080057f4                TIM5_IRQHandler
                0x080057f4                DMA2_Stream7_IRQHandler
                0x080057f4                I2C3_EV_IRQHandler
                0x080057f4                EXTI9_5_IRQHandler
                0x080057f4                RTC_WKUP_IRQHandler
                0x080057f4                LTDC_IRQHandler
                0x080057f4                ETH_WKUP_IRQHandler
                0x080057f4                SPDIF_RX_IRQHandler
                0x080057f4                SPI2_IRQHandler
                0x080057f4                OTG_HS_EP1_IN_IRQHandler
                0x080057f4                DMA1_Stream0_IRQHandler
                0x080057f4                CAN1_TX_IRQHandler
                0x080057f4                EXTI4_IRQHandler
                0x080057f4                RNG_IRQHandler
                0x080057f4                ETH_IRQHandler
                0x080057f4                OTG_HS_EP1_OUT_IRQHandler
                0x080057f4                WWDG_IRQHandler
                0x080057f4                SPI6_IRQHandler
                0x080057f4                I2C4_EV_IRQHandler
                0x080057f4                TIM2_IRQHandler
                0x080057f4                OTG_FS_WKUP_IRQHandler
                0x080057f4                TIM1_TRG_COM_TIM11_IRQHandler
                0x080057f4                OTG_HS_IRQHandler
                0x080057f4                DMA2D_IRQHandler
                0x080057f4                EXTI1_IRQHandler
                0x080057f4                UART7_IRQHandler
                0x080057f4                USART2_IRQHandler
                0x080057f4                I2C2_ER_IRQHandler
                0x080057f4                DMA2_Stream1_IRQHandler
                0x080057f4                CAN1_SCE_IRQHandler
                0x080057f4                FLASH_IRQHandler
                0x080057f4                DMA2_Stream4_IRQHandler
                0x080057f4                USART1_IRQHandler
                0x080057f4                OTG_FS_IRQHandler
                0x080057f4                SPI3_IRQHandler
                0x080057f4                DMA1_Stream4_IRQHandler
                0x080057f4                I2C1_ER_IRQHandler
                0x080057f4                FMC_IRQHandler
                0x080057f4                LPTIM1_IRQHandler
                0x080057f4                I2C4_ER_IRQHandler
                0x080057f4                DMA2_Stream6_IRQHandler
                0x080057f4                SAI1_IRQHandler
                0x080057f4                DMA1_Stream3_IRQHandler
 *fill*         0x080057f6        0x2 
 .text.HAL_InitTick
                0x080057f8       0x48 ./Drivers/STM32F7xx_HAL_Driver/Src/stm32f7xx_hal.o
                0x080057f8                HAL_InitTick
 .text.HAL_Init
                0x08005840       0x18 ./Drivers/STM32F7xx_HAL_Driver/Src/stm32f7xx_hal.o
                0x08005840                HAL_Init
 .text.HAL_IncTick
                0x08005858       0x18 ./Drivers/STM32F7xx_HAL_Driver/Src/stm32f7xx_hal.o
                0x08005858                HAL_IncTick
 .text.HAL_GetTick
                0x08005870        0xc ./Drivers/STM32F7xx_HAL_Driver/Src/stm32f7xx_hal.o
                0x08005870                HAL_GetTick
 .text.HAL_NVIC_SetPriorityGrouping
                0x0800587c       0x24 ./Drivers/STM32F7xx_HAL_Driver/Src/stm32f7xx_hal_cortex.o
                0x0800587c                HAL_NVIC_SetPriorityGrouping
 .text.HAL_NVIC_SetPriority
                0x080058a0       0x7c ./Drivers/STM32F7xx_HAL_Driver/Src/stm32f7xx_hal_cortex.o
                0x080058a0                HAL_NVIC_SetPriority
 .text.HAL_SYSTICK_Config
                0x0800591c       0x2c ./Drivers/STM32F7xx_HAL_Driver/Src/stm32f7xx_hal_cortex.o
                0x0800591c                HAL_SYSTICK_Config
 .text.HAL_CRC_Init
                0x08005948       0x7c ./Drivers/STM32F7xx_HAL_Driver/Src/stm32f7xx_hal_crc.o
                0x08005948                HAL_CRC_Init
 .text.HAL_CRCEx_Polynomial_Set
                0x080059c4       0x68 ./Drivers/STM32F7xx_HAL_Driver/Src/stm32f7xx_hal_crc_ex.o
                0x080059c4                HAL_CRCEx_Polynomial_Set
 .text.HAL_GPIO_Init
                0x08005a2c      0x268 ./Drivers/STM32F7xx_HAL_Driver/Src/stm32f7xx_hal_gpio.o
                0x08005a2c                HAL_GPIO_Init
 .text.HAL_PWREx_EnableOverDrive
                0x08005c94       0x74 ./Drivers/STM32F7xx_HAL_Driver/Src/stm32f7xx_hal_pwr_ex.o
                0x08005c94                HAL_PWREx_EnableOverDrive
 .text.HAL_RCC_OscConfig
                0x08005d08      0x3dc ./Drivers/STM32F7xx_HAL_Driver/Src/stm32f7xx_hal_rcc.o
                0x08005d08                HAL_RCC_OscConfig
 .text.HAL_RCC_ClockConfig
                0x080060e4      0x1a8 ./Drivers/STM32F7xx_HAL_Driver/Src/stm32f7xx_hal_rcc.o
                0x080060e4                HAL_RCC_ClockConfig
 .text.HAL_RCC_GetSysClockFreq
                0x0800628c       0x68 ./Drivers/STM32F7xx_HAL_Driver/Src/stm32f7xx_hal_rcc.o
                0x0800628c                HAL_RCC_GetSysClockFreq
 .text.HAL_RCC_GetPCLK1Freq
                0x080062f4       0x20 ./Drivers/STM32F7xx_HAL_Driver/Src/stm32f7xx_hal_rcc.o
                0x080062f4                HAL_RCC_GetPCLK1Freq
 .text.HAL_RCC_GetPCLK2Freq
                0x08006314       0x20 ./Drivers/STM32F7xx_HAL_Driver/Src/stm32f7xx_hal_rcc.o
                0x08006314                HAL_RCC_GetPCLK2Freq
 .text.HAL_RCCEx_PeriphCLKConfig
                0x08006334      0x528 ./Drivers/STM32F7xx_HAL_Driver/Src/stm32f7xx_hal_rcc_ex.o
                0x08006334                HAL_RCCEx_PeriphCLKConfig
 .text.HAL_TIM_Base_Init
                0x0800685c      0x16c ./Drivers/STM32F7xx_HAL_Driver/Src/stm32f7xx_hal_tim.o
                0x0800685c                HAL_TIM_Base_Init
 .text.HAL_TIM_Base_Start
                0x080069c8       0xb0 ./Drivers/STM32F7xx_HAL_Driver/Src/stm32f7xx_hal_tim.o
                0x080069c8                HAL_TIM_Base_Start
 .text.HAL_TIM_ConfigClockSource
                0x08006a78      0x160 ./Drivers/STM32F7xx_HAL_Driver/Src/stm32f7xx_hal_tim.o
                0x08006a78                HAL_TIM_ConfigClockSource
 .text.HAL_TIMEx_MasterConfigSynchronization
                0x08006bd8       0xb4 ./Drivers/STM32F7xx_HAL_Driver/Src/stm32f7xx_hal_tim_ex.o
                0x08006bd8                HAL_TIMEx_MasterConfigSynchronization
 .text.UART_SetConfig
                0x08006c8c      0x2d4 ./Drivers/STM32F7xx_HAL_Driver/Src/stm32f7xx_hal_uart.o
                0x08006c8c                UART_SetConfig
 .text.UART_AdvFeatureConfig
                0x08006f60       0xb0 ./Drivers/STM32F7xx_HAL_Driver/Src/stm32f7xx_hal_uart.o
                0x08006f60                UART_AdvFeatureConfig
 .text.HAL_UART_Init
                0x08007010      0x128 ./Drivers/STM32F7xx_HAL_Driver/Src/stm32f7xx_hal_uart.o
                0x08007010                HAL_UART_Init
 .text.UART_WaitOnFlagUntilTimeout
                0x08007138       0xec ./Drivers/STM32F7xx_HAL_Driver/Src/stm32f7xx_hal_uart.o
                0x08007138                UART_WaitOnFlagUntilTimeout
 .text.HAL_UART_Transmit
                0x08007224      0x178 ./Drivers/STM32F7xx_HAL_Driver/Src/stm32f7xx_hal_uart.o
                0x08007224                HAL_UART_Transmit
 .text.ai_network_get_error
                0x0800739c        0x4 ./X-CUBE-AI/App/network.o
                0x0800739c                ai_network_get_error
 .text.ai_network_create
                0x080073a0       0x1c ./X-CUBE-AI/App/network.o
                0x080073a0                ai_network_create
 .text.ai_network_init
                0x080073bc       0xe8 ./X-CUBE-AI/App/network.o
                0x080073bc                ai_network_init
 .text.ai_network_run
                0x080074a4        0x4 ./X-CUBE-AI/App/network.o
                0x080074a4                ai_network_run
 .text.ai_network_data_weights_get
                0x080074a8        0x8 ./X-CUBE-AI/App/network_data.o
                0x080074a8                ai_network_data_weights_get
 .text.ai_platform_network_get_error
                0x080074b0      0x11c ../Middlewares/ST/AI/Lib/NetworkRuntime600_CM7_GCC.a(ai_platform_interface.o)
                0x080074b0                ai_platform_network_get_error
 .text.ai_platform_network_create
                0x080075cc      0x18c ../Middlewares/ST/AI/Lib/NetworkRuntime600_CM7_GCC.a(ai_platform_interface.o)
                0x080075cc                ai_platform_network_create
 .text.ai_platform_network_init
                0x08007758      0x1b4 ../Middlewares/ST/AI/Lib/NetworkRuntime600_CM7_GCC.a(ai_platform_interface.o)
                0x08007758                ai_platform_network_init
 .text.ai_platform_network_post_init
                0x0800790c      0x15c ../Middlewares/ST/AI/Lib/NetworkRuntime600_CM7_GCC.a(ai_platform_interface.o)
                0x0800790c                ai_platform_network_post_init
 .text.ai_platform_network_process
                0x08007a68      0x558 ../Middlewares/ST/AI/Lib/NetworkRuntime600_CM7_GCC.a(ai_platform_interface.o)
                0x08007a68                ai_platform_network_process
 .text.core_init
                0x08007fc0        0x4 ../Middlewares/ST/AI/Lib/NetworkRuntime600_CM7_GCC.a(core_common.o)
                0x08007fc0                core_init
 .text.core_get_error
                0x08007fc4        0xc ../Middlewares/ST/AI/Lib/NetworkRuntime600_CM7_GCC.a(core_common.o)
                0x08007fc4                core_get_error
 .text.core_set_error
                0x08007fd0       0x18 ../Middlewares/ST/AI/Lib/NetworkRuntime600_CM7_GCC.a(core_common.o)
                0x08007fd0                core_set_error
 .text.forward_dense_integer_SSSA
                0x08007fe8      0x20c ../Middlewares/ST/AI/Lib/NetworkRuntime600_CM7_GCC.a(layers_conv2d_stm32_integer.o)
                0x08007fe8                forward_dense_integer_SSSA
 .text.ai_check_custom_types
                0x080081f4       0x54 ../Middlewares/ST/AI/Lib/NetworkRuntime600_CM7_GCC.a(layers.o)
                0x080081f4                ai_check_custom_types
 .text.ai_layers_init_all
                0x08008248       0x28 ../Middlewares/ST/AI/Lib/NetworkRuntime600_CM7_GCC.a(layers.o)
                0x08008248                ai_layers_init_all
 .text.ai_layers_post_init_all
                0x08008270       0x2c ../Middlewares/ST/AI/Lib/NetworkRuntime600_CM7_GCC.a(layers.o)
                0x08008270                ai_layers_post_init_all
 .text.ai_layers_forward_all
                0x0800829c       0x98 ../Middlewares/ST/AI/Lib/NetworkRuntime600_CM7_GCC.a(layers.o)
                0x0800829c                ai_layers_forward_all
 .text.arm_fully_connected_s8
                0x08008334       0x5c ../Middlewares/ST/AI/Lib/NetworkRuntime600_CM7_GCC.a(arm_fully_connected_s8.o)
                0x08008334                arm_fully_connected_s8
 .text.arm_fully_connected_s8_get_buffer_size
                0x08008390        0x4 ../Middlewares/ST/AI/Lib/NetworkRuntime600_CM7_GCC.a(arm_fully_connected_s8.o)
                0x08008390                arm_fully_connected_s8_get_buffer_size
 .text.arm_nn_vec_mat_mult_t_s8
                0x08008394      0x900 ../Middlewares/ST/AI/Lib/NetworkRuntime600_CM7_GCC.a(arm_nn_vec_mat_mult_t_s8.o)
                0x08008394                arm_nn_vec_mat_mult_t_s8
 .text.align_factor_cmsisnn
                0x08008c94       0xdc ../Middlewares/ST/AI/Lib/NetworkRuntime600_CM7_GCC.a(st_convolve_reference.o)
                0x08008c94                align_factor_cmsisnn
 .text.ai_array_to_buffer_fmt
                0x08008d70       0x98 ../Middlewares/ST/AI/Lib/NetworkRuntime600_CM7_GCC.a(ai_datatypes_format.o)
                0x08008d70                ai_array_to_buffer_fmt
 .text.ai_array_get_byte_size
                0x08008e08       0x50 ../Middlewares/ST/AI/Lib/NetworkRuntime600_CM7_GCC.a(ai_datatypes_format.o)
                0x08008e08                ai_array_get_byte_size
 *(.glue_7)
 .glue_7        0x08008e58        0x0 linker stubs
 *(.glue_7t)
 .glue_7t       0x08008e58        0x0 linker stubs
 *(.eh_frame)
 .eh_frame      0x08008e58        0x0 /usr/lib/gcc/arm-none-eabi/8.3.1/thumb/v7e-m+fp/hard/crtbegin.o
 *(.init)
 .init          0x08008e58        0x4 /usr/lib/gcc/arm-none-eabi/8.3.1/thumb/v7e-m+fp/hard/crti.o
                0x08008e58                _init
 .init          0x08008e5c        0x8 /usr/lib/gcc/arm-none-eabi/8.3.1/thumb/v7e-m+fp/hard/crtn.o
 *(.fini)
 .fini          0x08008e64        0x4 /usr/lib/gcc/arm-none-eabi/8.3.1/thumb/v7e-m+fp/hard/crti.o
                0x08008e64                _fini
 .fini          0x08008e68        0x8 /usr/lib/gcc/arm-none-eabi/8.3.1/thumb/v7e-m+fp/hard/crtn.o
                0x08008e70                . = ALIGN (0x4)
                0x08008e70                _etext = .

.vfp11_veneer   0x08008e70        0x0
 .vfp11_veneer  0x08008e70        0x0 linker stubs

.v4_bx          0x08008e70        0x0
 .v4_bx         0x08008e70        0x0 linker stubs

.iplt           0x08008e70        0x0
 .iplt          0x08008e70        0x0 /usr/lib/gcc/arm-none-eabi/8.3.1/thumb/v7e-m+fp/hard/crtbegin.o

.rodata         0x08008e80      0x788
                0x08008e80                . = ALIGN (0x4)
 *(.rodata)
 .rodata        0x08008e80       0x30 ./Core/Src/main.o
 .rodata        0x08008eb0        0x4 ../Middlewares/ST/AI/Lib/NetworkRuntime600_CM7_GCC.a(layers.o)
 .rodata        0x08008eb4        0x4 /usr/lib/gcc/arm-none-eabi/8.3.1/../../../arm-none-eabi/lib/thumb/v7e-m+fp/hard/libc_nano.a(lib_a-impure.o)
                0x08008eb4                _global_impure_ptr
 .rodata        0x08008eb8      0x128 /usr/lib/gcc/arm-none-eabi/8.3.1/../../../arm-none-eabi/lib/thumb/v7e-m+fp/hard/libc_nano.a(lib_a-mprec.o)
                0x08008ec8                __mprec_tens
                0x08008f90                __mprec_tinytens
                0x08008fb8                __mprec_bigtens
 .rodata        0x08008fe0      0x101 /usr/lib/gcc/arm-none-eabi/8.3.1/../../../arm-none-eabi/lib/thumb/v7e-m+fp/hard/libc_nano.a(lib_a-ctype_.o)
                0x08008fe0                _ctype_
 *fill*         0x080090e1        0x3 
 .rodata        0x080090e4       0x60 /usr/lib/gcc/arm-none-eabi/8.3.1/../../../arm-none-eabi/lib/thumb/v7e-m+fp/hard/libc_nano.a(lib_a-findfp.o)
                0x080090e4                __sf_fake_stderr
                0x08009104                __sf_fake_stdout
                0x08009124                __sf_fake_stdin
 *(.rodata*)
 .rodata.main.str1.4
                0x08009144       0x90 ./Core/Src/main.o
 .rodata.AHBPrescTable
                0x080091d4       0x10 ./Core/Src/system_stm32f7xx.o
                0x080091d4                AHBPrescTable
 .rodata.APBPrescTable
                0x080091e4        0x8 ./Core/Src/system_stm32f7xx.o
                0x080091e4                APBPrescTable
 .rodata.CSWTCH.53
                0x080091ec        0x3 ./Drivers/STM32F7xx_HAL_Driver/Src/stm32f7xx_hal_uart.o
 *fill*         0x080091ef        0x1 
 .rodata.CSWTCH.54
                0x080091f0        0xd ./Drivers/STM32F7xx_HAL_Driver/Src/stm32f7xx_hal_uart.o
 *fill*         0x080091fd        0x3 
 .rodata.__compound_literal.0
                0x08009200        0x4 ./X-CUBE-AI/App/network.o
 .rodata.__compound_literal.1
                0x08009204        0x1 ./X-CUBE-AI/App/network.o
 *fill*         0x08009205        0x3 
 .rodata.__compound_literal.10
                0x08009208        0x1 ./X-CUBE-AI/App/network.o
 *fill*         0x08009209        0x3 
 .rodata.__compound_literal.11
                0x0800920c        0x8 ./X-CUBE-AI/App/network.o
 .rodata.__compound_literal.12
                0x08009214        0x4 ./X-CUBE-AI/App/network.o
 .rodata.__compound_literal.13
                0x08009218        0x1 ./X-CUBE-AI/App/network.o
 *fill*         0x08009219        0x3 
 .rodata.__compound_literal.14
                0x0800921c        0x8 ./X-CUBE-AI/App/network.o
 .rodata.__compound_literal.15
                0x08009224        0x4 ./X-CUBE-AI/App/network.o
 .rodata.__compound_literal.16
                0x08009228        0x1 ./X-CUBE-AI/App/network.o
 *fill*         0x08009229        0x3 
 .rodata.__compound_literal.17
                0x0800922c        0x8 ./X-CUBE-AI/App/network.o
 .rodata.__compound_literal.18
                0x08009234        0x4 ./X-CUBE-AI/App/network.o
 .rodata.__compound_literal.19
                0x08009238        0x1 ./X-CUBE-AI/App/network.o
 *fill*         0x08009239        0x3 
 .rodata.__compound_literal.2
                0x0800923c        0x8 ./X-CUBE-AI/App/network.o
 .rodata.__compound_literal.20
                0x08009244        0x8 ./X-CUBE-AI/App/network.o
 .rodata.__compound_literal.21
                0x0800924c        0x4 ./X-CUBE-AI/App/network.o
 .rodata.__compound_literal.22
                0x08009250        0x1 ./X-CUBE-AI/App/network.o
 *fill*         0x08009251        0x3 
 .rodata.__compound_literal.23
                0x08009254        0x8 ./X-CUBE-AI/App/network.o
 .rodata.__compound_literal.24
                0x0800925c        0x4 ./X-CUBE-AI/App/network.o
 .rodata.__compound_literal.25
                0x08009260        0x1 ./X-CUBE-AI/App/network.o
 *fill*         0x08009261        0x3 
 .rodata.__compound_literal.26
                0x08009264        0x8 ./X-CUBE-AI/App/network.o
 .rodata.__compound_literal.27
                0x0800926c        0x4 ./X-CUBE-AI/App/network.o
 .rodata.__compound_literal.28
                0x08009270        0x1 ./X-CUBE-AI/App/network.o
 *fill*         0x08009271        0x3 
 .rodata.__compound_literal.29
                0x08009274        0x8 ./X-CUBE-AI/App/network.o
 .rodata.__compound_literal.3
                0x0800927c        0x4 ./X-CUBE-AI/App/network.o
 .rodata.__compound_literal.4
                0x08009280        0x1 ./X-CUBE-AI/App/network.o
 *fill*         0x08009281        0x3 
 .rodata.__compound_literal.5
                0x08009284        0x8 ./X-CUBE-AI/App/network.o
 .rodata.__compound_literal.6
                0x0800928c        0x4 ./X-CUBE-AI/App/network.o
 .rodata.__compound_literal.7
                0x08009290        0x1 ./X-CUBE-AI/App/network.o
 *fill*         0x08009291        0x3 
 .rodata.__compound_literal.8
                0x08009294        0x8 ./X-CUBE-AI/App/network.o
 .rodata.__compound_literal.9
                0x0800929c        0x4 ./X-CUBE-AI/App/network.o
 .rodata.dense_0_bias_intq
                0x080092a0        0x8 ./X-CUBE-AI/App/network.o
 .rodata.dense_0_chain
                0x080092a8        0x8 ./X-CUBE-AI/App/network.o
 .rodata.dense_0_output_intq
                0x080092b0        0x8 ./X-CUBE-AI/App/network.o
 .rodata.dense_0_weights_intq
                0x080092b8        0x8 ./X-CUBE-AI/App/network.o
 .rodata.dense_1_bias_intq
                0x080092c0        0x8 ./X-CUBE-AI/App/network.o
 .rodata.dense_1_chain
                0x080092c8        0x8 ./X-CUBE-AI/App/network.o
 .rodata.dense_1_output_intq
                0x080092d0        0x8 ./X-CUBE-AI/App/network.o
 .rodata.dense_1_weights_intq
                0x080092d8        0x8 ./X-CUBE-AI/App/network.o
 .rodata.dense_2_bias_intq
                0x080092e0        0x8 ./X-CUBE-AI/App/network.o
 .rodata.dense_2_chain
                0x080092e8        0x8 ./X-CUBE-AI/App/network.o
 .rodata.dense_2_output_intq
                0x080092f0        0x8 ./X-CUBE-AI/App/network.o
 .rodata.dense_2_weights_intq
                0x080092f8        0x8 ./X-CUBE-AI/App/network.o
 .rodata.serving_default_dense_2_input0_output_intq
                0x08009300        0x8 ./X-CUBE-AI/App/network.o
 *fill*         0x08009308       0x18 
 .rodata.s_network_weights.0
                0x08009320      0x1a4 ./X-CUBE-AI/App/network_data.o
 .rodata.str1.4
                0x080094c4       0x12 /usr/lib/gcc/arm-none-eabi/8.3.1/../../../arm-none-eabi/lib/thumb/v7e-m+fp/hard/libc_nano.a(lib_a-nano-vfprintf_float.o)
 *fill*         0x080094d6        0x2 
 .rodata.str1.4
                0x080094d8       0x25 /usr/lib/gcc/arm-none-eabi/8.3.1/../../../arm-none-eabi/lib/thumb/v7e-m+fp/hard/libc_nano.a(lib_a-nano-vfprintf_i.o)
 *fill*         0x080094fd        0x3 
 .rodata.str1.4
                0x08009500       0x6d /usr/lib/gcc/arm-none-eabi/8.3.1/../../../arm-none-eabi/lib/thumb/v7e-m+fp/hard/libc_nano.a(lib_a-dtoa.o)
                                 0x71 (size before relaxing)
 *fill*         0x0800956d        0x3 
 .rodata.str1.4
                0x08009570       0x33 /usr/lib/gcc/arm-none-eabi/8.3.1/../../../arm-none-eabi/lib/thumb/v7e-m+fp/hard/libc_nano.a(lib_a-mprec.o)
                                 0x5d (size before relaxing)
 *fill*         0x080095a3        0x1 
 .rodata.str1.4
                0x080095a4       0x13 /usr/lib/gcc/arm-none-eabi/8.3.1/../../../arm-none-eabi/lib/thumb/v7e-m+fp/hard/libc_nano.a(lib_a-nano-svfprintf.o)
 *fill*         0x080095b7        0x1 
 .rodata.str1.4
                0x080095b8       0x3f /usr/lib/gcc/arm-none-eabi/8.3.1/../../../arm-none-eabi/lib/thumb/v7e-m+fp/hard/libc_nano.a(lib_a-assert.o)
                                 0x43 (size before relaxing)
 *fill*         0x080095f7        0x1 
 .rodata.str1.4
                0x080095f8        0xe /usr/lib/gcc/arm-none-eabi/8.3.1/../../../arm-none-eabi/lib/thumb/v7e-m+fp/hard/libc_nano.a(lib_a-locale.o)
                                 0x12 (size before relaxing)
 .rodata.str1.4
                0x08009606       0x13 /usr/lib/gcc/arm-none-eabi/8.3.1/../../../arm-none-eabi/lib/thumb/v7e-m+fp/hard/libc_nano.a(lib_a-nano-vfprintf.o)
                0x0800961c                . = ALIGN (0x4)
 *fill*         0x08009606        0x2 

.ARM.extab      0x08009608        0x0
                0x08009608                . = ALIGN (0x4)
 *(.ARM.extab* .gnu.linkonce.armextab.*)
                0x08009608                . = ALIGN (0x4)

.ARM            0x08009608        0x8
                0x08009608                . = ALIGN (0x4)
                0x08009608                __exidx_start = .
 *(.ARM.exidx*)
 .ARM.exidx     0x08009608        0x8 /usr/lib/gcc/arm-none-eabi/8.3.1/thumb/v7e-m+fp/hard/libgcc.a(_udivmoddi4.o)
                0x08009610                __exidx_end = .
                0x08009610                . = ALIGN (0x4)

.rel.dyn        0x08009610        0x0
 .rel.iplt      0x08009610        0x0 /usr/lib/gcc/arm-none-eabi/8.3.1/thumb/v7e-m+fp/hard/crtbegin.o

.preinit_array  0x08009610        0x0
                0x08009610                . = ALIGN (0x4)
                0x08009610                PROVIDE (__preinit_array_start = .)
 *(.preinit_array*)
                0x08009610                PROVIDE (__preinit_array_end = .)
                0x08009610                . = ALIGN (0x4)

.init_array     0x08009610        0x4
                0x08009610                . = ALIGN (0x4)
                0x08009610                PROVIDE (__init_array_start = .)
 *(SORT_BY_NAME(.init_array.*))
 *(.init_array*)
 .init_array    0x08009610        0x4 /usr/lib/gcc/arm-none-eabi/8.3.1/thumb/v7e-m+fp/hard/crtbegin.o
                0x08009614                PROVIDE (__init_array_end = .)
                0x08009614                . = ALIGN (0x4)

.fini_array     0x08009614        0x4
                0x08009614                . = ALIGN (0x4)
                0x08009614                PROVIDE (__fini_array_start = .)
 *(SORT_BY_NAME(.fini_array.*))
 *(.fini_array*)
 .fini_array    0x08009614        0x4 /usr/lib/gcc/arm-none-eabi/8.3.1/thumb/v7e-m+fp/hard/crtbegin.o
                0x08009618                PROVIDE (__fini_array_end = .)
                0x08009618                . = ALIGN (0x4)
                0x08009618                _sidata = LOADADDR (.data)

.data           0x20000000      0x688 load address 0x08009618
                0x20000000                . = ALIGN (0x4)
                0x20000000                _sdata = .
 *(.data)
 .data          0x20000000       0x64 /usr/lib/gcc/arm-none-eabi/8.3.1/../../../arm-none-eabi/lib/thumb/v7e-m+fp/hard/libc_nano.a(lib_a-impure.o)
                0x20000000                _impure_ptr
 .data          0x20000064      0x16c /usr/lib/gcc/arm-none-eabi/8.3.1/../../../arm-none-eabi/lib/thumb/v7e-m+fp/hard/libc_nano.a(lib_a-locale.o)
                0x20000064                __global_locale
 *(.data*)
 .data.SystemCoreClock
                0x200001d0        0x4 ./Core/Src/system_stm32f7xx.o
                0x200001d0                SystemCoreClock
 .data.uwTickFreq
                0x200001d4        0x1 ./Drivers/STM32F7xx_HAL_Driver/Src/stm32f7xx_hal.o
                0x200001d4                uwTickFreq
 *fill*         0x200001d5        0x3 
 .data.uwTickPrio
                0x200001d8        0x4 ./Drivers/STM32F7xx_HAL_Driver/Src/stm32f7xx_hal.o
                0x200001d8                uwTickPrio
 .data.__compound_literal.30
                0x200001dc       0x10 ./X-CUBE-AI/App/network.o
 .data.__compound_literal.31
                0x200001ec       0x10 ./X-CUBE-AI/App/network.o
 .data.__compound_literal.32
                0x200001fc       0x10 ./X-CUBE-AI/App/network.o
 .data.__compound_literal.33
                0x2000020c       0x10 ./X-CUBE-AI/App/network.o
 .data.__compound_literal.34
                0x2000021c       0x10 ./X-CUBE-AI/App/network.o
 .data.__compound_literal.35
                0x2000022c       0x10 ./X-CUBE-AI/App/network.o
 .data.__compound_literal.36
                0x2000023c       0x10 ./X-CUBE-AI/App/network.o
 .data.__compound_literal.37
                0x2000024c       0x10 ./X-CUBE-AI/App/network.o
 .data.__compound_literal.38
                0x2000025c       0x10 ./X-CUBE-AI/App/network.o
 .data.__compound_literal.39
                0x2000026c       0x10 ./X-CUBE-AI/App/network.o
 .data.__compound_literal.40
                0x2000027c       0x10 ./X-CUBE-AI/App/network.o
 .data.__compound_literal.41
                0x2000028c       0x10 ./X-CUBE-AI/App/network.o
 .data.__compound_literal.42
                0x2000029c       0x10 ./X-CUBE-AI/App/network.o
 .data.__compound_literal.43
                0x200002ac       0x10 ./X-CUBE-AI/App/network.o
 .data.__compound_literal.44
                0x200002bc       0x10 ./X-CUBE-AI/App/network.o
 .data.__compound_literal.45
                0x200002cc       0x10 ./X-CUBE-AI/App/network.o
 .data.__compound_literal.46
                0x200002dc       0x10 ./X-CUBE-AI/App/network.o
 .data.__compound_literal.47
                0x200002ec       0x10 ./X-CUBE-AI/App/network.o
 .data.__compound_literal.48
                0x200002fc       0x10 ./X-CUBE-AI/App/network.o
 .data.__compound_literal.49
                0x2000030c       0x10 ./X-CUBE-AI/App/network.o
 .data.__compound_literal.50
                0x2000031c        0x4 ./X-CUBE-AI/App/network.o
 .data.__compound_literal.51
                0x20000320        0x4 ./X-CUBE-AI/App/network.o
 .data.__compound_literal.52
                0x20000324        0x8 ./X-CUBE-AI/App/network.o
 .data.__compound_literal.54
                0x2000032c       0x30 ./X-CUBE-AI/App/network.o
 .data.__compound_literal.55
                0x2000035c        0x4 ./X-CUBE-AI/App/network.o
 .data.__compound_literal.56
                0x20000360        0x4 ./X-CUBE-AI/App/network.o
 .data.__compound_literal.57
                0x20000364        0x8 ./X-CUBE-AI/App/network.o
 .data.__compound_literal.59
                0x2000036c       0x30 ./X-CUBE-AI/App/network.o
 .data.__compound_literal.60
                0x2000039c        0x4 ./X-CUBE-AI/App/network.o
 .data.__compound_literal.61
                0x200003a0        0x4 ./X-CUBE-AI/App/network.o
 .data.__compound_literal.62
                0x200003a4        0x8 ./X-CUBE-AI/App/network.o
 .data.__compound_literal.64
                0x200003ac       0x30 ./X-CUBE-AI/App/network.o
 .data.__compound_literal.65
                0x200003dc        0x4 ./X-CUBE-AI/App/network.o
 .data.__compound_literal.69
                0x200003e0        0xc ./X-CUBE-AI/App/network.o
 .data.__compound_literal.70
                0x200003ec        0x4 ./X-CUBE-AI/App/network.o
 .data.__compound_literal.74
                0x200003f0        0xc ./X-CUBE-AI/App/network.o
 .data.__compound_literal.75
                0x200003fc       0x18 ./X-CUBE-AI/App/network.o
 .data.dense_0_bias
                0x20000414       0x1c ./X-CUBE-AI/App/network.o
 .data.dense_0_bias_array
                0x20000430       0x10 ./X-CUBE-AI/App/network.o
 .data.dense_0_layer
                0x20000440       0x1c ./X-CUBE-AI/App/network.o
 .data.dense_0_output
                0x2000045c       0x1c ./X-CUBE-AI/App/network.o
 .data.dense_0_output_array
                0x20000478       0x10 ./X-CUBE-AI/App/network.o
 .data.dense_0_weights
                0x20000488       0x1c ./X-CUBE-AI/App/network.o
 .data.dense_0_weights_array
                0x200004a4       0x10 ./X-CUBE-AI/App/network.o
 .data.dense_1_bias
                0x200004b4       0x1c ./X-CUBE-AI/App/network.o
 .data.dense_1_bias_array
                0x200004d0       0x10 ./X-CUBE-AI/App/network.o
 .data.dense_1_layer
                0x200004e0       0x1c ./X-CUBE-AI/App/network.o
 .data.dense_1_output
                0x200004fc       0x1c ./X-CUBE-AI/App/network.o
 .data.dense_1_output_array
                0x20000518       0x10 ./X-CUBE-AI/App/network.o
 .data.dense_1_weights
                0x20000528       0x1c ./X-CUBE-AI/App/network.o
 .data.dense_1_weights_array
                0x20000544       0x10 ./X-CUBE-AI/App/network.o
 .data.dense_2_bias
                0x20000554       0x1c ./X-CUBE-AI/App/network.o
 .data.dense_2_bias_array
                0x20000570       0x10 ./X-CUBE-AI/App/network.o
 .data.dense_2_layer
                0x20000580       0x1c ./X-CUBE-AI/App/network.o
 .data.dense_2_output
                0x2000059c       0x1c ./X-CUBE-AI/App/network.o
 .data.dense_2_output_array
                0x200005b8       0x10 ./X-CUBE-AI/App/network.o
 .data.dense_2_weights
                0x200005c8       0x1c ./X-CUBE-AI/App/network.o
 .data.dense_2_weights_array
                0x200005e4       0x10 ./X-CUBE-AI/App/network.o
 .data.g_network
                0x200005f4       0x64 ./X-CUBE-AI/App/network.o
 .data.serving_default_dense_2_input0_output
                0x20000658       0x1c ./X-CUBE-AI/App/network.o
 *fill*         0x20000674        0x4 
 .data.serving_default_dense_2_input0_output_array
                0x20000678       0x10 ./X-CUBE-AI/App/network.o
 *(.RamFunc)
 *(.RamFunc*)
                0x20000688                . = ALIGN (0x4)
                0x20000688                _edata = .

.tm_clone_table
                0x20000688        0x0 load address 0x08009ca0
 .tm_clone_table
                0x20000688        0x0 /usr/lib/gcc/arm-none-eabi/8.3.1/thumb/v7e-m+fp/hard/crtbegin.o
 .tm_clone_table
                0x20000688        0x0 /usr/lib/gcc/arm-none-eabi/8.3.1/thumb/v7e-m+fp/hard/crtend.o

.igot.plt       0x20000688        0x0 load address 0x08009ca0
 .igot.plt      0x20000688        0x0 /usr/lib/gcc/arm-none-eabi/8.3.1/thumb/v7e-m+fp/hard/crtbegin.o
                0x20000688                . = ALIGN (0x4)

.bss            0x20000688      0x194 load address 0x08009ca0
                0x20000688                _sbss = .
                0x20000688                __bss_start__ = _sbss
 *(.bss)
 .bss           0x20000688       0x1c /usr/lib/gcc/arm-none-eabi/8.3.1/thumb/v7e-m+fp/hard/crtbegin.o
 .bss           0x200006a4        0x8 /usr/lib/gcc/arm-none-eabi/8.3.1/../../../arm-none-eabi/lib/thumb/v7e-m+fp/hard/libc_nano.a(lib_a-nano-mallocr.o)
                0x200006a4                __malloc_free_list
                0x200006a8                __malloc_sbrk_start
 *(.bss*)
 .bss.__sbrk_heap_end
                0x200006ac        0x4 ./Core/Src/sysmem.o
 .bss.uwTick    0x200006b0        0x4 ./Drivers/STM32F7xx_HAL_Driver/Src/stm32f7xx_hal.o
                0x200006b0                uwTick
 .bss.__compound_literal.53
                0x200006b4        0x4 ./X-CUBE-AI/App/network.o
 .bss.__compound_literal.58
                0x200006b8        0x4 ./X-CUBE-AI/App/network.o
 .bss.__compound_literal.63
                0x200006bc        0x4 ./X-CUBE-AI/App/network.o
 .bss.__compound_literal.66
                0x200006c0       0x18 ./X-CUBE-AI/App/network.o
 .bss.__compound_literal.67
                0x200006d8       0x10 ./X-CUBE-AI/App/network.o
 .bss.__compound_literal.68
                0x200006e8        0x8 ./X-CUBE-AI/App/network.o
 .bss.__compound_literal.71
                0x200006f0       0x18 ./X-CUBE-AI/App/network.o
 .bss.__compound_literal.72
                0x20000708       0x10 ./X-CUBE-AI/App/network.o
 .bss.__compound_literal.73
                0x20000718        0x8 ./X-CUBE-AI/App/network.o
 *(COMMON)
 COMMON         0x20000720       0xf8 ./Core/Src/main.o
                0x20000720                hcrc
                0x20000744                huart1
                0x200007cc                htim1
 COMMON         0x20000818        0x4 /usr/lib/gcc/arm-none-eabi/8.3.1/../../../arm-none-eabi/lib/thumb/v7e-m+fp/hard/libc_nano.a(lib_a-reent.o)
                0x20000818                errno
                0x2000081c                . = ALIGN (0x4)
                0x2000081c                _ebss = .
                0x2000081c                __bss_end__ = _ebss

._user_heap_stack
                0x2000081c     0x1204 load address 0x08009ca0
                0x20000820                . = ALIGN (0x8)
 *fill*         0x2000081c        0x4 
                [!provide]                PROVIDE (end = .)
                0x20000820                PROVIDE (_end = .)
                0x20000a20                . = (. + _Min_Heap_Size)
 *fill*         0x20000820      0x200 
                0x20001a20                . = (. + _Min_Stack_Size)
 *fill*         0x20000a20     0x1000 
                0x20001a20                . = ALIGN (0x8)

/DISCARD/
 libc.a(*)
 libm.a(*)
 libgcc.a(*)

.ARM.attributes
                0x00000000       0x30
 *(.ARM.attributes)
 .ARM.attributes
                0x00000000       0x1e /usr/lib/gcc/arm-none-eabi/8.3.1/thumb/v7e-m+fp/hard/crti.o
 .ARM.attributes
                0x0000001e       0x34 /usr/lib/gcc/arm-none-eabi/8.3.1/thumb/v7e-m+fp/hard/crtbegin.o
 .ARM.attributes
                0x00000052       0x34 ./Core/Src/main.o
 .ARM.attributes
                0x00000086       0x34 ./Core/Src/stm32f7xx_hal_msp.o
 .ARM.attributes
                0x000000ba       0x34 ./Core/Src/stm32f7xx_it.o
 .ARM.attributes
                0x000000ee       0x34 ./Core/Src/sysmem.o
 .ARM.attributes
                0x00000122       0x34 ./Core/Src/system_stm32f7xx.o
 .ARM.attributes
                0x00000156       0x21 ./Core/Startup/startup_stm32f746nghx.o
 .ARM.attributes
                0x00000177       0x34 ./Drivers/STM32F7xx_HAL_Driver/Src/stm32f7xx_hal.o
 .ARM.attributes
                0x000001ab       0x34 ./Drivers/STM32F7xx_HAL_Driver/Src/stm32f7xx_hal_cortex.o
 .ARM.attributes
                0x000001df       0x34 ./Drivers/STM32F7xx_HAL_Driver/Src/stm32f7xx_hal_crc.o
 .ARM.attributes
                0x00000213       0x34 ./Drivers/STM32F7xx_HAL_Driver/Src/stm32f7xx_hal_crc_ex.o
 .ARM.attributes
                0x00000247       0x34 ./Drivers/STM32F7xx_HAL_Driver/Src/stm32f7xx_hal_gpio.o
 .ARM.attributes
                0x0000027b       0x34 ./Drivers/STM32F7xx_HAL_Driver/Src/stm32f7xx_hal_pwr_ex.o
 .ARM.attributes
                0x000002af       0x34 ./Drivers/STM32F7xx_HAL_Driver/Src/stm32f7xx_hal_rcc.o
 .ARM.attributes
                0x000002e3       0x34 ./Drivers/STM32F7xx_HAL_Driver/Src/stm32f7xx_hal_rcc_ex.o
 .ARM.attributes
                0x00000317       0x34 ./Drivers/STM32F7xx_HAL_Driver/Src/stm32f7xx_hal_tim.o
 .ARM.attributes
                0x0000034b       0x34 ./Drivers/STM32F7xx_HAL_Driver/Src/stm32f7xx_hal_tim_ex.o
 .ARM.attributes
                0x0000037f       0x34 ./Drivers/STM32F7xx_HAL_Driver/Src/stm32f7xx_hal_uart.o
 .ARM.attributes
                0x000003b3       0x34 ./X-CUBE-AI/App/network.o
 .ARM.attributes
                0x000003e7       0x34 ./X-CUBE-AI/App/network_data.o
 .ARM.attributes
                0x0000041b       0x35 ../Middlewares/ST/AI/Lib/NetworkRuntime600_CM7_GCC.a(ai_platform_interface.o)
 .ARM.attributes
                0x00000450       0x35 ../Middlewares/ST/AI/Lib/NetworkRuntime600_CM7_GCC.a(core_common.o)
 .ARM.attributes
                0x00000485       0x35 ../Middlewares/ST/AI/Lib/NetworkRuntime600_CM7_GCC.a(layers_conv2d_stm32_integer.o)
 .ARM.attributes
                0x000004ba       0x35 ../Middlewares/ST/AI/Lib/NetworkRuntime600_CM7_GCC.a(layers.o)
 .ARM.attributes
                0x000004ef       0x35 ../Middlewares/ST/AI/Lib/NetworkRuntime600_CM7_GCC.a(arm_fully_connected_s8.o)
 .ARM.attributes
                0x00000524       0x35 ../Middlewares/ST/AI/Lib/NetworkRuntime600_CM7_GCC.a(arm_nn_vec_mat_mult_t_s8.o)
 .ARM.attributes
                0x00000559       0x35 ../Middlewares/ST/AI/Lib/NetworkRuntime600_CM7_GCC.a(st_convolve_reference.o)
 .ARM.attributes
                0x0000058e       0x35 ../Middlewares/ST/AI/Lib/NetworkRuntime600_CM7_GCC.a(ai_datatypes_format.o)
 .ARM.attributes
                0x000005c3       0x34 /usr/lib/gcc/arm-none-eabi/8.3.1/../../../arm-none-eabi/lib/thumb/v7e-m+fp/hard/libc_nano.a(lib_a-errno.o)
 .ARM.attributes
                0x000005f7       0x32 /usr/lib/gcc/arm-none-eabi/8.3.1/../../../arm-none-eabi/lib/thumb/v7e-m+fp/hard/libc_nano.a(lib_a-impure.o)
 .ARM.attributes
                0x00000629       0x34 /usr/lib/gcc/arm-none-eabi/8.3.1/../../../arm-none-eabi/lib/thumb/v7e-m+fp/hard/libc_nano.a(lib_a-init.o)
 .ARM.attributes
                0x0000065d       0x34 /usr/lib/gcc/arm-none-eabi/8.3.1/../../../arm-none-eabi/lib/thumb/v7e-m+fp/hard/libc_nano.a(lib_a-malloc.o)
 .ARM.attributes
                0x00000691       0x1c /usr/lib/gcc/arm-none-eabi/8.3.1/../../../arm-none-eabi/lib/thumb/v7e-m+fp/hard/libc_nano.a(lib_a-memcpy.o)
 .ARM.attributes
                0x000006ad       0x34 /usr/lib/gcc/arm-none-eabi/8.3.1/../../../arm-none-eabi/lib/thumb/v7e-m+fp/hard/libc_nano.a(lib_a-memset.o)
 .ARM.attributes
                0x000006e1       0x34 /usr/lib/gcc/arm-none-eabi/8.3.1/../../../arm-none-eabi/lib/thumb/v7e-m+fp/hard/libc_nano.a(lib_a-nano-freer.o)
 .ARM.attributes
                0x00000715       0x34 /usr/lib/gcc/arm-none-eabi/8.3.1/../../../arm-none-eabi/lib/thumb/v7e-m+fp/hard/libc_nano.a(lib_a-nano-mallocr.o)
 .ARM.attributes
                0x00000749       0x34 /usr/lib/gcc/arm-none-eabi/8.3.1/../../../arm-none-eabi/lib/thumb/v7e-m+fp/hard/libc_nano.a(lib_a-nano-vfprintf_float.o)
 .ARM.attributes
                0x0000077d       0x34 /usr/lib/gcc/arm-none-eabi/8.3.1/../../../arm-none-eabi/lib/thumb/v7e-m+fp/hard/libc_nano.a(lib_a-nano-vfprintf_i.o)
 .ARM.attributes
                0x000007b1       0x34 /usr/lib/gcc/arm-none-eabi/8.3.1/../../../arm-none-eabi/lib/thumb/v7e-m+fp/hard/libc_nano.a(lib_a-sbrkr.o)
 .ARM.attributes
                0x000007e5       0x34 /usr/lib/gcc/arm-none-eabi/8.3.1/../../../arm-none-eabi/lib/thumb/v7e-m+fp/hard/libc_nano.a(lib_a-sprintf.o)
 .ARM.attributes
                0x00000819       0x1c /usr/lib/gcc/arm-none-eabi/8.3.1/../../../arm-none-eabi/lib/thumb/v7e-m+fp/hard/libc_nano.a(lib_a-strlen.o)
 .ARM.attributes
                0x00000835       0x34 /usr/lib/gcc/arm-none-eabi/8.3.1/../../../arm-none-eabi/lib/thumb/v7e-m+fp/hard/libc_nano.a(lib_a-dtoa.o)
 .ARM.attributes
                0x00000869       0x34 /usr/lib/gcc/arm-none-eabi/8.3.1/../../../arm-none-eabi/lib/thumb/v7e-m+fp/hard/libc_nano.a(lib_a-localeconv.o)
 .ARM.attributes
                0x0000089d       0x1c /usr/lib/gcc/arm-none-eabi/8.3.1/../../../arm-none-eabi/lib/thumb/v7e-m+fp/hard/libc_nano.a(lib_a-memchr.o)
 .ARM.attributes
                0x000008b9       0x34 /usr/lib/gcc/arm-none-eabi/8.3.1/../../../arm-none-eabi/lib/thumb/v7e-m+fp/hard/libc_nano.a(lib_a-mlock.o)
 .ARM.attributes
                0x000008ed       0x34 /usr/lib/gcc/arm-none-eabi/8.3.1/../../../arm-none-eabi/lib/thumb/v7e-m+fp/hard/libc_nano.a(lib_a-mprec.o)
 .ARM.attributes
                0x00000921       0x34 /usr/lib/gcc/arm-none-eabi/8.3.1/../../../arm-none-eabi/lib/thumb/v7e-m+fp/hard/libc_nano.a(lib_a-nano-callocr.o)
 .ARM.attributes
                0x00000955       0x34 /usr/lib/gcc/arm-none-eabi/8.3.1/../../../arm-none-eabi/lib/thumb/v7e-m+fp/hard/libc_nano.a(lib_a-nano-reallocr.o)
 .ARM.attributes
                0x00000989       0x34 /usr/lib/gcc/arm-none-eabi/8.3.1/../../../arm-none-eabi/lib/thumb/v7e-m+fp/hard/libc_nano.a(lib_a-nano-svfprintf.o)
 .ARM.attributes
                0x000009bd       0x34 /usr/lib/gcc/arm-none-eabi/8.3.1/../../../arm-none-eabi/lib/thumb/v7e-m+fp/hard/libc_nano.a(lib_a-reent.o)
 .ARM.attributes
                0x000009f1       0x34 /usr/lib/gcc/arm-none-eabi/8.3.1/../../../arm-none-eabi/lib/thumb/v7e-m+fp/hard/libc_nano.a(lib_a-assert.o)
 .ARM.attributes
                0x00000a25       0x34 /usr/lib/gcc/arm-none-eabi/8.3.1/../../../arm-none-eabi/lib/thumb/v7e-m+fp/hard/libc_nano.a(lib_a-fprintf.o)
 .ARM.attributes
                0x00000a59       0x34 /usr/lib/gcc/arm-none-eabi/8.3.1/../../../arm-none-eabi/lib/thumb/v7e-m+fp/hard/libc_nano.a(lib_a-locale.o)
 .ARM.attributes
                0x00000a8d       0x34 /usr/lib/gcc/arm-none-eabi/8.3.1/../../../arm-none-eabi/lib/thumb/v7e-m+fp/hard/libc_nano.a(lib_a-mbtowc_r.o)
 .ARM.attributes
                0x00000ac1       0x34 /usr/lib/gcc/arm-none-eabi/8.3.1/../../../arm-none-eabi/lib/thumb/v7e-m+fp/hard/libc_nano.a(lib_a-memmove.o)
 .ARM.attributes
                0x00000af5       0x34 /usr/lib/gcc/arm-none-eabi/8.3.1/../../../arm-none-eabi/lib/thumb/v7e-m+fp/hard/libc_nano.a(lib_a-nano-msizer.o)
 .ARM.attributes
                0x00000b29       0x34 /usr/lib/gcc/arm-none-eabi/8.3.1/../../../arm-none-eabi/lib/thumb/v7e-m+fp/hard/libc_nano.a(lib_a-nano-vfprintf.o)
 .ARM.attributes
                0x00000b5d       0x34 /usr/lib/gcc/arm-none-eabi/8.3.1/../../../arm-none-eabi/lib/thumb/v7e-m+fp/hard/libc_nano.a(lib_a-wbuf.o)
 .ARM.attributes
                0x00000b91       0x34 /usr/lib/gcc/arm-none-eabi/8.3.1/../../../arm-none-eabi/lib/thumb/v7e-m+fp/hard/libc_nano.a(lib_a-wctomb_r.o)
 .ARM.attributes
                0x00000bc5       0x34 /usr/lib/gcc/arm-none-eabi/8.3.1/../../../arm-none-eabi/lib/thumb/v7e-m+fp/hard/libc_nano.a(lib_a-wsetup.o)
 .ARM.attributes
                0x00000bf9       0x34 /usr/lib/gcc/arm-none-eabi/8.3.1/../../../arm-none-eabi/lib/thumb/v7e-m+fp/hard/libc_nano.a(lib_a-abort.o)
 .ARM.attributes
                0x00000c2d       0x32 /usr/lib/gcc/arm-none-eabi/8.3.1/../../../arm-none-eabi/lib/thumb/v7e-m+fp/hard/libc_nano.a(lib_a-ctype_.o)
 .ARM.attributes
                0x00000c5f       0x34 /usr/lib/gcc/arm-none-eabi/8.3.1/../../../arm-none-eabi/lib/thumb/v7e-m+fp/hard/libc_nano.a(lib_a-fflush.o)
 .ARM.attributes
                0x00000c93       0x34 /usr/lib/gcc/arm-none-eabi/8.3.1/../../../arm-none-eabi/lib/thumb/v7e-m+fp/hard/libc_nano.a(lib_a-findfp.o)
 .ARM.attributes
                0x00000cc7       0x34 /usr/lib/gcc/arm-none-eabi/8.3.1/../../../arm-none-eabi/lib/thumb/v7e-m+fp/hard/libc_nano.a(lib_a-fvwrite.o)
 .ARM.attributes
                0x00000cfb       0x34 /usr/lib/gcc/arm-none-eabi/8.3.1/../../../arm-none-eabi/lib/thumb/v7e-m+fp/hard/libc_nano.a(lib_a-fwalk.o)
 .ARM.attributes
                0x00000d2f       0x34 /usr/lib/gcc/arm-none-eabi/8.3.1/../../../arm-none-eabi/lib/thumb/v7e-m+fp/hard/libc_nano.a(lib_a-makebuf.o)
 .ARM.attributes
                0x00000d63       0x34 /usr/lib/gcc/arm-none-eabi/8.3.1/../../../arm-none-eabi/lib/thumb/v7e-m+fp/hard/libc_nano.a(lib_a-signal.o)
 .ARM.attributes
                0x00000d97       0x34 /usr/lib/gcc/arm-none-eabi/8.3.1/../../../arm-none-eabi/lib/thumb/v7e-m+fp/hard/libc_nano.a(lib_a-signalr.o)
 .ARM.attributes
                0x00000dcb       0x34 /usr/lib/gcc/arm-none-eabi/8.3.1/../../../arm-none-eabi/lib/thumb/v7e-m+fp/hard/libc_nano.a(lib_a-stdio.o)
 .ARM.attributes
                0x00000dff       0x34 /usr/lib/gcc/arm-none-eabi/8.3.1/../../../arm-none-eabi/lib/thumb/v7e-m+fp/hard/libc_nano.a(lib_a-writer.o)
 .ARM.attributes
                0x00000e33       0x34 /usr/lib/gcc/arm-none-eabi/8.3.1/../../../arm-none-eabi/lib/thumb/v7e-m+fp/hard/libc_nano.a(lib_a-closer.o)
 .ARM.attributes
                0x00000e67       0x34 /usr/lib/gcc/arm-none-eabi/8.3.1/../../../arm-none-eabi/lib/thumb/v7e-m+fp/hard/libc_nano.a(lib_a-fstatr.o)
 .ARM.attributes
                0x00000e9b       0x34 /usr/lib/gcc/arm-none-eabi/8.3.1/../../../arm-none-eabi/lib/thumb/v7e-m+fp/hard/libc_nano.a(lib_a-isattyr.o)
 .ARM.attributes
                0x00000ecf       0x34 /usr/lib/gcc/arm-none-eabi/8.3.1/../../../arm-none-eabi/lib/thumb/v7e-m+fp/hard/libc_nano.a(lib_a-lseekr.o)
 .ARM.attributes
                0x00000f03       0x34 /usr/lib/gcc/arm-none-eabi/8.3.1/../../../arm-none-eabi/lib/thumb/v7e-m+fp/hard/libc_nano.a(lib_a-readr.o)
 .ARM.attributes
                0x00000f37       0x1e /usr/lib/gcc/arm-none-eabi/8.3.1/thumb/v7e-m+fp/hard/libgcc.a(_arm_addsubdf3.o)
 .ARM.attributes
                0x00000f55       0x1e /usr/lib/gcc/arm-none-eabi/8.3.1/thumb/v7e-m+fp/hard/libgcc.a(_arm_muldivdf3.o)
 .ARM.attributes
                0x00000f73       0x1e /usr/lib/gcc/arm-none-eabi/8.3.1/thumb/v7e-m+fp/hard/libgcc.a(_arm_cmpdf2.o)
 .ARM.attributes
                0x00000f91       0x1e /usr/lib/gcc/arm-none-eabi/8.3.1/thumb/v7e-m+fp/hard/libgcc.a(_arm_unorddf2.o)
 .ARM.attributes
                0x00000faf       0x1e /usr/lib/gcc/arm-none-eabi/8.3.1/thumb/v7e-m+fp/hard/libgcc.a(_arm_fixdfsi.o)
 .ARM.attributes
                0x00000fcd       0x1e /usr/lib/gcc/arm-none-eabi/8.3.1/thumb/v7e-m+fp/hard/libgcc.a(_aeabi_uldivmod.o)
 .ARM.attributes
                0x00000feb       0x34 /usr/lib/gcc/arm-none-eabi/8.3.1/thumb/v7e-m+fp/hard/libgcc.a(_fixsfdi.o)
 .ARM.attributes
                0x0000101f       0x34 /usr/lib/gcc/arm-none-eabi/8.3.1/thumb/v7e-m+fp/hard/libgcc.a(_fixunssfdi.o)
 .ARM.attributes
                0x00001053       0x34 /usr/lib/gcc/arm-none-eabi/8.3.1/thumb/v7e-m+fp/hard/libgcc.a(_udivmoddi4.o)
 .ARM.attributes
                0x00001087       0x1e /usr/lib/gcc/arm-none-eabi/8.3.1/thumb/v7e-m+fp/hard/libgcc.a(_dvmd_tls.o)
 .ARM.attributes
                0x000010a5       0x1e /usr/lib/gcc/arm-none-eabi/8.3.1/thumb/v7e-m+fp/hard/libgcc.a(_arm_fixunsdfsi.o)
 .ARM.attributes
                0x000010c3       0x34 /usr/lib/gcc/arm-none-eabi/8.3.1/../../../arm-none-eabi/lib/thumb/v7e-m+fp/hard/libnosys.a(close.o)
 .ARM.attributes
                0x000010f7       0x34 /usr/lib/gcc/arm-none-eabi/8.3.1/../../../arm-none-eabi/lib/thumb/v7e-m+fp/hard/libnosys.a(fstat.o)
 .ARM.attributes
                0x0000112b       0x34 /usr/lib/gcc/arm-none-eabi/8.3.1/../../../arm-none-eabi/lib/thumb/v7e-m+fp/hard/libnosys.a(getpid.o)
 .ARM.attributes
                0x0000115f       0x34 /usr/lib/gcc/arm-none-eabi/8.3.1/../../../arm-none-eabi/lib/thumb/v7e-m+fp/hard/libnosys.a(isatty.o)
 .ARM.attributes
                0x00001193       0x34 /usr/lib/gcc/arm-none-eabi/8.3.1/../../../arm-none-eabi/lib/thumb/v7e-m+fp/hard/libnosys.a(kill.o)
 .ARM.attributes
                0x000011c7       0x34 /usr/lib/gcc/arm-none-eabi/8.3.1/../../../arm-none-eabi/lib/thumb/v7e-m+fp/hard/libnosys.a(lseek.o)
 .ARM.attributes
                0x000011fb       0x34 /usr/lib/gcc/arm-none-eabi/8.3.1/../../../arm-none-eabi/lib/thumb/v7e-m+fp/hard/libnosys.a(read.o)
 .ARM.attributes
                0x0000122f       0x34 /usr/lib/gcc/arm-none-eabi/8.3.1/../../../arm-none-eabi/lib/thumb/v7e-m+fp/hard/libnosys.a(write.o)
 .ARM.attributes
                0x00001263       0x34 /usr/lib/gcc/arm-none-eabi/8.3.1/../../../arm-none-eabi/lib/thumb/v7e-m+fp/hard/libnosys.a(_exit.o)
 .ARM.attributes
                0x00001297       0x32 /usr/lib/gcc/arm-none-eabi/8.3.1/thumb/v7e-m+fp/hard/crtend.o
 .ARM.attributes
                0x000012c9       0x1e /usr/lib/gcc/arm-none-eabi/8.3.1/thumb/v7e-m+fp/hard/crtn.o
OUTPUT(stm32ai_project.elf elf32-littlearm)
LOAD linker stubs
LOAD /usr/lib/gcc/arm-none-eabi/8.3.1/../../../arm-none-eabi/lib/thumb/v7e-m+fp/hard/libc.a
LOAD /usr/lib/gcc/arm-none-eabi/8.3.1/../../../arm-none-eabi/lib/thumb/v7e-m+fp/hard/libm.a
LOAD /usr/lib/gcc/arm-none-eabi/8.3.1/thumb/v7e-m+fp/hard/libgcc.a

.comment        0x00000000      0x16a
 .comment       0x00000000       0x51 /usr/lib/gcc/arm-none-eabi/8.3.1/thumb/v7e-m+fp/hard/crtbegin.o
                                 0x52 (size before relaxing)
 .comment       0x00000051       0x52 ./Core/Src/main.o
 .comment       0x00000051       0x50 ./Core/Src/stm32f7xx_hal_msp.o
                                 0x51 (size before relaxing)
 .comment       0x000000a1       0x51 ./Core/Src/stm32f7xx_it.o
 .comment       0x000000a1       0x51 ./Core/Src/sysmem.o
 .comment       0x000000a1       0x51 ./Core/Src/system_stm32f7xx.o
 .comment       0x000000a1       0x51 ./Drivers/STM32F7xx_HAL_Driver/Src/stm32f7xx_hal.o
 .comment       0x000000a1       0x51 ./Drivers/STM32F7xx_HAL_Driver/Src/stm32f7xx_hal_cortex.o
 .comment       0x000000a1       0x51 ./Drivers/STM32F7xx_HAL_Driver/Src/stm32f7xx_hal_crc.o
 .comment       0x000000a1       0x51 ./Drivers/STM32F7xx_HAL_Driver/Src/stm32f7xx_hal_crc_ex.o
 .comment       0x000000a1       0x51 ./Drivers/STM32F7xx_HAL_Driver/Src/stm32f7xx_hal_gpio.o
 .comment       0x000000a1       0x51 ./Drivers/STM32F7xx_HAL_Driver/Src/stm32f7xx_hal_pwr_ex.o
 .comment       0x000000a1       0x51 ./Drivers/STM32F7xx_HAL_Driver/Src/stm32f7xx_hal_rcc.o
 .comment       0x000000a1       0x51 ./Drivers/STM32F7xx_HAL_Driver/Src/stm32f7xx_hal_rcc_ex.o
 .comment       0x000000a1       0x51 ./Drivers/STM32F7xx_HAL_Driver/Src/stm32f7xx_hal_tim.o
 .comment       0x000000a1       0x51 ./Drivers/STM32F7xx_HAL_Driver/Src/stm32f7xx_hal_tim_ex.o
 .comment       0x000000a1       0x51 ./Drivers/STM32F7xx_HAL_Driver/Src/stm32f7xx_hal_uart.o
 .comment       0x000000a1       0x51 ./X-CUBE-AI/App/network.o
 .comment       0x000000a1       0x51 ./X-CUBE-AI/App/network_data.o
 .comment       0x000000a1       0x7b ../Middlewares/ST/AI/Lib/NetworkRuntime600_CM7_GCC.a(ai_platform_interface.o)
                                 0x7c (size before relaxing)
 .comment       0x0000011c       0x7c ../Middlewares/ST/AI/Lib/NetworkRuntime600_CM7_GCC.a(core_common.o)
 .comment       0x0000011c       0x7c ../Middlewares/ST/AI/Lib/NetworkRuntime600_CM7_GCC.a(layers_conv2d_stm32_integer.o)
 .comment       0x0000011c       0x7c ../Middlewares/ST/AI/Lib/NetworkRuntime600_CM7_GCC.a(layers.o)
 .comment       0x0000011c       0x7c ../Middlewares/ST/AI/Lib/NetworkRuntime600_CM7_GCC.a(arm_fully_connected_s8.o)
 .comment       0x0000011c       0x7c ../Middlewares/ST/AI/Lib/NetworkRuntime600_CM7_GCC.a(arm_nn_vec_mat_mult_t_s8.o)
 .comment       0x0000011c       0x7c ../Middlewares/ST/AI/Lib/NetworkRuntime600_CM7_GCC.a(st_convolve_reference.o)
 .comment       0x0000011c       0x7c ../Middlewares/ST/AI/Lib/NetworkRuntime600_CM7_GCC.a(ai_datatypes_format.o)
 .comment       0x0000011c       0x4e /usr/lib/gcc/arm-none-eabi/8.3.1/../../../arm-none-eabi/lib/thumb/v7e-m+fp/hard/libc_nano.a(lib_a-errno.o)
                                 0x4f (size before relaxing)
 .comment       0x0000016a       0x4f /usr/lib/gcc/arm-none-eabi/8.3.1/../../../arm-none-eabi/lib/thumb/v7e-m+fp/hard/libc_nano.a(lib_a-impure.o)
 .comment       0x0000016a       0x4f /usr/lib/gcc/arm-none-eabi/8.3.1/../../../arm-none-eabi/lib/thumb/v7e-m+fp/hard/libc_nano.a(lib_a-init.o)
 .comment       0x0000016a       0x4f /usr/lib/gcc/arm-none-eabi/8.3.1/../../../arm-none-eabi/lib/thumb/v7e-m+fp/hard/libc_nano.a(lib_a-malloc.o)
 .comment       0x0000016a       0x4f /usr/lib/gcc/arm-none-eabi/8.3.1/../../../arm-none-eabi/lib/thumb/v7e-m+fp/hard/libc_nano.a(lib_a-memset.o)
 .comment       0x0000016a       0x4f /usr/lib/gcc/arm-none-eabi/8.3.1/../../../arm-none-eabi/lib/thumb/v7e-m+fp/hard/libc_nano.a(lib_a-nano-freer.o)
 .comment       0x0000016a       0x4f /usr/lib/gcc/arm-none-eabi/8.3.1/../../../arm-none-eabi/lib/thumb/v7e-m+fp/hard/libc_nano.a(lib_a-nano-mallocr.o)
 .comment       0x0000016a       0x4f /usr/lib/gcc/arm-none-eabi/8.3.1/../../../arm-none-eabi/lib/thumb/v7e-m+fp/hard/libc_nano.a(lib_a-nano-vfprintf_float.o)
 .comment       0x0000016a       0x4f /usr/lib/gcc/arm-none-eabi/8.3.1/../../../arm-none-eabi/lib/thumb/v7e-m+fp/hard/libc_nano.a(lib_a-nano-vfprintf_i.o)
 .comment       0x0000016a       0x4f /usr/lib/gcc/arm-none-eabi/8.3.1/../../../arm-none-eabi/lib/thumb/v7e-m+fp/hard/libc_nano.a(lib_a-sbrkr.o)
 .comment       0x0000016a       0x4f /usr/lib/gcc/arm-none-eabi/8.3.1/../../../arm-none-eabi/lib/thumb/v7e-m+fp/hard/libc_nano.a(lib_a-sprintf.o)
 .comment       0x0000016a       0x4f /usr/lib/gcc/arm-none-eabi/8.3.1/../../../arm-none-eabi/lib/thumb/v7e-m+fp/hard/libc_nano.a(lib_a-dtoa.o)
 .comment       0x0000016a       0x4f /usr/lib/gcc/arm-none-eabi/8.3.1/../../../arm-none-eabi/lib/thumb/v7e-m+fp/hard/libc_nano.a(lib_a-localeconv.o)
 .comment       0x0000016a       0x4f /usr/lib/gcc/arm-none-eabi/8.3.1/../../../arm-none-eabi/lib/thumb/v7e-m+fp/hard/libc_nano.a(lib_a-mlock.o)
 .comment       0x0000016a       0x4f /usr/lib/gcc/arm-none-eabi/8.3.1/../../../arm-none-eabi/lib/thumb/v7e-m+fp/hard/libc_nano.a(lib_a-mprec.o)
 .comment       0x0000016a       0x4f /usr/lib/gcc/arm-none-eabi/8.3.1/../../../arm-none-eabi/lib/thumb/v7e-m+fp/hard/libc_nano.a(lib_a-nano-callocr.o)
 .comment       0x0000016a       0x4f /usr/lib/gcc/arm-none-eabi/8.3.1/../../../arm-none-eabi/lib/thumb/v7e-m+fp/hard/libc_nano.a(lib_a-nano-reallocr.o)
 .comment       0x0000016a       0x4f /usr/lib/gcc/arm-none-eabi/8.3.1/../../../arm-none-eabi/lib/thumb/v7e-m+fp/hard/libc_nano.a(lib_a-nano-svfprintf.o)
 .comment       0x0000016a       0x4f /usr/lib/gcc/arm-none-eabi/8.3.1/../../../arm-none-eabi/lib/thumb/v7e-m+fp/hard/libc_nano.a(lib_a-reent.o)
 .comment       0x0000016a       0x4f /usr/lib/gcc/arm-none-eabi/8.3.1/../../../arm-none-eabi/lib/thumb/v7e-m+fp/hard/libc_nano.a(lib_a-assert.o)
 .comment       0x0000016a       0x4f /usr/lib/gcc/arm-none-eabi/8.3.1/../../../arm-none-eabi/lib/thumb/v7e-m+fp/hard/libc_nano.a(lib_a-fprintf.o)
 .comment       0x0000016a       0x4f /usr/lib/gcc/arm-none-eabi/8.3.1/../../../arm-none-eabi/lib/thumb/v7e-m+fp/hard/libc_nano.a(lib_a-locale.o)
 .comment       0x0000016a       0x4f /usr/lib/gcc/arm-none-eabi/8.3.1/../../../arm-none-eabi/lib/thumb/v7e-m+fp/hard/libc_nano.a(lib_a-mbtowc_r.o)
 .comment       0x0000016a       0x4f /usr/lib/gcc/arm-none-eabi/8.3.1/../../../arm-none-eabi/lib/thumb/v7e-m+fp/hard/libc_nano.a(lib_a-memmove.o)
 .comment       0x0000016a       0x4f /usr/lib/gcc/arm-none-eabi/8.3.1/../../../arm-none-eabi/lib/thumb/v7e-m+fp/hard/libc_nano.a(lib_a-nano-msizer.o)
 .comment       0x0000016a       0x4f /usr/lib/gcc/arm-none-eabi/8.3.1/../../../arm-none-eabi/lib/thumb/v7e-m+fp/hard/libc_nano.a(lib_a-nano-vfprintf.o)
 .comment       0x0000016a       0x4f /usr/lib/gcc/arm-none-eabi/8.3.1/../../../arm-none-eabi/lib/thumb/v7e-m+fp/hard/libc_nano.a(lib_a-wbuf.o)
 .comment       0x0000016a       0x4f /usr/lib/gcc/arm-none-eabi/8.3.1/../../../arm-none-eabi/lib/thumb/v7e-m+fp/hard/libc_nano.a(lib_a-wctomb_r.o)
 .comment       0x0000016a       0x4f /usr/lib/gcc/arm-none-eabi/8.3.1/../../../arm-none-eabi/lib/thumb/v7e-m+fp/hard/libc_nano.a(lib_a-wsetup.o)
 .comment       0x0000016a       0x4f /usr/lib/gcc/arm-none-eabi/8.3.1/../../../arm-none-eabi/lib/thumb/v7e-m+fp/hard/libc_nano.a(lib_a-abort.o)
 .comment       0x0000016a       0x4f /usr/lib/gcc/arm-none-eabi/8.3.1/../../../arm-none-eabi/lib/thumb/v7e-m+fp/hard/libc_nano.a(lib_a-ctype_.o)
 .comment       0x0000016a       0x4f /usr/lib/gcc/arm-none-eabi/8.3.1/../../../arm-none-eabi/lib/thumb/v7e-m+fp/hard/libc_nano.a(lib_a-fflush.o)
 .comment       0x0000016a       0x4f /usr/lib/gcc/arm-none-eabi/8.3.1/../../../arm-none-eabi/lib/thumb/v7e-m+fp/hard/libc_nano.a(lib_a-findfp.o)
 .comment       0x0000016a       0x4f /usr/lib/gcc/arm-none-eabi/8.3.1/../../../arm-none-eabi/lib/thumb/v7e-m+fp/hard/libc_nano.a(lib_a-fvwrite.o)
 .comment       0x0000016a       0x4f /usr/lib/gcc/arm-none-eabi/8.3.1/../../../arm-none-eabi/lib/thumb/v7e-m+fp/hard/libc_nano.a(lib_a-fwalk.o)
 .comment       0x0000016a       0x4f /usr/lib/gcc/arm-none-eabi/8.3.1/../../../arm-none-eabi/lib/thumb/v7e-m+fp/hard/libc_nano.a(lib_a-makebuf.o)
 .comment       0x0000016a       0x4f /usr/lib/gcc/arm-none-eabi/8.3.1/../../../arm-none-eabi/lib/thumb/v7e-m+fp/hard/libc_nano.a(lib_a-signal.o)
 .comment       0x0000016a       0x4f /usr/lib/gcc/arm-none-eabi/8.3.1/../../../arm-none-eabi/lib/thumb/v7e-m+fp/hard/libc_nano.a(lib_a-signalr.o)
 .comment       0x0000016a       0x4f /usr/lib/gcc/arm-none-eabi/8.3.1/../../../arm-none-eabi/lib/thumb/v7e-m+fp/hard/libc_nano.a(lib_a-stdio.o)
 .comment       0x0000016a       0x4f /usr/lib/gcc/arm-none-eabi/8.3.1/../../../arm-none-eabi/lib/thumb/v7e-m+fp/hard/libc_nano.a(lib_a-writer.o)
 .comment       0x0000016a       0x4f /usr/lib/gcc/arm-none-eabi/8.3.1/../../../arm-none-eabi/lib/thumb/v7e-m+fp/hard/libc_nano.a(lib_a-closer.o)
 .comment       0x0000016a       0x4f /usr/lib/gcc/arm-none-eabi/8.3.1/../../../arm-none-eabi/lib/thumb/v7e-m+fp/hard/libc_nano.a(lib_a-fstatr.o)
 .comment       0x0000016a       0x4f /usr/lib/gcc/arm-none-eabi/8.3.1/../../../arm-none-eabi/lib/thumb/v7e-m+fp/hard/libc_nano.a(lib_a-isattyr.o)
 .comment       0x0000016a       0x4f /usr/lib/gcc/arm-none-eabi/8.3.1/../../../arm-none-eabi/lib/thumb/v7e-m+fp/hard/libc_nano.a(lib_a-lseekr.o)
 .comment       0x0000016a       0x4f /usr/lib/gcc/arm-none-eabi/8.3.1/../../../arm-none-eabi/lib/thumb/v7e-m+fp/hard/libc_nano.a(lib_a-readr.o)
 .comment       0x0000016a       0x52 /usr/lib/gcc/arm-none-eabi/8.3.1/thumb/v7e-m+fp/hard/libgcc.a(_fixsfdi.o)
 .comment       0x0000016a       0x52 /usr/lib/gcc/arm-none-eabi/8.3.1/thumb/v7e-m+fp/hard/libgcc.a(_fixunssfdi.o)
 .comment       0x0000016a       0x52 /usr/lib/gcc/arm-none-eabi/8.3.1/thumb/v7e-m+fp/hard/libgcc.a(_udivmoddi4.o)
 .comment       0x0000016a       0x4f /usr/lib/gcc/arm-none-eabi/8.3.1/../../../arm-none-eabi/lib/thumb/v7e-m+fp/hard/libnosys.a(close.o)
 .comment       0x0000016a       0x4f /usr/lib/gcc/arm-none-eabi/8.3.1/../../../arm-none-eabi/lib/thumb/v7e-m+fp/hard/libnosys.a(fstat.o)
 .comment       0x0000016a       0x4f /usr/lib/gcc/arm-none-eabi/8.3.1/../../../arm-none-eabi/lib/thumb/v7e-m+fp/hard/libnosys.a(getpid.o)
 .comment       0x0000016a       0x4f /usr/lib/gcc/arm-none-eabi/8.3.1/../../../arm-none-eabi/lib/thumb/v7e-m+fp/hard/libnosys.a(isatty.o)
 .comment       0x0000016a       0x4f /usr/lib/gcc/arm-none-eabi/8.3.1/../../../arm-none-eabi/lib/thumb/v7e-m+fp/hard/libnosys.a(kill.o)
 .comment       0x0000016a       0x4f /usr/lib/gcc/arm-none-eabi/8.3.1/../../../arm-none-eabi/lib/thumb/v7e-m+fp/hard/libnosys.a(lseek.o)
 .comment       0x0000016a       0x4f /usr/lib/gcc/arm-none-eabi/8.3.1/../../../arm-none-eabi/lib/thumb/v7e-m+fp/hard/libnosys.a(read.o)
 .comment       0x0000016a       0x4f /usr/lib/gcc/arm-none-eabi/8.3.1/../../../arm-none-eabi/lib/thumb/v7e-m+fp/hard/libnosys.a(write.o)
 .comment       0x0000016a       0x4f /usr/lib/gcc/arm-none-eabi/8.3.1/../../../arm-none-eabi/lib/thumb/v7e-m+fp/hard/libnosys.a(_exit.o)
 .comment       0x0000016a       0x52 /usr/lib/gcc/arm-none-eabi/8.3.1/thumb/v7e-m+fp/hard/crtend.o

.debug_info     0x00000000    0x46aae
 .debug_info    0x00000000     0x29f6 ./Core/Src/main.o
 .debug_info    0x000029f6     0x13e3 ./Core/Src/stm32f7xx_hal_msp.o
 .debug_info    0x00003dd9      0x121 ./Core/Src/stm32f7xx_it.o
 .debug_info    0x00003efa      0x18e ./Core/Src/sysmem.o
 .debug_info    0x00004088      0x745 ./Core/Src/system_stm32f7xx.o
 .debug_info    0x000047cd       0x22 ./Core/Startup/startup_stm32f746nghx.o
 .debug_info    0x000047ef      0xadf ./Drivers/STM32F7xx_HAL_Driver/Src/stm32f7xx_hal.o
 .debug_info    0x000052ce     0x12db ./Drivers/STM32F7xx_HAL_Driver/Src/stm32f7xx_hal_cortex.o
 .debug_info    0x000065a9      0x68d ./Drivers/STM32F7xx_HAL_Driver/Src/stm32f7xx_hal_crc.o
 .debug_info    0x00006c36      0x3b6 ./Drivers/STM32F7xx_HAL_Driver/Src/stm32f7xx_hal_crc_ex.o
 .debug_info    0x00006fec      0x7e0 ./Drivers/STM32F7xx_HAL_Driver/Src/stm32f7xx_hal_gpio.o
 .debug_info    0x000077cc      0xa10 ./Drivers/STM32F7xx_HAL_Driver/Src/stm32f7xx_hal_pwr_ex.o
 .debug_info    0x000081dc      0xceb ./Drivers/STM32F7xx_HAL_Driver/Src/stm32f7xx_hal_rcc.o
 .debug_info    0x00008ec7      0x895 ./Drivers/STM32F7xx_HAL_Driver/Src/stm32f7xx_hal_rcc_ex.o
 .debug_info    0x0000975c     0x5371 ./Drivers/STM32F7xx_HAL_Driver/Src/stm32f7xx_hal_tim.o
 .debug_info    0x0000eacd     0x1e2d ./Drivers/STM32F7xx_HAL_Driver/Src/stm32f7xx_hal_tim_ex.o
 .debug_info    0x000108fa     0x62d9 ./Drivers/STM32F7xx_HAL_Driver/Src/stm32f7xx_hal_uart.o
 .debug_info    0x00016bd3     0x1759 ./X-CUBE-AI/App/network.o
 .debug_info    0x0001832c      0x110 ./X-CUBE-AI/App/network_data.o
 .debug_info    0x0001843c      0x953 /usr/lib/gcc/arm-none-eabi/8.3.1/../../../arm-none-eabi/lib/thumb/v7e-m+fp/hard/libc_nano.a(lib_a-errno.o)
 .debug_info    0x00018d8f      0x92a /usr/lib/gcc/arm-none-eabi/8.3.1/../../../arm-none-eabi/lib/thumb/v7e-m+fp/hard/libc_nano.a(lib_a-impure.o)
 .debug_info    0x000196b9      0x11a /usr/lib/gcc/arm-none-eabi/8.3.1/../../../arm-none-eabi/lib/thumb/v7e-m+fp/hard/libc_nano.a(lib_a-init.o)
 .debug_info    0x000197d3      0x9b6 /usr/lib/gcc/arm-none-eabi/8.3.1/../../../arm-none-eabi/lib/thumb/v7e-m+fp/hard/libc_nano.a(lib_a-malloc.o)
 .debug_info    0x0001a189       0x26 /usr/lib/gcc/arm-none-eabi/8.3.1/../../../arm-none-eabi/lib/thumb/v7e-m+fp/hard/libc_nano.a(lib_a-memcpy.o)
 .debug_info    0x0001a1af      0xf21 /usr/lib/gcc/arm-none-eabi/8.3.1/../../../arm-none-eabi/lib/thumb/v7e-m+fp/hard/libc_nano.a(lib_a-memset.o)
 .debug_info    0x0001b0d0      0xb85 /usr/lib/gcc/arm-none-eabi/8.3.1/../../../arm-none-eabi/lib/thumb/v7e-m+fp/hard/libc_nano.a(lib_a-nano-freer.o)
 .debug_info    0x0001bc55      0xc5a /usr/lib/gcc/arm-none-eabi/8.3.1/../../../arm-none-eabi/lib/thumb/v7e-m+fp/hard/libc_nano.a(lib_a-nano-mallocr.o)
 .debug_info    0x0001c8af     0x1b1f /usr/lib/gcc/arm-none-eabi/8.3.1/../../../arm-none-eabi/lib/thumb/v7e-m+fp/hard/libc_nano.a(lib_a-nano-vfprintf_float.o)
 .debug_info    0x0001e3ce     0x1592 /usr/lib/gcc/arm-none-eabi/8.3.1/../../../arm-none-eabi/lib/thumb/v7e-m+fp/hard/libc_nano.a(lib_a-nano-vfprintf_i.o)
 .debug_info    0x0001f960      0x9fb /usr/lib/gcc/arm-none-eabi/8.3.1/../../../arm-none-eabi/lib/thumb/v7e-m+fp/hard/libc_nano.a(lib_a-sbrkr.o)
 .debug_info    0x0002035b      0xc90 /usr/lib/gcc/arm-none-eabi/8.3.1/../../../arm-none-eabi/lib/thumb/v7e-m+fp/hard/libc_nano.a(lib_a-sprintf.o)
 .debug_info    0x00020feb       0x26 /usr/lib/gcc/arm-none-eabi/8.3.1/../../../arm-none-eabi/lib/thumb/v7e-m+fp/hard/libc_nano.a(lib_a-strlen.o)
 .debug_info    0x00021011     0x1b48 /usr/lib/gcc/arm-none-eabi/8.3.1/../../../arm-none-eabi/lib/thumb/v7e-m+fp/hard/libc_nano.a(lib_a-dtoa.o)
 .debug_info    0x00022b59      0xf49 /usr/lib/gcc/arm-none-eabi/8.3.1/../../../arm-none-eabi/lib/thumb/v7e-m+fp/hard/libc_nano.a(lib_a-localeconv.o)
 .debug_info    0x00023aa2       0x26 /usr/lib/gcc/arm-none-eabi/8.3.1/../../../arm-none-eabi/lib/thumb/v7e-m+fp/hard/libc_nano.a(lib_a-memchr.o)
 .debug_info    0x00023ac8      0x961 /usr/lib/gcc/arm-none-eabi/8.3.1/../../../arm-none-eabi/lib/thumb/v7e-m+fp/hard/libc_nano.a(lib_a-mlock.o)
 .debug_info    0x00024429     0x2417 /usr/lib/gcc/arm-none-eabi/8.3.1/../../../arm-none-eabi/lib/thumb/v7e-m+fp/hard/libc_nano.a(lib_a-mprec.o)
 .debug_info    0x00026840      0xafe /usr/lib/gcc/arm-none-eabi/8.3.1/../../../arm-none-eabi/lib/thumb/v7e-m+fp/hard/libc_nano.a(lib_a-nano-callocr.o)
 .debug_info    0x0002733e      0xb77 /usr/lib/gcc/arm-none-eabi/8.3.1/../../../arm-none-eabi/lib/thumb/v7e-m+fp/hard/libc_nano.a(lib_a-nano-reallocr.o)
 .debug_info    0x00027eb5     0x17e4 /usr/lib/gcc/arm-none-eabi/8.3.1/../../../arm-none-eabi/lib/thumb/v7e-m+fp/hard/libc_nano.a(lib_a-nano-svfprintf.o)
 .debug_info    0x00029699      0xb0f /usr/lib/gcc/arm-none-eabi/8.3.1/../../../arm-none-eabi/lib/thumb/v7e-m+fp/hard/libc_nano.a(lib_a-reent.o)
 .debug_info    0x0002a1a8      0xa41 /usr/lib/gcc/arm-none-eabi/8.3.1/../../../arm-none-eabi/lib/thumb/v7e-m+fp/hard/libc_nano.a(lib_a-assert.o)
 .debug_info    0x0002abe9      0xa7a /usr/lib/gcc/arm-none-eabi/8.3.1/../../../arm-none-eabi/lib/thumb/v7e-m+fp/hard/libc_nano.a(lib_a-fprintf.o)
 .debug_info    0x0002b663     0x10ca /usr/lib/gcc/arm-none-eabi/8.3.1/../../../arm-none-eabi/lib/thumb/v7e-m+fp/hard/libc_nano.a(lib_a-locale.o)
 .debug_info    0x0002c72d     0x1044 /usr/lib/gcc/arm-none-eabi/8.3.1/../../../arm-none-eabi/lib/thumb/v7e-m+fp/hard/libc_nano.a(lib_a-mbtowc_r.o)
 .debug_info    0x0002d771      0xf2b /usr/lib/gcc/arm-none-eabi/8.3.1/../../../arm-none-eabi/lib/thumb/v7e-m+fp/hard/libc_nano.a(lib_a-memmove.o)
 .debug_info    0x0002e69c      0xaa6 /usr/lib/gcc/arm-none-eabi/8.3.1/../../../arm-none-eabi/lib/thumb/v7e-m+fp/hard/libc_nano.a(lib_a-nano-msizer.o)
 .debug_info    0x0002f142     0x176a /usr/lib/gcc/arm-none-eabi/8.3.1/../../../arm-none-eabi/lib/thumb/v7e-m+fp/hard/libc_nano.a(lib_a-nano-vfprintf.o)
 .debug_info    0x000308ac      0xc90 /usr/lib/gcc/arm-none-eabi/8.3.1/../../../arm-none-eabi/lib/thumb/v7e-m+fp/hard/libc_nano.a(lib_a-wbuf.o)
 .debug_info    0x0003153c      0xffd /usr/lib/gcc/arm-none-eabi/8.3.1/../../../arm-none-eabi/lib/thumb/v7e-m+fp/hard/libc_nano.a(lib_a-wctomb_r.o)
 .debug_info    0x00032539      0xbfa /usr/lib/gcc/arm-none-eabi/8.3.1/../../../arm-none-eabi/lib/thumb/v7e-m+fp/hard/libc_nano.a(lib_a-wsetup.o)
 .debug_info    0x00033133      0x9b5 /usr/lib/gcc/arm-none-eabi/8.3.1/../../../arm-none-eabi/lib/thumb/v7e-m+fp/hard/libc_nano.a(lib_a-abort.o)
 .debug_info    0x00033ae8      0xe91 /usr/lib/gcc/arm-none-eabi/8.3.1/../../../arm-none-eabi/lib/thumb/v7e-m+fp/hard/libc_nano.a(lib_a-ctype_.o)
 .debug_info    0x00034979      0xd73 /usr/lib/gcc/arm-none-eabi/8.3.1/../../../arm-none-eabi/lib/thumb/v7e-m+fp/hard/libc_nano.a(lib_a-fflush.o)