Archive member included to satisfy reference by file (symbol)

../Middlewares/ST/AI/Lib\NetworkRuntime600_CM7_GCC.a(ai_platform_interface.o)
                              ./X-CUBE-AI/App/network.o (ai_platform_runtime_get_revision)
../Middlewares/ST/AI/Lib\NetworkRuntime600_CM7_GCC.a(core_mem_manager.o)
                              ../Middlewares/ST/AI/Lib\NetworkRuntime600_CM7_GCC.a(ai_platform_interface.o) (core_mem_alloc)
../Middlewares/ST/AI/Lib\NetworkRuntime600_CM7_GCC.a(core_convert.o)
                              ./X-CUBE-AI/App/network.o (node_convert)
../Middlewares/ST/AI/Lib\NetworkRuntime600_CM7_GCC.a(core_common.o)
                              ../Middlewares/ST/AI/Lib\NetworkRuntime600_CM7_GCC.a(ai_platform_interface.o) (core_init)
../Middlewares/ST/AI/Lib\NetworkRuntime600_CM7_GCC.a(layers_conv2d_stm32_integer.o)
                              ./X-CUBE-AI/App/network.o (forward_conv2d_integer_SSSA_ch)
../Middlewares/ST/AI/Lib\NetworkRuntime600_CM7_GCC.a(layers_nl_generic_float.o)
                              ./X-CUBE-AI/App/network.o (forward_sm)
../Middlewares/ST/AI/Lib\NetworkRuntime600_CM7_GCC.a(layers.o)
                              ../Middlewares/ST/AI/Lib\NetworkRuntime600_CM7_GCC.a(ai_platform_interface.o) (ai_check_custom_types)
../Middlewares/ST/AI/Lib\NetworkRuntime600_CM7_GCC.a(layers_pool_stm32_integer.o)
                              ./X-CUBE-AI/App/network.o (pool_func_ap_array_integer_INT8)
../Middlewares/ST/AI/Lib\NetworkRuntime600_CM7_GCC.a(arm_fully_connected_s8.o)
                              ../Middlewares/ST/AI/Lib\NetworkRuntime600_CM7_GCC.a(layers_conv2d_stm32_integer.o) (arm_fully_connected_s8)
../Middlewares/ST/AI/Lib\NetworkRuntime600_CM7_GCC.a(arm_nn_vec_mat_mult_t_s8.o)
                              ../Middlewares/ST/AI/Lib\NetworkRuntime600_CM7_GCC.a(arm_fully_connected_s8.o) (arm_nn_vec_mat_mult_t_s8)
../Middlewares/ST/AI/Lib\NetworkRuntime600_CM7_GCC.a(arm_float_to_q15.o)
                              ../Middlewares/ST/AI/Lib\NetworkRuntime600_CM7_GCC.a(core_convert.o) (arm_float_to_q15)
../Middlewares/ST/AI/Lib\NetworkRuntime600_CM7_GCC.a(arm_float_to_q7.o)
                              ../Middlewares/ST/AI/Lib\NetworkRuntime600_CM7_GCC.a(core_convert.o) (arm_float_to_q7)
../Middlewares/ST/AI/Lib\NetworkRuntime600_CM7_GCC.a(arm_q15_to_float.o)
                              ../Middlewares/ST/AI/Lib\NetworkRuntime600_CM7_GCC.a(core_convert.o) (arm_q15_to_float)
../Middlewares/ST/AI/Lib\NetworkRuntime600_CM7_GCC.a(arm_q15_to_q7.o)
                              ../Middlewares/ST/AI/Lib\NetworkRuntime600_CM7_GCC.a(core_convert.o) (arm_q15_to_q7)
../Middlewares/ST/AI/Lib\NetworkRuntime600_CM7_GCC.a(arm_q7_to_float.o)
                              ../Middlewares/ST/AI/Lib\NetworkRuntime600_CM7_GCC.a(core_convert.o) (arm_q7_to_float)
../Middlewares/ST/AI/Lib\NetworkRuntime600_CM7_GCC.a(arm_q7_to_q15.o)
                              ../Middlewares/ST/AI/Lib\NetworkRuntime600_CM7_GCC.a(core_convert.o) (arm_q7_to_q15)
../Middlewares/ST/AI/Lib\NetworkRuntime600_CM7_GCC.a(arm_shift_q15.o)
                              ../Middlewares/ST/AI/Lib\NetworkRuntime600_CM7_GCC.a(core_convert.o) (arm_shift_q15)
../Middlewares/ST/AI/Lib\NetworkRuntime600_CM7_GCC.a(arm_shift_q7.o)
                              ../Middlewares/ST/AI/Lib\NetworkRuntime600_CM7_GCC.a(core_convert.o) (arm_shift_q7)
../Middlewares/ST/AI/Lib\NetworkRuntime600_CM7_GCC.a(st_ssua8_convolve_dw.o)
                              ../Middlewares/ST/AI/Lib\NetworkRuntime600_CM7_GCC.a(layers_conv2d_stm32_integer.o) (st_ssua8_conv_dw_Wadapt)
../Middlewares/ST/AI/Lib\NetworkRuntime600_CM7_GCC.a(st_uaua8_ch_convolve.o)
                              ../Middlewares/ST/AI/Lib\NetworkRuntime600_CM7_GCC.a(layers_conv2d_stm32_integer.o) (st_uaua8_ch_convolve_rank1upd)
../Middlewares/ST/AI/Lib\NetworkRuntime600_CM7_GCC.a(st_ssua8_ch_convolve.o)
                              ../Middlewares/ST/AI/Lib\NetworkRuntime600_CM7_GCC.a(layers_conv2d_stm32_integer.o) (st_ssua8_ch_convolve_rank1upd)
../Middlewares/ST/AI/Lib\NetworkRuntime600_CM7_GCC.a(st_uaua8_convolve.o)
                              ../Middlewares/ST/AI/Lib\NetworkRuntime600_CM7_GCC.a(layers_conv2d_stm32_integer.o) (st_uaua8_convolve_rank1upd)
../Middlewares/ST/AI/Lib\NetworkRuntime600_CM7_GCC.a(st_ssua8_convolve.o)
                              ../Middlewares/ST/AI/Lib\NetworkRuntime600_CM7_GCC.a(layers_conv2d_stm32_integer.o) (st_ssua8_convolve_rank1upd)
../Middlewares/ST/AI/Lib\NetworkRuntime600_CM7_GCC.a(st_convolve_reference.o)
                              ../Middlewares/ST/AI/Lib\NetworkRuntime600_CM7_GCC.a(layers_conv2d_stm32_integer.o) (align_factor_cmsisnn)
../Middlewares/ST/AI/Lib\NetworkRuntime600_CM7_GCC.a(st_uaua8_ch_convolve_rgb.o)
                              ../Middlewares/ST/AI/Lib\NetworkRuntime600_CM7_GCC.a(layers_conv2d_stm32_integer.o) (st_uaua8_ch_convolve_rgb)
[...]
Memory Configuration

Name             Origin             Length             Attributes
RAM              0x0000000020000000 0x0000000000050000 xrw
FLASH            0x0000000008000000 0x0000000000100000 xr
*default*        0x0000000000000000 0xffffffffffffffff

Linker script and memory map

LOAD c:/st/stm32cubeide_1.10.1/stm32cubeide/plugins/com.st.stm32cube.ide.mcu.externaltools.gnu-tools-for-stm32.10.3-2021.10.win32_1.0.0.202111181127/tools/bin/../lib/gcc/arm-none-eabi/10.3.1/thumb/v7e-m+fp/hard/crti.o
LOAD c:/st/stm32cubeide_1.10.1/stm32cubeide/plugins/com.st.stm32cube.ide.mcu.externaltools.gnu-tools-for-stm32.10.3-2021.10.win32_1.0.0.202111181127/tools/bin/../lib/gcc/arm-none-eabi/10.3.1/thumb/v7e-m+fp/hard/crtbegin.o
LOAD c:/st/stm32cubeide_1.10.1/stm32cubeide/plugins/com.st.stm32cube.ide.mcu.externaltools.gnu-tools-for-stm32.10.3-2021.10.win32_1.0.0.202111181127/tools/bin/../lib/gcc/arm-none-eabi/10.3.1/../../../../arm-none-eabi/lib/thumb/v7e-m+fp/hard/crt0.o
LOAD ./Core/Src/main.o
LOAD ./Core/Src/stm32f7xx_hal_msp.o
LOAD ./Core/Src/stm32f7xx_it.o
LOAD ./Core/Src/sysmem.o
LOAD ./Core/Src/system_stm32f7xx.o
LOAD ./Core/Startup/startup_stm32f746nghx.o
LOAD ./Drivers/STM32F7xx_HAL_Driver/Src/stm32f7xx_hal.o
LOAD ./Drivers/STM32F7xx_HAL_Driver/Src/stm32f7xx_hal_cortex.o
LOAD ./Drivers/STM32F7xx_HAL_Driver/Src/stm32f7xx_hal_crc.o
LOAD ./Drivers/STM32F7xx_HAL_Driver/Src/stm32f7xx_hal_crc_ex.o
LOAD ./Drivers/STM32F7xx_HAL_Driver/Src/stm32f7xx_hal_dma.o
LOAD ./Drivers/STM32F7xx_HAL_Driver/Src/stm32f7xx_hal_dma_ex.o
LOAD ./Drivers/STM32F7xx_HAL_Driver/Src/stm32f7xx_hal_exti.o
LOAD ./Drivers/STM32F7xx_HAL_Driver/Src/stm32f7xx_hal_flash.o
LOAD ./Drivers/STM32F7xx_HAL_Driver/Src/stm32f7xx_hal_flash_ex.o
LOAD ./Drivers/STM32F7xx_HAL_Driver/Src/stm32f7xx_hal_gpio.o
LOAD ./Drivers/STM32F7xx_HAL_Driver/Src/stm32f7xx_hal_i2c.o
LOAD ./Drivers/STM32F7xx_HAL_Driver/Src/stm32f7xx_hal_i2c_ex.o
LOAD ./Drivers/STM32F7xx_HAL_Driver/Src/stm32f7xx_hal_pwr.o
LOAD ./Drivers/STM32F7xx_HAL_Driver/Src/stm32f7xx_hal_pwr_ex.o
LOAD ./Drivers/STM32F7xx_HAL_Driver/Src/stm32f7xx_hal_rcc.o
LOAD ./Drivers/STM32F7xx_HAL_Driver/Src/stm32f7xx_hal_rcc_ex.o
LOAD ./Drivers/STM32F7xx_HAL_Driver/Src/stm32f7xx_hal_tim.o
LOAD ./Drivers/STM32F7xx_HAL_Driver/Src/stm32f7xx_hal_tim_ex.o
LOAD ./Drivers/STM32F7xx_HAL_Driver/Src/stm32f7xx_hal_uart.o
LOAD ./Drivers/STM32F7xx_HAL_Driver/Src/stm32f7xx_hal_uart_ex.o
LOAD ./X-CUBE-AI/App/network.o
LOAD ./X-CUBE-AI/App/network_data.o
LOAD ../Middlewares/ST/AI/Lib\NetworkRuntime600_CM7_GCC.a
START GROUP
LOAD c:/st/stm32cubeide_1.10.1/stm32cubeide/plugins/com.st.stm32cube.ide.mcu.externaltools.gnu-tools-for-stm32.10.3-2021.10.win32_1.0.0.202111181127/tools/bin/../lib/gcc/arm-none-eabi/10.3.1/../../../../arm-none-eabi/lib/thumb/v7e-m+fp/hard\libstdc++_nano.a
LOAD c:/st/stm32cubeide_1.10.1/stm32cubeide/plugins/com.st.stm32cube.ide.mcu.externaltools.gnu-tools-for-stm32.10.3-2021.10.win32_1.0.0.202111181127/tools/bin/../lib/gcc/arm-none-eabi/10.3.1/../../../../arm-none-eabi/lib/thumb/v7e-m+fp/hard\libsupc++_nano.a
END GROUP
LOAD c:/st/stm32cubeide_1.10.1/stm32cubeide/plugins/com.st.stm32cube.ide.mcu.externaltools.gnu-tools-for-stm32.10.3-2021.10.win32_1.0.0.202111181127/tools/bin/../lib/gcc/arm-none-eabi/10.3.1/../../../../arm-none-eabi/lib/thumb/v7e-m+fp/hard\libstdc++_nano.a
LOAD c:/st/stm32cubeide_1.10.1/stm32cubeide/plugins/com.st.stm32cube.ide.mcu.externaltools.gnu-tools-for-stm32.10.3-2021.10.win32_1.0.0.202111181127/tools/bin/../lib/gcc/arm-none-eabi/10.3.1/../../../../arm-none-eabi/lib/thumb/v7e-m+fp/hard\libm.a
LOAD c:/st/stm32cubeide_1.10.1/stm32cubeide/plugins/com.st.stm32cube.ide.mcu.externaltools.gnu-tools-for-stm32.10.3-2021.10.win32_1.0.0.202111181127/tools/bin/../lib/gcc/arm-none-eabi/10.3.1/../../../../arm-none-eabi/lib/thumb/v7e-m+fp/hard\libc_nano.a
START GROUP
LOAD c:/st/stm32cubeide_1.10.1/stm32cubeide/plugins/com.st.stm32cube.ide.mcu.externaltools.gnu-tools-for-stm32.10.3-2021.10.win32_1.0.0.202111181127/tools/bin/../lib/gcc/arm-none-eabi/10.3.1/thumb/v7e-m+fp/hard\libgcc.a
LOAD c:/st/stm32cubeide_1.10.1/stm32cubeide/plugins/com.st.stm32cube.ide.mcu.externaltools.gnu-tools-for-stm32.10.3-2021.10.win32_1.0.0.202111181127/tools/bin/../lib/gcc/arm-none-eabi/10.3.1/../../../../arm-none-eabi/lib/thumb/v7e-m+fp/hard\libc_nano.a
END GROUP
START GROUP
LOAD c:/st/stm32cubeide_1.10.1/stm32cubeide/plugins/com.st.stm32cube.ide.mcu.externaltools.gnu-tools-for-stm32.10.3-2021.10.win32_1.0.0.202111181127/tools/bin/../lib/gcc/arm-none-eabi/10.3.1/thumb/v7e-m+fp/hard\libgcc.a
LOAD c:/st/stm32cubeide_1.10.1/stm32cubeide/plugins/com.st.stm32cube.ide.mcu.externaltools.gnu-tools-for-stm32.10.3-2021.10.win32_1.0.0.202111181127/tools/bin/../lib/gcc/arm-none-eabi/10.3.1/../../../../arm-none-eabi/lib/thumb/v7e-m+fp/hard\libc_nano.a
LOAD c:/st/stm32cubeide_1.10.1/stm32cubeide/plugins/com.st.stm32cube.ide.mcu.externaltools.gnu-tools-for-stm32.10.3-2021.10.win32_1.0.0.202111181127/tools/bin/../lib/gcc/arm-none-eabi/10.3.1/../../../../arm-none-eabi/lib/thumb/v7e-m+fp/hard\libnosys.a
END GROUP
START GROUP
LOAD c:/st/stm32cubeide_1.10.1/stm32cubeide/plugins/com.st.stm32cube.ide.mcu.externaltools.gnu-tools-for-stm32.10.3-2021.10.win32_1.0.0.202111181127/tools/bin/../lib/gcc/arm-none-eabi/10.3.1/thumb/v7e-m+fp/hard\libgcc.a
LOAD c:/st/stm32cubeide_1.10.1/stm32cubeide/plugins/com.st.stm32cube.ide.mcu.externaltools.gnu-tools-for-stm32.10.3-2021.10.win32_1.0.0.202111181127/tools/bin/../lib/gcc/arm-none-eabi/10.3.1/../../../../arm-none-eabi/lib/thumb/v7e-m+fp/hard\libc_nano.a
LOAD c:/st/stm32cubeide_1.10.1/stm32cubeide/plugins/com.st.stm32cube.ide.mcu.externaltools.gnu-tools-for-stm32.10.3-2021.10.win32_1.0.0.202111181127/tools/bin/../lib/gcc/arm-none-eabi/10.3.1/../../../../arm-none-eabi/lib/thumb/v7e-m+fp/hard\libnosys.a
END GROUP
LOAD c:/st/stm32cubeide_1.10.1/stm32cubeide/plugins/com.st.stm32cube.ide.mcu.externaltools.gnu-tools-for-stm32.10.3-2021.10.win32_1.0.0.202111181127/tools/bin/../lib/gcc/arm-none-eabi/10.3.1/thumb/v7e-m+fp/hard/crtend.o
LOAD c:/st/stm32cubeide_1.10.1/stm32cubeide/plugins/com.st.stm32cube.ide.mcu.externaltools.gnu-tools-for-stm32.10.3-2021.10.win32_1.0.0.202111181127/tools/bin/../lib/gcc/arm-none-eabi/10.3.1/thumb/v7e-m+fp/hard/crtn.o
                0x0000000020050000                _estack = (ORIGIN (RAM) + LENGTH (RAM))
                0x0000000000000200                _Min_Heap_Size = 0x200
                0x0000000000001000                _Min_Stack_Size = 0x1000

.isr_vector     0x0000000008000000      0x1c8
                0x0000000008000000                . = ALIGN (0x4)
 *(.isr_vector)
 .isr_vector    0x0000000008000000      0x1c8 ./Core/Startup/startup_stm32f746nghx.o
                0x0000000008000000                g_pfnVectors
                0x00000000080001c8                . = ALIGN (0x4)

.text           0x00000000080001d0     0xeb84
                0x00000000080001d0                . = ALIGN (0x4)
 *(.text)
 .text          0x00000000080001d0       0x40 c:/st/stm32cubeide_1.10.1/stm32cubeide/plugins/com.st.stm32cube.ide.mcu.externaltools.gnu-tools-for-stm32.10.3-2021.10.win32_1.0.0.202111181127/tools/bin/../lib/gcc/arm-none-eabi/10.3.1/thumb/v7e-m+fp/hard/crtbegin.o
 .text          0x0000000008000210       0x10 c:/st/stm32cubeide_1.10.1/stm32cubeide/plugins/com.st.stm32cube.ide.mcu.externaltools.gnu-tools-for-stm32.10.3-2021.10.win32_1.0.0.202111181127/tools/bin/../lib/gcc/arm-none-eabi/10.3.1/../../../../arm-none-eabi/lib/thumb/v7e-m+fp/hard\libc_nano.a(lib_a-strlen.o)
                0x0000000008000210                strlen
 .text          0x0000000008000220       0xa0 c:/st/stm32cubeide_1.10.1/stm32cubeide/plugins/com.st.stm32cube.ide.mcu.externaltools.gnu-tools-for-stm32.10.3-2021.10.win32_1.0.0.202111181127/tools/bin/../lib/gcc/arm-none-eabi/10.3.1/../../../../arm-none-eabi/lib/thumb/v7e-m+fp/hard\libc_nano.a(lib_a-memchr.o)
                0x0000000008000220                memchr
 .text          0x00000000080002c0      0x378 c:/st/stm32cubeide_1.10.1/stm32cubeide/plugins/com.st.stm32cube.ide.mcu.externaltools.gnu-tools-for-stm32.10.3-2021.10.win32_1.0.0.202111181127/tools/bin/../lib/gcc/arm-none-eabi/10.3.1/thumb/v7e-m+fp/hard\libgcc.a(_arm_addsubdf3.o)
                0x00000000080002c0                __aeabi_drsub
                0x00000000080002c8                __aeabi_dsub
                0x00000000080002c8                __subdf3
                0x00000000080002cc                __aeabi_dadd
                0x00000000080002cc                __adddf3
                0x0000000008000544                __floatunsidf
                0x0000000008000544                __aeabi_ui2d
                0x0000000008000564                __floatsidf
                0x0000000008000564                __aeabi_i2d
                0x0000000008000588                __aeabi_f2d
                0x0000000008000588                __extendsfdf2
                0x00000000080005cc                __floatundidf
                0x00000000080005cc                __aeabi_ul2d
                0x00000000080005dc                __floatdidf
                0x00000000080005dc                __aeabi_l2d
 .text          0x0000000008000638      0x424 c:/st/stm32cubeide_1.10.1/stm32cubeide/plugins/com.st.stm32cube.ide.mcu.externaltools.gnu-tools-for-stm32.10.3-2021.10.win32_1.0.0.202111181127/tools/bin/../lib/gcc/arm-none-eabi/10.3.1/thumb/v7e-m+fp/hard\libgcc.a(_arm_muldivdf3.o)
                0x0000000008000638                __aeabi_dmul
                0x0000000008000638                __muldf3
                0x000000000800088c                __divdf3
                0x000000000800088c                __aeabi_ddiv
 .text          0x0000000008000a5c      0x110 c:/st/stm32cubeide_1.10.1/stm32cubeide/plugins/com.st.stm32cube.ide.mcu.externaltools.gnu-tools-for-stm32.10.3-2021.10.win32_1.0.0.202111181127/tools/bin/../lib/gcc/arm-none-eabi/10.3.1/thumb/v7e-m+fp/hard\libgcc.a(_arm_cmpdf2.o)
                0x0000000008000a5c                __gtdf2
                0x0000000008000a5c                __gedf2
                0x0000000008000a64                __ltdf2
                0x0000000008000a64                __ledf2
                0x0000000008000a6c                __nedf2
                0x0000000008000a6c                __eqdf2
                0x0000000008000a6c                __cmpdf2
                0x0000000008000ae8                __aeabi_cdrcmple
                0x0000000008000af8                __aeabi_cdcmpeq
                0x0000000008000af8                __aeabi_cdcmple
                0x0000000008000b08                __aeabi_dcmpeq
                0x0000000008000b1c                __aeabi_dcmplt
                0x0000000008000b30                __aeabi_dcmple
                0x0000000008000b44                __aeabi_dcmpge
                0x0000000008000b58                __aeabi_dcmpgt
 .text          0x0000000008000b6c       0x2c c:/st/stm32cubeide_1.10.1/stm32cubeide/plugins/com.st.stm32cube.ide.mcu.externaltools.gnu-tools-for-stm32.10.3-2021.10.win32_1.0.0.202111181127/tools/bin/../lib/gcc/arm-none-eabi/10.3.1/thumb/v7e-m+fp/hard\libgcc.a(_arm_unorddf2.o)
                0x0000000008000b6c                __unorddf2
                0x0000000008000b6c                __aeabi_dcmpun
 .text          0x0000000008000b98       0x50 c:/st/stm32cubeide_1.10.1/stm32cubeide/plugins/com.st.stm32cube.ide.mcu.externaltools.gnu-tools-for-stm32.10.3-2021.10.win32_1.0.0.202111181127/tools/bin/../lib/gcc/arm-none-eabi/10.3.1/thumb/v7e-m+fp/hard\libgcc.a(_arm_fixdfsi.o)
                0x0000000008000b98                __aeabi_d2iz
                0x0000000008000b98                __fixdfsi
 .text          0x0000000008000be8       0x30 c:/st/stm32cubeide_1.10.1/stm32cubeide/plugins/com.st.stm32cube.ide.mcu.externaltools.gnu-tools-for-stm32.10.3-2021.10.win32_1.0.0.202111181127/tools/bin/../lib/gcc/arm-none-eabi/10.3.1/thumb/v7e-m+fp/hard\libgcc.a(_aeabi_uldivmod.o)
                0x0000000008000be8                __aeabi_uldivmod
 .text          0x0000000008000c18       0x28 c:/st/stm32cubeide_1.10.1/stm32cubeide/plugins/com.st.stm32cube.ide.mcu.externaltools.gnu-tools-for-stm32.10.3-2021.10.win32_1.0.0.202111181127/tools/bin/../lib/gcc/arm-none-eabi/10.3.1/thumb/v7e-m+fp/hard\libgcc.a(_fixsfdi.o)
                0x0000000008000c18                __fixsfdi
                0x0000000008000c18                __aeabi_f2lz
 .text          0x0000000008000c40       0x40 c:/st/stm32cubeide_1.10.1/stm32cubeide/plugins/com.st.stm32cube.ide.mcu.externaltools.gnu-tools-for-stm32.10.3-2021.10.win32_1.0.0.202111181127/tools/bin/../lib/gcc/arm-none-eabi/10.3.1/thumb/v7e-m+fp/hard\libgcc.a(_fixunssfdi.o)
                0x0000000008000c40                __fixunssfdi
                0x0000000008000c40                __aeabi_f2ulz
 .text          0x0000000008000c80      0x2d0 c:/st/stm32cubeide_1.10.1/stm32cubeide/plugins/com.st.stm32cube.ide.mcu.externaltools.gnu-tools-for-stm32.10.3-2021.10.win32_1.0.0.202111181127/tools/bin/../lib/gcc/arm-none-eabi/10.3.1/thumb/v7e-m+fp/hard\libgcc.a(_udivmoddi4.o)
                0x0000000008000c80                __udivmoddi4
 .text          0x0000000008000f50        0x4 c:/st/stm32cubeide_1.10.1/stm32cubeide/plugins/com.st.stm32cube.ide.mcu.externaltools.gnu-tools-for-stm32.10.3-2021.10.win32_1.0.0.202111181127/tools/bin/../lib/gcc/arm-none-eabi/10.3.1/thumb/v7e-m+fp/hard\libgcc.a(_dvmd_tls.o)
                0x0000000008000f50                __aeabi_idiv0
                0x0000000008000f50                __aeabi_ldiv0
 .text          0x0000000008000f54       0x40 c:/st/stm32cubeide_1.10.1/stm32cubeide/plugins/com.st.stm32cube.ide.mcu.externaltools.gnu-tools-for-stm32.10.3-2021.10.win32_1.0.0.202111181127/tools/bin/../lib/gcc/arm-none-eabi/10.3.1/thumb/v7e-m+fp/hard\libgcc.a(_arm_fixunsdfsi.o)
                0x0000000008000f54                __aeabi_d2uiz
                0x0000000008000f54                __fixunsdfsi
 *(.text*)
 *fill*         0x0000000008000f94        0x4 
 .text.SystemClock_Config
                0x0000000008000f98       0xc0 ./Core/Src/main.o
                0x0000000008000f98                SystemClock_Config
 .text.startup.main
                0x0000000008001058      0x3d4 ./Core/Src/main.o
                0x0000000008001058                main
 .text.Error_Handler
                0x000000000800142c        0x4 ./Core/Src/main.o
                0x000000000800142c                Error_Handler
 .text.HAL_MspInit
                0x0000000008001430       0x30 ./Core/Src/stm32f7xx_hal_msp.o
                0x0000000008001430                HAL_MspInit
 .text.HAL_CRC_MspInit
                0x0000000008001460       0x2c ./Core/Src/stm32f7xx_hal_msp.o
                0x0000000008001460                HAL_CRC_MspInit
 .text.HAL_TIM_Base_MspInit
                0x000000000800148c       0x2c ./Core/Src/stm32f7xx_hal_msp.o
                0x000000000800148c                HAL_TIM_Base_MspInit
 .text.HAL_UART_MspInit
                0x00000000080014b8       0xbc ./Core/Src/stm32f7xx_hal_msp.o
                0x00000000080014b8                HAL_UART_MspInit
 .text.NMI_Handler
                0x0000000008001574        0x4 ./Core/Src/stm32f7xx_it.o
                0x0000000008001574                NMI_Handler
 .text.HardFault_Handler
                0x0000000008001578        0x4 ./Core/Src/stm32f7xx_it.o
                0x0000000008001578                HardFault_Handler
 .text.MemManage_Handler
                0x000000000800157c        0x4 ./Core/Src/stm32f7xx_it.o
                0x000000000800157c                MemManage_Handler
 .text.BusFault_Handler
                0x0000000008001580        0x4 ./Core/Src/stm32f7xx_it.o
                0x0000000008001580                BusFault_Handler
 .text.UsageFault_Handler
                0x0000000008001584        0x4 ./Core/Src/stm32f7xx_it.o
                0x0000000008001584                UsageFault_Handler
 .text.SVC_Handler
                0x0000000008001588        0x4 ./Core/Src/stm32f7xx_it.o
                0x0000000008001588                SVC_Handler
 .text.DebugMon_Handler
                0x000000000800158c        0x4 ./Core/Src/stm32f7xx_it.o
                0x000000000800158c                DebugMon_Handler
 .text.PendSV_Handler
                0x0000000008001590        0x4 ./Core/Src/stm32f7xx_it.o
                0x0000000008001590                PendSV_Handler
 .text.SysTick_Handler
                0x0000000008001594        0x4 ./Core/Src/stm32f7xx_it.o
                0x0000000008001594                SysTick_Handler
 .text._sbrk    0x0000000008001598       0x48 ./Core/Src/sysmem.o
                0x0000000008001598                _sbrk
 .text.SystemInit
                0x00000000080015e0       0x14 ./Core/Src/system_stm32f7xx.o
                0x00000000080015e0                SystemInit
 .text.Reset_Handler
                0x00000000080015f4       0x50 ./Core/Startup/startup_stm32f746nghx.o
                0x00000000080015f4                Reset_Handler
 .text.Default_Handler
                0x0000000008001644        0x2 ./Core/Startup/startup_stm32f746nghx.o
                0x0000000008001644                RTC_Alarm_IRQHandler
                0x0000000008001644                EXTI2_IRQHandler
                0x0000000008001644                TIM8_CC_IRQHandler
                0x0000000008001644                UART8_IRQHandler
                0x0000000008001644                SPI4_IRQHandler
                0x0000000008001644                TIM1_CC_IRQHandler
                0x0000000008001644                DMA2_Stream5_IRQHandler
                0x0000000008001644                DMA1_Stream5_IRQHandler
                0x0000000008001644                PVD_IRQHandler
                0x0000000008001644                TAMP_STAMP_IRQHandler
                0x0000000008001644                CAN2_RX1_IRQHandler
                0x0000000008001644                EXTI3_IRQHandler
                0x0000000008001644                TIM8_TRG_COM_TIM14_IRQHandler
                0x0000000008001644                TIM1_UP_TIM10_IRQHandler
                0x0000000008001644                TIM8_UP_TIM13_IRQHandler
                0x0000000008001644                I2C3_ER_IRQHandler
                0x0000000008001644                EXTI0_IRQHandler
                0x0000000008001644                I2C2_EV_IRQHandler
                0x0000000008001644                DMA1_Stream2_IRQHandler
                0x0000000008001644                CAN1_RX0_IRQHandler
                0x0000000008001644                FPU_IRQHandler
                0x0000000008001644                OTG_HS_WKUP_IRQHandler
                0x0000000008001644                LTDC_ER_IRQHandler
                0x0000000008001644                CAN2_SCE_IRQHandler
                0x0000000008001644                DMA2_Stream2_IRQHandler
                0x0000000008001644                SPI1_IRQHandler
                0x0000000008001644                TIM6_DAC_IRQHandler
                0x0000000008001644                TIM1_BRK_TIM9_IRQHandler
                0x0000000008001644                DCMI_IRQHandler
                0x0000000008001644                CAN2_RX0_IRQHandler
                0x0000000008001644                DMA2_Stream3_IRQHandler
                0x0000000008001644                SAI2_IRQHandler
                0x0000000008001644                USART6_IRQHandler
                0x0000000008001644                USART3_IRQHandler
                0x0000000008001644                CAN1_RX1_IRQHandler
                0x0000000008001644                UART5_IRQHandler
                0x0000000008001644                DMA2_Stream0_IRQHandler
                0x0000000008001644                TIM4_IRQHandler
                0x0000000008001644                QUADSPI_IRQHandler
                0x0000000008001644                I2C1_EV_IRQHandler
                0x0000000008001644                DMA1_Stream6_IRQHandler
                0x0000000008001644                DMA1_Stream1_IRQHandler
                0x0000000008001644                UART4_IRQHandler
                0x0000000008001644                TIM3_IRQHandler
                0x0000000008001644                RCC_IRQHandler
                0x0000000008001644                TIM8_BRK_TIM12_IRQHandler
                0x0000000008001644                Default_Handler
                0x0000000008001644                CEC_IRQHandler
                0x0000000008001644                EXTI15_10_IRQHandler
                0x0000000008001644                ADC_IRQHandler
                0x0000000008001644                DMA1_Stream7_IRQHandler
                0x0000000008001644                SPI5_IRQHandler
                0x0000000008001644                TIM7_IRQHandler
                0x0000000008001644                SDMMC1_IRQHandler
                0x0000000008001644                CAN2_TX_IRQHandler
                0x0000000008001644                TIM5_IRQHandler
                0x0000000008001644                DMA2_Stream7_IRQHandler
                0x0000000008001644                I2C3_EV_IRQHandler
                0x0000000008001644                EXTI9_5_IRQHandler
                0x0000000008001644                RTC_WKUP_IRQHandler
                0x0000000008001644                LTDC_IRQHandler
                0x0000000008001644                ETH_WKUP_IRQHandler
                0x0000000008001644                SPDIF_RX_IRQHandler
                0x0000000008001644                SPI2_IRQHandler
                0x0000000008001644                OTG_HS_EP1_IN_IRQHandler
                0x0000000008001644                DMA1_Stream0_IRQHandler
                0x0000000008001644                CAN1_TX_IRQHandler
                0x0000000008001644                EXTI4_IRQHandler
                0x0000000008001644                RNG_IRQHandler
                0x0000000008001644                ETH_IRQHandler
                0x0000000008001644                OTG_HS_EP1_OUT_IRQHandler
                0x0000000008001644                WWDG_IRQHandler
                0x0000000008001644                SPI6_IRQHandler
                0x0000000008001644                I2C4_EV_IRQHandler
                0x0000000008001644                TIM2_IRQHandler
                0x0000000008001644                OTG_FS_WKUP_IRQHandler
                0x0000000008001644                TIM1_TRG_COM_TIM11_IRQHandler
                0x0000000008001644                OTG_HS_IRQHandler
                0x0000000008001644                DMA2D_IRQHandler
                0x0000000008001644                EXTI1_IRQHandler
                0x0000000008001644                UART7_IRQHandler
                0x0000000008001644                USART2_IRQHandler
                0x0000000008001644                I2C2_ER_IRQHandler
                0x0000000008001644                DMA2_Stream1_IRQHandler
                0x0000000008001644                CAN1_SCE_IRQHandler
                0x0000000008001644                FLASH_IRQHandler
                0x0000000008001644                DMA2_Stream4_IRQHandler
                0x0000000008001644                USART1_IRQHandler
                0x0000000008001644                OTG_FS_IRQHandler
                0x0000000008001644                SPI3_IRQHandler
                0x0000000008001644                DMA1_Stream4_IRQHandler
                0x0000000008001644                I2C1_ER_IRQHandler
                0x0000000008001644                FMC_IRQHandler
                0x0000000008001644                LPTIM1_IRQHandler
                0x0000000008001644                I2C4_ER_IRQHandler
                0x0000000008001644                DMA2_Stream6_IRQHandler
                0x0000000008001644                SAI1_IRQHandler
                0x0000000008001644                DMA1_Stream3_IRQHandler
 *fill*         0x0000000008001646        0x2 
 .text.HAL_InitTick
                0x0000000008001648       0x48 ./Drivers/STM32F7xx_HAL_Driver/Src/stm32f7xx_hal.o
                0x0000000008001648                HAL_InitTick
 .text.HAL_Init
                0x0000000008001690       0x18 ./Drivers/STM32F7xx_HAL_Driver/Src/stm32f7xx_hal.o
                0x0000000008001690                HAL_Init
 .text.HAL_IncTick
                0x00000000080016a8       0x18 ./Drivers/STM32F7xx_HAL_Driver/Src/stm32f7xx_hal.o
                0x00000000080016a8                HAL_IncTick
 .text.HAL_GetTick
                0x00000000080016c0        0xc ./Drivers/STM32F7xx_HAL_Driver/Src/stm32f7xx_hal.o
                0x00000000080016c0                HAL_GetTick
 .text.HAL_NVIC_SetPriorityGrouping
                0x00000000080016cc       0x24 ./Drivers/STM32F7xx_HAL_Driver/Src/stm32f7xx_hal_cortex.o
                0x00000000080016cc                HAL_NVIC_SetPriorityGrouping
 .text.HAL_NVIC_SetPriority
                0x00000000080016f0       0x7c ./Drivers/STM32F7xx_HAL_Driver/Src/stm32f7xx_hal_cortex.o
                0x00000000080016f0                HAL_NVIC_SetPriority
 .text.HAL_SYSTICK_Config
                0x000000000800176c       0x2c ./Drivers/STM32F7xx_HAL_Driver/Src/stm32f7xx_hal_cortex.o
                0x000000000800176c                HAL_SYSTICK_Config
 .text.HAL_CRC_Init
                0x0000000008001798       0x7c ./Drivers/STM32F7xx_HAL_Driver/Src/stm32f7xx_hal_crc.o
                0x0000000008001798                HAL_CRC_Init
 .text.HAL_CRCEx_Polynomial_Set
                0x0000000008001814       0x68 ./Drivers/STM32F7xx_HAL_Driver/Src/stm32f7xx_hal_crc_ex.o
                0x0000000008001814                HAL_CRCEx_Polynomial_Set
 .text.HAL_GPIO_Init
                0x000000000800187c      0x268 ./Drivers/STM32F7xx_HAL_Driver/Src/stm32f7xx_hal_gpio.o
                0x000000000800187c                HAL_GPIO_Init
 .text.HAL_PWREx_EnableOverDrive
                0x0000000008001ae4       0x74 ./Drivers/STM32F7xx_HAL_Driver/Src/stm32f7xx_hal_pwr_ex.o
                0x0000000008001ae4                HAL_PWREx_EnableOverDrive
 .text.HAL_RCC_OscConfig
                0x0000000008001b58      0x3dc ./Drivers/STM32F7xx_HAL_Driver/Src/stm32f7xx_hal_rcc.o
                0x0000000008001b58                HAL_RCC_OscConfig
 .text.HAL_RCC_ClockConfig
                0x0000000008001f34      0x1a8 ./Drivers/STM32F7xx_HAL_Driver/Src/stm32f7xx_hal_rcc.o
                0x0000000008001f34                HAL_RCC_ClockConfig
 .text.HAL_RCC_GetSysClockFreq
                0x00000000080020dc       0x68 ./Drivers/STM32F7xx_HAL_Driver/Src/stm32f7xx_hal_rcc.o
                0x00000000080020dc                HAL_RCC_GetSysClockFreq
 .text.HAL_RCC_GetPCLK1Freq
                0x0000000008002144       0x20 ./Drivers/STM32F7xx_HAL_Driver/Src/stm32f7xx_hal_rcc.o
                0x0000000008002144                HAL_RCC_GetPCLK1Freq
 .text.HAL_RCC_GetPCLK2Freq
                0x0000000008002164       0x20 ./Drivers/STM32F7xx_HAL_Driver/Src/stm32f7xx_hal_rcc.o
                0x0000000008002164                HAL_RCC_GetPCLK2Freq
 .text.HAL_RCCEx_PeriphCLKConfig
                0x0000000008002184      0x528 ./Drivers/STM32F7xx_HAL_Driver/Src/stm32f7xx_hal_rcc_ex.o
                0x0000000008002184                HAL_RCCEx_PeriphCLKConfig
 .text.HAL_TIM_Base_Init
                0x00000000080026ac      0x16c ./Drivers/STM32F7xx_HAL_Driver/Src/stm32f7xx_hal_tim.o
                0x00000000080026ac                HAL_TIM_Base_Init
 .text.HAL_TIM_Base_Start
                0x0000000008002818       0xb0 ./Drivers/STM32F7xx_HAL_Driver/Src/stm32f7xx_hal_tim.o
                0x0000000008002818                HAL_TIM_Base_Start
 .text.HAL_TIM_ConfigClockSource
                0x00000000080028c8      0x160 ./Drivers/STM32F7xx_HAL_Driver/Src/stm32f7xx_hal_tim.o
                0x00000000080028c8                HAL_TIM_ConfigClockSource
 .text.HAL_TIMEx_MasterConfigSynchronization
                0x0000000008002a28       0xb4 ./Drivers/STM32F7xx_HAL_Driver/Src/stm32f7xx_hal_tim_ex.o
                0x0000000008002a28                HAL_TIMEx_MasterConfigSynchronization
 .text.UART_SetConfig
                0x0000000008002adc      0x2d4 ./Drivers/STM32F7xx_HAL_Driver/Src/stm32f7xx_hal_uart.o
                0x0000000008002adc                UART_SetConfig
 .text.UART_AdvFeatureConfig
                0x0000000008002db0       0xb0 ./Drivers/STM32F7xx_HAL_Driver/Src/stm32f7xx_hal_uart.o
                0x0000000008002db0                UART_AdvFeatureConfig
 .text.HAL_UART_Init
                0x0000000008002e60      0x128 ./Drivers/STM32F7xx_HAL_Driver/Src/stm32f7xx_hal_uart.o
                0x0000000008002e60                HAL_UART_Init
 .text.UART_WaitOnFlagUntilTimeout
                0x0000000008002f88       0xec ./Drivers/STM32F7xx_HAL_Driver/Src/stm32f7xx_hal_uart.o
                0x0000000008002f88                UART_WaitOnFlagUntilTimeout
 .text.HAL_UART_Transmit
                0x0000000008003074      0x178 ./Drivers/STM32F7xx_HAL_Driver/Src/stm32f7xx_hal_uart.o
                0x0000000008003074                HAL_UART_Transmit
 .text.ai_network_get_error
                0x00000000080031ec        0x4 ./X-CUBE-AI/App/network.o
                0x00000000080031ec                ai_network_get_error
 .text.ai_network_create
                0x00000000080031f0       0x1c ./X-CUBE-AI/App/network.o
                0x00000000080031f0                ai_network_create
 *fill*         0x000000000800320c        0x4 
 .text.ai_network_init
                0x0000000008003210      0xd60 ./X-CUBE-AI/App/network.o
                0x0000000008003210                ai_network_init
 .text.ai_network_run
                0x0000000008003f70        0x4 ./X-CUBE-AI/App/network.o
                0x0000000008003f70                ai_network_run
 .text.ai_network_data_weights_get
                0x0000000008003f74        0x8 ./X-CUBE-AI/App/network_data.o
                0x0000000008003f74                ai_network_data_weights_get
 .text.ai_platform_network_get_error
                0x0000000008003f7c      0x11c ../Middlewares/ST/AI/Lib\NetworkRuntime600_CM7_GCC.a(ai_platform_interface.o)
                0x0000000008003f7c                ai_platform_network_get_error
 .text.ai_platform_network_create
                0x0000000008004098      0x18c ../Middlewares/ST/AI/Lib\NetworkRuntime600_CM7_GCC.a(ai_platform_interface.o)
                0x0000000008004098                ai_platform_network_create
 .text.ai_platform_network_init
                0x0000000008004224      0x1b4 ../Middlewares/ST/AI/Lib\NetworkRuntime600_CM7_GCC.a(ai_platform_interface.o)
                0x0000000008004224                ai_platform_network_init
 .text.ai_platform_network_post_init
                0x00000000080043d8      0x15c ../Middlewares/ST/AI/Lib\NetworkRuntime600_CM7_GCC.a(ai_platform_interface.o)
                0x00000000080043d8                ai_platform_network_post_init
 .text.ai_platform_network_process
                0x0000000008004534      0x558 ../Middlewares/ST/AI/Lib\NetworkRuntime600_CM7_GCC.a(ai_platform_interface.o)
                0x0000000008004534                ai_platform_network_process
 .text.node_convert
                0x0000000008004a8c      0x29c ../Middlewares/ST/AI/Lib\NetworkRuntime600_CM7_GCC.a(core_convert.o)
                0x0000000008004a8c                node_convert
 .text.core_init
                0x0000000008004d28        0x4 ../Middlewares/ST/AI/Lib\NetworkRuntime600_CM7_GCC.a(core_common.o)
                0x0000000008004d28                core_init
 .text.core_get_error
                0x0000000008004d2c        0xc ../Middlewares/ST/AI/Lib\NetworkRuntime600_CM7_GCC.a(core_common.o)
                0x0000000008004d2c                core_get_error
 .text.core_set_error
                0x0000000008004d38       0x18 ../Middlewares/ST/AI/Lib\NetworkRuntime600_CM7_GCC.a(core_common.o)
                0x0000000008004d38                core_set_error
 .text.func_dummy
                0x0000000008004d50        0x4 ../Middlewares/ST/AI/Lib\NetworkRuntime600_CM7_GCC.a(layers_conv2d_stm32_integer.o)
 .text.forward_conv2d_integer_SSSA_ch
                0x0000000008004d54      0x590 ../Middlewares/ST/AI/Lib\NetworkRuntime600_CM7_GCC.a(layers_conv2d_stm32_integer.o)
                0x0000000008004d54                forward_conv2d_integer_SSSA_ch
 .text.forward_conv2d_nl_pool_integer_SSSA_ch
                0x00000000080052e4      0x73c ../Middlewares/ST/AI/Lib\NetworkRuntime600_CM7_GCC.a(layers_conv2d_stm32_integer.o)
                0x00000000080052e4                forward_conv2d_nl_pool_integer_SSSA_ch
 .text.forward_dense_integer_SSSA
                0x0000000008005a20      0x20c ../Middlewares/ST/AI/Lib\NetworkRuntime600_CM7_GCC.a(layers_conv2d_stm32_integer.o)
                0x0000000008005a20                forward_dense_integer_SSSA
 .text.nl_func_sm_array_f32
                0x0000000008005c2c       0xf8 ../Middlewares/ST/AI/Lib\NetworkRuntime600_CM7_GCC.a(layers_nl_generic_float.o)
                0x0000000008005c2c                nl_func_sm_array_f32
 .text.forward_sm
                0x0000000008005d24       0x5c ../Middlewares/ST/AI/Lib\NetworkRuntime600_CM7_GCC.a(layers_nl_generic_float.o)
                0x0000000008005d24                forward_sm
 .text.ai_check_custom_types
                0x0000000008005d80       0x54 ../Middlewares/ST/AI/Lib\NetworkRuntime600_CM7_GCC.a(layers.o)
                0x0000000008005d80                ai_check_custom_types
 .text.ai_layers_init_all
                0x0000000008005dd4       0x28 ../Middlewares/ST/AI/Lib\NetworkRuntime600_CM7_GCC.a(layers.o)
                0x0000000008005dd4                ai_layers_init_all
 .text.ai_layers_post_init_all
                0x0000000008005dfc       0x2c ../Middlewares/ST/AI/Lib\NetworkRuntime600_CM7_GCC.a(layers.o)
                0x0000000008005dfc                ai_layers_post_init_all
 .text.ai_layers_forward_all
                0x0000000008005e28       0x98 ../Middlewares/ST/AI/Lib\NetworkRuntime600_CM7_GCC.a(layers.o)
                0x0000000008005e28                ai_layers_forward_all
 .text.pool_func_ap_array_integer_INT8
                0x0000000008005ec0      0x160 ../Middlewares/ST/AI/Lib\NetworkRuntime600_CM7_GCC.a(layers_pool_stm32_integer.o)
                0x0000000008005ec0                pool_func_ap_array_integer_INT8
 .text.arm_fully_connected_s8
                0x0000000008006020       0x5c ../Middlewares/ST/AI/Lib\NetworkRuntime600_CM7_GCC.a(arm_fully_connected_s8.o)
                0x0000000008006020                arm_fully_connected_s8
 .text.arm_fully_connected_s8_get_buffer_size
                0x000000000800607c        0x4 ../Middlewares/ST/AI/Lib\NetworkRuntime600_CM7_GCC.a(arm_fully_connected_s8.o)
                0x000000000800607c                arm_fully_connected_s8_get_buffer_size
 .text.arm_nn_vec_mat_mult_t_s8
                0x0000000008006080      0x900 ../Middlewares/ST/AI/Lib\NetworkRuntime600_CM7_GCC.a(arm_nn_vec_mat_mult_t_s8.o)
                0x0000000008006080                arm_nn_vec_mat_mult_t_s8
 .text.arm_float_to_q15
                0x0000000008006980      0x174 ../Middlewares/ST/AI/Lib\NetworkRuntime600_CM7_GCC.a(arm_float_to_q15.o)
                0x0000000008006980                arm_float_to_q15
 .text.arm_float_to_q7
                0x0000000008006af4      0x190 ../Middlewares/ST/AI/Lib\NetworkRuntime600_CM7_GCC.a(arm_float_to_q7.o)
                0x0000000008006af4                arm_float_to_q7
 .text.arm_q15_to_float
                0x0000000008006c84       0xd0 ../Middlewares/ST/AI/Lib\NetworkRuntime600_CM7_GCC.a(arm_q15_to_float.o)
                0x0000000008006c84                arm_q15_to_float
 .text.arm_q7_to_float
                0x0000000008006d54       0xcc ../Middlewares/ST/AI/Lib\NetworkRuntime600_CM7_GCC.a(arm_q7_to_float.o)
                0x0000000008006d54                arm_q7_to_float
 .text.align_factor_cmsisnn
                0x0000000008006e20       0xdc ../Middlewares/ST/AI/Lib\NetworkRuntime600_CM7_GCC.a(st_convolve_reference.o)
                0x0000000008006e20                align_factor_cmsisnn
 .text.align_factor_ch
                0x0000000008006efc       0xe8 ../Middlewares/ST/AI/Lib\NetworkRuntime600_CM7_GCC.a(st_convolve_reference.o)
                0x0000000008006efc                align_factor_ch
 .text.st_sssa8_ch_conv_dw_Wadapt
                0x0000000008006fe4      0x16c ../Middlewares/ST/AI/Lib\NetworkRuntime600_CM7_GCC.a(st_sssa8_ch_convolve_dw.o)
                0x0000000008006fe4                st_sssa8_ch_conv_dw_Wadapt
 .text.st_sssa8_ch_convolve_dw
                0x0000000008007150      0xa10 ../Middlewares/ST/AI/Lib\NetworkRuntime600_CM7_GCC.a(st_sssa8_ch_convolve_dw.o)
                0x0000000008007150                st_sssa8_ch_convolve_dw
 .text.st_sssa8_ch_convolve_rank1upd
                0x0000000008007b60      0x110 ../Middlewares/ST/AI/Lib\NetworkRuntime600_CM7_GCC.a(st_sssa8_ch_convolve.o)
                0x0000000008007b60                st_sssa8_ch_convolve_rank1upd
 .text.st_sssa8_ch_convolve
                0x0000000008007c70      0xa9c ../Middlewares/ST/AI/Lib\NetworkRuntime600_CM7_GCC.a(st_sssa8_ch_convolve.o)
                0x0000000008007c70                st_sssa8_ch_convolve
 .text.st_sssa8_ch_convolve_rgb
                0x000000000800870c      0x7f8 ../Middlewares/ST/AI/Lib\NetworkRuntime600_CM7_GCC.a(st_sssa8_ch_convolve_rgb.o)
                0x000000000800870c                st_sssa8_ch_convolve_rgb
 .text.st_sssa8_ch_convolve_1x1_WeightsPrefetch
                0x0000000008008f04       0x28 ../Middlewares/ST/AI/Lib\NetworkRuntime600_CM7_GCC.a(st_sssa8_ch_convolve_1x1.o)
                0x0000000008008f04                st_sssa8_ch_convolve_1x1_WeightsPrefetch
 .text.st_sssa8_ch_convolve_1x1
                0x0000000008008f2c      0x10c ../Middlewares/ST/AI/Lib\NetworkRuntime600_CM7_GCC.a(st_sssa8_ch_convolve_1x1.o)
                0x0000000008008f2c                st_sssa8_ch_convolve_1x1
 .text.ai_padding_opt_init
                0x0000000008009038       0xb4 ../Middlewares/ST/AI/Lib\NetworkRuntime600_CM7_GCC.a(st_padding_opt.o)
                0x0000000008009038                ai_padding_opt_init
 .text.ai_padding_opt_phase1
                0x00000000080090ec       0x38 ../Middlewares/ST/AI/Lib\NetworkRuntime600_CM7_GCC.a(st_padding_opt.o)
                0x00000000080090ec                ai_padding_opt_phase1
 .text.st_uint8_fill
                0x0000000008009124       0x3c ../Middlewares/ST/AI/Lib\NetworkRuntime600_CM7_GCC.a(st_uint8_fill.o)
                0x0000000008009124                st_uint8_fill
 .text.st_sssa8_ch_nn_mat_mult_kernel
                0x0000000008009160      0x718 ../Middlewares/ST/AI/Lib\NetworkRuntime600_CM7_GCC.a(st_sssa8_ch_nn_mat_mult_kernel.o)
                0x0000000008009160                st_sssa8_ch_nn_mat_mult_kernel
 .text.st_int8_to16_no_shift
                0x0000000008009878      0x144 ../Middlewares/ST/AI/Lib\NetworkRuntime600_CM7_GCC.a(st_int8_to16_no_shift.o)
                0x0000000008009878                st_int8_to16_no_shift
 .text.st_int8_to16_dual
                0x00000000080099bc      0x2dc ../Middlewares/ST/AI/Lib\NetworkRuntime600_CM7_GCC.a(st_int8_to16_no_shift.o)
                0x00000000080099bc                st_int8_to16_dual
 .text.st_sssa8_ch_fullW_prefetch
                0x0000000008009c98      0x200 ../Middlewares/ST/AI/Lib\NetworkRuntime600_CM7_GCC.a(st_sssa8_ch_nn_mat_mult_nt_t.o)
                0x0000000008009c98                st_sssa8_ch_fullW_prefetch
 .text.st_sssa8_ch_nn_mat_mult_nt_t
                0x0000000008009e98      0x93c ../Middlewares/ST/AI/Lib\NetworkRuntime600_CM7_GCC.a(st_sssa8_ch_nn_mat_mult_nt_t.o)
                0x0000000008009e98                st_sssa8_ch_nn_mat_mult_nt_t
 .text.st_sssa8_ch_nn_mat_mult_kernel_opt
                0x000000000800a7d4      0x590 ../Middlewares/ST/AI/Lib\NetworkRuntime600_CM7_GCC.a(st_sssa8_ch_nn_mat_mult_kernel_opt.o)
                0x000000000800a7d4                st_sssa8_ch_nn_mat_mult_kernel_opt
 .text.st_sssa8_ch_nn_mat_mult_kernel_single_opt
                0x000000000800ad64      0x35c ../Middlewares/ST/AI/Lib\NetworkRuntime600_CM7_GCC.a(st_sssa8_ch_nn_mat_mult_kernel_opt.o)
                0x000000000800ad64                st_sssa8_ch_nn_mat_mult_kernel_single_opt
 .text.st_int8_avepool
                0x000000000800b0c0      0x24c ../Middlewares/ST/AI/Lib\NetworkRuntime600_CM7_GCC.a(st_int8_pool.o)
                0x000000000800b0c0                st_int8_avepool
 .text.ai_array_to_buffer_fmt
                0x000000000800b30c       0x98 ../Middlewares/ST/AI/Lib\NetworkRuntime600_CM7_GCC.a(ai_datatypes_format.o)
                0x000000000800b30c                ai_array_to_buffer_fmt
 .text.ai_array_get_byte_size
                0x000000000800b3a4       0x50 ../Middlewares/ST/AI/Lib\NetworkRuntime600_CM7_GCC.a(ai_datatypes_format.o)
                0x000000000800b3a4                ai_array_get_byte_size
 .text.core_tensor_clone
                0x000000000800b3f4       0x64 ../Middlewares/ST/AI/Lib\NetworkRuntime600_CM7_GCC.a(core_utils.o)
                0x000000000800b3f4                core_tensor_clone
 .text.core_array_clone
                0x000000000800b458       0x10 ../Middlewares/ST/AI/Lib\NetworkRuntime600_CM7_GCC.a(core_utils.o)
                0x000000000800b458                core_array_clone
 .text.arm_copy_q7
                0x000000000800b468       0x44 ../Middlewares/ST/AI/Lib\NetworkRuntime600_CM7_GCC.a(arm_copy_q7.o)
                0x000000000800b468                arm_copy_q7
 .text.arm_fill_q15
                0x000000000800b4ac       0x38 ../Middlewares/ST/AI/Lib\NetworkRuntime600_CM7_GCC.a(arm_fill_q15.o)
                0x000000000800b4ac                arm_fill_q15
 .text.fabsf    0x000000000800b4e4        0xe c:/st/stm32cubeide_1.10.1/stm32cubeide/plugins/com.st.stm32cube.ide.mcu.externaltools.gnu-tools-for-stm32.10.3-2021.10.win32_1.0.0.202111181127/tools/bin/../lib/gcc/arm-none-eabi/10.3.1/../../../../arm-none-eabi/lib/thumb/v7e-m+fp/hard\libm.a(lib_a-sf_fabs.o)
                0x000000000800b4e4                fabsf
 *fill*         0x000000000800b4f2        0x2 
 .text.expf     0x000000000800b4f4       0x6c c:/st/stm32cubeide_1.10.1/stm32cubeide/plugins/com.st.stm32cube.ide.mcu.externaltools.gnu-tools-for-stm32.10.3-2021.10.win32_1.0.0.202111181127/tools/bin/../lib/gcc/arm-none-eabi/10.3.1/../../../../arm-none-eabi/lib/thumb/v7e-m+fp/hard\libm.a(lib_a-wf_exp.o)
                0x000000000800b4f4                expf
 .text.powf     0x000000000800b560       0xae c:/st/stm32cubeide_1.10.1/stm32cubeide/plugins/com.st.stm32cube.ide.mcu.externaltools.gnu-tools-for-stm32.10.3-2021.10.win32_1.0.0.202111181127/tools/bin/../lib/gcc/arm-none-eabi/10.3.1/../../../../arm-none-eabi/lib/thumb/v7e-m+fp/hard\libm.a(lib_a-wf_pow.o)
                0x000000000800b560                powf
 *fill*         0x000000000800b60e        0x2 
 .text.__ieee754_expf
                0x000000000800b610      0x19c c:/st/stm32cubeide_1.10.1/stm32cubeide/plugins/com.st.stm32cube.ide.mcu.externaltools.gnu-tools-for-stm32.10.3-2021.10.win32_1.0.0.202111181127/tools/bin/../lib/gcc/arm-none-eabi/10.3.1/../../../../arm-none-eabi/lib/thumb/v7e-m+fp/hard\libm.a(lib_a-ef_exp.o)
                0x000000000800b610                __ieee754_expf
 .text.__ieee754_powf
                0x000000000800b7ac      0x59c c:/st/stm32cubeide_1.10.1/stm32cubeide/plugins/com.st.stm32cube.ide.mcu.externaltools.gnu-tools-for-stm32.10.3-2021.10.win32_1.0.0.202111181127/tools/bin/../lib/gcc/arm-none-eabi/10.3.1/../../../../arm-none-eabi/lib/thumb/v7e-m+fp/hard\libm.a(lib_a-ef_pow.o)
                0x000000000800b7ac                __ieee754_powf
 .text.__ieee754_sqrtf
                0x000000000800bd48        0x6 c:/st/stm32cubeide_1.10.1/stm32cubeide/plugins/com.st.stm32cube.ide.mcu.externaltools.gnu-tools-for-stm32.10.3-2021.10.win32_1.0.0.202111181127/tools/bin/../lib/gcc/arm-none-eabi/10.3.1/../../../../arm-none-eabi/lib/thumb/v7e-m+fp/hard\libm.a(lib_a-ef_sqrt.o)
                0x000000000800bd48                __ieee754_sqrtf
 .text.with_errnof
                0x000000000800bd4e       0x16 c:/st/stm32cubeide_1.10.1/stm32cubeide/plugins/com.st.stm32cube.ide.mcu.externaltools.gnu-tools-for-stm32.10.3-2021.10.win32_1.0.0.202111181127/tools/bin/../lib/gcc/arm-none-eabi/10.3.1/../../../../arm-none-eabi/lib/thumb/v7e-m+fp/hard\libm.a(lib_a-math_errf.o)
 .text.xflowf   0x000000000800bd64       0x16 c:/st/stm32cubeide_1.10.1/stm32cubeide/plugins/com.st.stm32cube.ide.mcu.externaltools.gnu-tools-for-stm32.10.3-2021.10.win32_1.0.0.202111181127/tools/bin/../lib/gcc/arm-none-eabi/10.3.1/../../../../arm-none-eabi/lib/thumb/v7e-m+fp/hard\libm.a(lib_a-math_errf.o)
 *fill*         0x000000000800bd7a        0x2 
 .text.__math_uflowf
                0x000000000800bd7c        0xc c:/st/stm32cubeide_1.10.1/stm32cubeide/plugins/com.st.stm32cube.ide.mcu.externaltools.gnu-tools-for-stm32.10.3-2021.10.win32_1.0.0.202111181127/tools/bin/../lib/gcc/arm-none-eabi/10.3.1/../../../../arm-none-eabi/lib/thumb/v7e-m+fp/hard\libm.a(lib_a-math_errf.o)
                0x000000000800bd7c                __math_uflowf
 .text.__math_oflowf
                0x000000000800bd88        0xc c:/st/stm32cubeide_1.10.1/stm32cubeide/plugins/com.st.stm32cube.ide.mcu.externaltools.gnu-tools-for-stm32.10.3-2021.10.win32_1.0.0.202111181127/tools/bin/../lib/gcc/arm-none-eabi/10.3.1/../../../../arm-none-eabi/lib/thumb/v7e-m+fp/hard\libm.a(lib_a-math_errf.o)
                0x000000000800bd88                __math_oflowf
 .text.finitef  0x000000000800bd94       0x1a c:/st/stm32cubeide_1.10.1/stm32cubeide/plugins/com.st.stm32cube.ide.mcu.externaltools.gnu-tools-for-stm32.10.3-2021.10.win32_1.0.0.202111181127/tools/bin/../lib/gcc/arm-none-eabi/10.3.1/../../../../arm-none-eabi/lib/thumb/v7e-m+fp/hard\libm.a(lib_a-sf_finite.o)
                0x000000000800bd94                finitef
 *fill*         0x000000000800bdae        0x2 
 .text.scalbnf  0x000000000800bdb0       0xe4 c:/st/stm32cubeide_1.10.1/stm32cubeide/plugins/com.st.stm32cube.ide.mcu.externaltools.gnu-tools-for-stm32.10.3-2021.10.win32_1.0.0.202111181127/tools/bin/../lib/gcc/arm-none-eabi/10.3.1/../../../../arm-none-eabi/lib/thumb/v7e-m+fp/hard\libm.a(lib_a-sf_scalbn.o)
                0x000000000800bdb0                scalbnf
 .text.__errno  0x000000000800be94        0xc c:/st/stm32cubeide_1.10.1/stm32cubeide/plugins/com.st.stm32cube.ide.mcu.externaltools.gnu-tools-for-stm32.10.3-2021.10.win32_1.0.0.202111181127/tools/bin/../lib/gcc/arm-none-eabi/10.3.1/../../../../arm-none-eabi/lib/thumb/v7e-m+fp/hard\libc_nano.a(lib_a-errno.o)
                0x000000000800be94                __errno
 .text.__libc_init_array
                0x000000000800bea0       0x48 c:/st/stm32cubeide_1.10.1/stm32cubeide/plugins/com.st.stm32cube.ide.mcu.externaltools.gnu-tools-for-stm32.10.3-2021.10.win32_1.0.0.202111181127/tools/bin/../lib/gcc/arm-none-eabi/10.3.1/../../../../arm-none-eabi/lib/thumb/v7e-m+fp/hard\libc_nano.a(lib_a-init.o)
                0x000000000800bea0                __libc_init_array
 .text.malloc   0x000000000800bee8       0x10 c:/st/stm32cubeide_1.10.1/stm32cubeide/plugins/com.st.stm32cube.ide.mcu.externaltools.gnu-tools-for-stm32.10.3-2021.10.win32_1.0.0.202111181127/tools/bin/../lib/gcc/arm-none-eabi/10.3.1/../../../../arm-none-eabi/lib/thumb/v7e-m+fp/hard\libc_nano.a(lib_a-malloc.o)
                0x000000000800bee8                malloc
 .text.memcpy   0x000000000800bef8       0x1c c:/st/stm32cubeide_1.10.1/stm32cubeide/plugins/com.st.stm32cube.ide.mcu.externaltools.gnu-tools-for-stm32.10.3-2021.10.win32_1.0.0.202111181127/tools/bin/../lib/gcc/arm-none-eabi/10.3.1/../../../../arm-none-eabi/lib/thumb/v7e-m+fp/hard\libc_nano.a(lib_a-memcpy-stub.o)
                0x000000000800bef8                memcpy
 .text.memset   0x000000000800bf14       0x10 c:/st/stm32cubeide_1.10.1/stm32cubeide/plugins/com.st.stm32cube.ide.mcu.externaltools.gnu-tools-for-stm32.10.3-2021.10.win32_1.0.0.202111181127/tools/bin/../lib/gcc/arm-none-eabi/10.3.1/../../../../arm-none-eabi/lib/thumb/v7e-m+fp/hard\libc_nano.a(lib_a-memset.o)
                0x000000000800bf14                memset
 .text._free_r  0x000000000800bf24       0x98 c:/st/stm32cubeide_1.10.1/stm32cubeide/plugins/com.st.stm32cube.ide.mcu.externaltools.gnu-tools-for-stm32.10.3-2021.10.win32_1.0.0.202111181127/tools/bin/../lib/gcc/arm-none-eabi/10.3.1/../../../../arm-none-eabi/lib/thumb/v7e-m+fp/hard\libc_nano.a(lib_a-nano-freer.o)
                0x000000000800bf24                _free_r
 .text.sbrk_aligned
                0x000000000800bfbc       0x40 c:/st/stm32cubeide_1.10.1/stm32cubeide/plugins/com.st.stm32cube.ide.mcu.externaltools.gnu-tools-for-stm32.10.3-2021.10.win32_1.0.0.202111181127/tools/bin/../lib/gcc/arm-none-eabi/10.3.1/../../../../arm-none-eabi/lib/thumb/v7e-m+fp/hard\libc_nano.a(lib_a-nano-mallocr.o)
 .text._malloc_r
                0x000000000800bffc       0xe8 c:/st/stm32cubeide_1.10.1/stm32cubeide/plugins/com.st.stm32cube.ide.mcu.externaltools.gnu-tools-for-stm32.10.3-2021.10.win32_1.0.0.202111181127/tools/bin/../lib/gcc/arm-none-eabi/10.3.1/../../../../arm-none-eabi/lib/thumb/v7e-m+fp/hard\libc_nano.a(lib_a-nano-mallocr.o)
                0x000000000800bffc                _malloc_r
 .text.__cvt    0x000000000800c0e4       0xc4 c:/st/stm32cubeide_1.10.1/stm32cubeide/plugins/com.st.stm32cube.ide.mcu.externaltools.gnu-tools-for-stm32.10.3-2021.10.win32_1.0.0.202111181127/tools/bin/../lib/gcc/arm-none-eabi/10.3.1/../../../../arm-none-eabi/lib/thumb/v7e-m+fp/hard\libc_nano.a(lib_a-nano-vfprintf_float.o)
                0x000000000800c0e4                __cvt
 .text.__exponent
                0x000000000800c1a8       0x7c c:/st/stm32cubeide_1.10.1/stm32cubeide/plugins/com.st.stm32cube.ide.mcu.externaltools.gnu-tools-for-stm32.10.3-2021.10.win32_1.0.0.202111181127/tools/bin/../lib/gcc/arm-none-eabi/10.3.1/../../../../arm-none-eabi/lib/thumb/v7e-m+fp/hard\libc_nano.a(lib_a-nano-vfprintf_float.o)
                0x000000000800c1a8                __exponent
 .text._printf_float
                0x000000000800c224      0x46c c:/st/stm32cubeide_1.10.1/stm32cubeide/plugins/com.st.stm32cube.ide.mcu.externaltools.gnu-tools-for-stm32.10.3-2021.10.win32_1.0.0.202111181127/tools/bin/../lib/gcc/arm-none-eabi/10.3.1/../../../../arm-none-eabi/lib/thumb/v7e-m+fp/hard\libc_nano.a(lib_a-nano-vfprintf_float.o)
                0x000000000800c224                _printf_float
 .text._printf_common
                0x000000000800c690       0xda c:/st/stm32cubeide_1.10.1/stm32cubeide/plugins/com.st.stm32cube.ide.mcu.externaltools.gnu-tools-for-stm32.10.3-2021.10.win32_1.0.0.202111181127/tools/bin/../lib/gcc/arm-none-eabi/10.3.1/../../../../arm-none-eabi/lib/thumb/v7e-m+fp/hard\libc_nano.a(lib_a-nano-vfprintf_i.o)
                0x000000000800c690                _printf_common
 *fill*         0x000000000800c76a        0x2 
 .text._printf_i
                0x000000000800c76c      0x24c c:/st/stm32cubeide_1.10.1/stm32cubeide/plugins/com.st.stm32cube.ide.mcu.externaltools.gnu-tools-for-stm32.10.3-2021.10.win32_1.0.0.202111181127/tools/bin/../lib/gcc/arm-none-eabi/10.3.1/../../../../arm-none-eabi/lib/thumb/v7e-m+fp/hard\libc_nano.a(lib_a-nano-vfprintf_i.o)
                0x000000000800c76c                _printf_i
 .text._sbrk_r  0x000000000800c9b8       0x20 c:/st/stm32cubeide_1.10.1/stm32cubeide/plugins/com.st.stm32cube.ide.mcu.externaltools.gnu-tools-for-stm32.10.3-2021.10.win32_1.0.0.202111181127/tools/bin/../lib/gcc/arm-none-eabi/10.3.1/../../../../arm-none-eabi/lib/thumb/v7e-m+fp/hard\libc_nano.a(lib_a-sbrkr.o)
                0x000000000800c9b8                _sbrk_r
 .text.sprintf  0x000000000800c9d8       0x40 c:/st/stm32cubeide_1.10.1/stm32cubeide/plugins/com.st.stm32cube.ide.mcu.externaltools.gnu-tools-for-stm32.10.3-2021.10.win32_1.0.0.202111181127/tools/bin/../lib/gcc/arm-none-eabi/10.3.1/../../../../arm-none-eabi/lib/thumb/v7e-m+fp/hard\libc_nano.a(lib_a-sprintf.o)
                0x000000000800c9d8                siprintf
                0x000000000800c9d8                sprintf
 .text.quorem   0x000000000800ca18      0x116 c:/st/stm32cubeide_1.10.1/stm32cubeide/plugins/com.st.stm32cube.ide.mcu.externaltools.gnu-tools-for-stm32.10.3-2021.10.win32_1.0.0.202111181127/tools/bin/../lib/gcc/arm-none-eabi/10.3.1/../../../../arm-none-eabi/lib/thumb/v7e-m+fp/hard\libc_nano.a(lib_a-dtoa.o)
 *fill*         0x000000000800cb2e        0x2 
 .text._dtoa_r  0x000000000800cb30      0xbdc c:/st/stm32cubeide_1.10.1/stm32cubeide/plugins/com.st.stm32cube.ide.mcu.externaltools.gnu-tools-for-stm32.10.3-2021.10.win32_1.0.0.202111181127/tools/bin/../lib/gcc/arm-none-eabi/10.3.1/../../../../arm-none-eabi/lib/thumb/v7e-m+fp/hard\libc_nano.a(lib_a-dtoa.o)
                0x000000000800cb30                _dtoa_r
 .text._localeconv_r
                0x000000000800d70c        0x8 c:/st/stm32cubeide_1.10.1/stm32cubeide/plugins/com.st.stm32cube.ide.mcu.externaltools.gnu-tools-for-stm32.10.3-2021.10.win32_1.0.0.202111181127/tools/bin/../lib/gcc/arm-none-eabi/10.3.1/../../../../arm-none-eabi/lib/thumb/v7e-m+fp/hard\libc_nano.a(lib_a-localeconv.o)
                0x000000000800d70c                _localeconv_r
 .text.__malloc_lock
                0x000000000800d714        0xc c:/st/stm32cubeide_1.10.1/stm32cubeide/plugins/com.st.stm32cube.ide.mcu.externaltools.gnu-tools-for-stm32.10.3-2021.10.win32_1.0.0.202111181127/tools/bin/../lib/gcc/arm-none-eabi/10.3.1/../../../../arm-none-eabi/lib/thumb/v7e-m+fp/hard\libc_nano.a(lib_a-mlock.o)
                0x000000000800d714                __malloc_lock
 .text.__malloc_unlock
                0x000000000800d720        0xc c:/st/stm32cubeide_1.10.1/stm32cubeide/plugins/com.st.stm32cube.ide.mcu.externaltools.gnu-tools-for-stm32.10.3-2021.10.win32_1.0.0.202111181127/tools/bin/../lib/gcc/arm-none-eabi/10.3.1/../../../../arm-none-eabi/lib/thumb/v7e-m+fp/hard\libc_nano.a(lib_a-mlock.o)
                0x000000000800d720                __malloc_unlock
 .text._Balloc  0x000000000800d72c       0x80 c:/st/stm32cubeide_1.10.1/stm32cubeide/plugins/com.st.stm32cube.ide.mcu.externaltools.gnu-tools-for-stm32.10.3-2021.10.win32_1.0.0.202111181127/tools/bin/../lib/gcc/arm-none-eabi/10.3.1/../../../../arm-none-eabi/lib/thumb/v7e-m+fp/hard\libc_nano.a(lib_a-mprec.o)
                0x000000000800d72c                _Balloc
 .text._Bfree   0x000000000800d7ac       0x44 c:/st/stm32cubeide_1.10.1/stm32cubeide/plugins/com.st.stm32cube.ide.mcu.externaltools.gnu-tools-for-stm32.10.3-2021.10.win32_1.0.0.202111181127/tools/bin/../lib/gcc/arm-none-eabi/10.3.1/../../../../arm-none-eabi/lib/thumb/v7e-m+fp/hard\libc_nano.a(lib_a-mprec.o)
                0x000000000800d7ac                _Bfree
 .text.__multadd
                0x000000000800d7f0       0x8c c:/st/stm32cubeide_1.10.1/stm32cubeide/plugins/com.st.stm32cube.ide.mcu.externaltools.gnu-tools-for-stm32.10.3-2021.10.win32_1.0.0.202111181127/tools/bin/../lib/gcc/arm-none-eabi/10.3.1/../../../../arm-none-eabi/lib/thumb/v7e-m+fp/hard\libc_nano.a(lib_a-mprec.o)
                0x000000000800d7f0                __multadd
 .text.__hi0bits
                0x000000000800d87c       0x40 c:/st/stm32cubeide_1.10.1/stm32cubeide/plugins/com.st.stm32cube.ide.mcu.externaltools.gnu-tools-for-stm32.10.3-2021.10.win32_1.0.0.202111181127/tools/bin/../lib/gcc/arm-none-eabi/10.3.1/../../../../arm-none-eabi/lib/thumb/v7e-m+fp/hard\libc_nano.a(lib_a-mprec.o)
                0x000000000800d87c                __hi0bits
 .text.__lo0bits
                0x000000000800d8bc       0x5e c:/st/stm32cubeide_1.10.1/stm32cubeide/plugins/com.st.stm32cube.ide.mcu.externaltools.gnu-tools-for-stm32.10.3-2021.10.win32_1.0.0.202111181127/tools/bin/../lib/gcc/arm-none-eabi/10.3.1/../../../../arm-none-eabi/lib/thumb/v7e-m+fp/hard\libc_nano.a(lib_a-mprec.o)
                0x000000000800d8bc                __lo0bits
 *fill*         0x000000000800d91a        0x2 
 .text.__i2b    0x000000000800d91c       0x2c c:/st/stm32cubeide_1.10.1/stm32cubeide/plugins/com.st.stm32cube.ide.mcu.externaltools.gnu-tools-for-stm32.10.3-2021.10.win32_1.0.0.202111181127/tools/bin/../lib/gcc/arm-none-eabi/10.3.1/../../../../arm-none-eabi/lib/thumb/v7e-m+fp/hard\libc_nano.a(lib_a-mprec.o)
                0x000000000800d91c                __i2b
 .text.__multiply
                0x000000000800d948      0x154 c:/st/stm32cubeide_1.10.1/stm32cubeide/plugins/com.st.stm32cube.ide.mcu.externaltools.gnu-tools-for-stm32.10.3-2021.10.win32_1.0.0.202111181127/tools/bin/../lib/gcc/arm-none-eabi/10.3.1/../../../../arm-none-eabi/lib/thumb/v7e-m+fp/hard\libc_nano.a(lib_a-mprec.o)
                0x000000000800d948                __multiply
 .text.__pow5mult
                0x000000000800da9c       0xb4 c:/st/stm32cubeide_1.10.1/stm32cubeide/plugins/com.st.stm32cube.ide.mcu.externaltools.gnu-tools-for-stm32.10.3-2021.10.win32_1.0.0.202111181127/tools/bin/../lib/gcc/arm-none-eabi/10.3.1/../../../../arm-none-eabi/lib/thumb/v7e-m+fp/hard\libc_nano.a(lib_a-mprec.o)
                0x000000000800da9c                __pow5mult
 .text.__lshift
                0x000000000800db50       0xe0 c:/st/stm32cubeide_1.10.1/stm32cubeide/plugins/com.st.stm32cube.ide.mcu.externaltools.gnu-tools-for-stm32.10.3-2021.10.win32_1.0.0.202111181127/tools/bin/../lib/gcc/arm-none-eabi/10.3.1/../../../../arm-none-eabi/lib/thumb/v7e-m+fp/hard\libc_nano.a(lib_a-mprec.o)
                0x000000000800db50                __lshift
 .text.__mcmp   0x000000000800dc30       0x38 c:/st/stm32cubeide_1.10.1/stm32cubeide/plugins/com.st.stm32cube.ide.mcu.externaltools.gnu-tools-for-stm32.10.3-2021.10.win32_1.0.0.202111181127/tools/bin/../lib/gcc/arm-none-eabi/10.3.1/../../../../arm-none-eabi/lib/thumb/v7e-m+fp/hard\libc_nano.a(lib_a-mprec.o)
                0x000000000800dc30                __mcmp
 .text.__mdiff  0x000000000800dc68      0x114 c:/st/stm32cubeide_1.10.1/stm32cubeide/plugins/com.st.stm32cube.ide.mcu.externaltools.gnu-tools-for-stm32.10.3-2021.10.win32_1.0.0.202111181127/tools/bin/../lib/gcc/arm-none-eabi/10.3.1/../../../../arm-none-eabi/lib/thumb/v7e-m+fp/hard\libc_nano.a(lib_a-mprec.o)
                0x000000000800dc68                __mdiff
 .text.__d2b    0x000000000800dd7c       0xb8 c:/st/stm32cubeide_1.10.1/stm32cubeide/plugins/com.st.stm32cube.ide.mcu.externaltools.gnu-tools-for-stm32.10.3-2021.10.win32_1.0.0.202111181127/tools/bin/../lib/gcc/arm-none-eabi/10.3.1/../../../../arm-none-eabi/lib/thumb/v7e-m+fp/hard\libc_nano.a(lib_a-mprec.o)
                0x000000000800dd7c                __d2b
 .text._calloc_r
                0x000000000800de34       0x2c c:/st/stm32cubeide_1.10.1/stm32cubeide/plugins/com.st.stm32cube.ide.mcu.externaltools.gnu-tools-for-stm32.10.3-2021.10.win32_1.0.0.202111181127/tools/bin/../lib/gcc/arm-none-eabi/10.3.1/../../../../arm-none-eabi/lib/thumb/v7e-m+fp/hard\libc_nano.a(lib_a-nano-callocr.o)
                0x000000000800de34                _calloc_r
 .text._realloc_r
                0x000000000800de60       0x5e c:/st/stm32cubeide_1.10.1/stm32cubeide/plugins/com.st.stm32cube.ide.mcu.externaltools.gnu-tools-for-stm32.10.3-2021.10.win32_1.0.0.202111181127/tools/bin/../lib/gcc/arm-none-eabi/10.3.1/../../../../arm-none-eabi/lib/thumb/v7e-m+fp/hard\libc_nano.a(lib_a-nano-reallocr.o)
                0x000000000800de60                _realloc_r
 .text.__ssputs_r
                0x000000000800debe       0xb6 c:/st/stm32cubeide_1.10.1/stm32cubeide/plugins/com.st.stm32cube.ide.mcu.externaltools.gnu-tools-for-stm32.10.3-2021.10.win32_1.0.0.202111181127/tools/bin/../lib/gcc/arm-none-eabi/10.3.1/../../../../arm-none-eabi/lib/thumb/v7e-m+fp/hard\libc_nano.a(lib_a-nano-svfprintf.o)
                0x000000000800debe                __ssputs_r
 .text._svfprintf_r
                0x000000000800df74      0x200 c:/st/stm32cubeide_1.10.1/stm32cubeide/plugins/com.st.stm32cube.ide.mcu.externaltools.gnu-tools-for-stm32.10.3-2021.10.win32_1.0.0.202111181127/tools/bin/../lib/gcc/arm-none-eabi/10.3.1/../../../../arm-none-eabi/lib/thumb/v7e-m+fp/hard\libc_nano.a(lib_a-nano-svfprintf.o)
                0x000000000800df74                _svfiprintf_r
                0x000000000800df74                _svfprintf_r
 .text.__assert_func
                0x000000000800e174       0x3c c:/st/stm32cubeide_1.10.1/stm32cubeide/plugins/com.st.stm32cube.ide.mcu.externaltools.gnu-tools-for-stm32.10.3-2021.10.win32_1.0.0.202111181127/tools/bin/../lib/gcc/arm-none-eabi/10.3.1/../../../../arm-none-eabi/lib/thumb/v7e-m+fp/hard\libc_nano.a(lib_a-assert.o)
                0x000000000800e174                __assert_func
 .text.fprintf  0x000000000800e1b0       0x24 c:/st/stm32cubeide_1.10.1/stm32cubeide/plugins/com.st.stm32cube.ide.mcu.externaltools.gnu-tools-for-stm32.10.3-2021.10.win32_1.0.0.202111181127/tools/bin/../lib/gcc/arm-none-eabi/10.3.1/../../../../arm-none-eabi/lib/thumb/v7e-m+fp/hard\libc_nano.a(lib_a-fprintf.o)
                0x000000000800e1b0                fiprintf
                0x000000000800e1b0                fprintf
 .text.__retarget_lock_init_recursive
                0x000000000800e1d4        0x2 c:/st/stm32cubeide_1.10.1/stm32cubeide/plugins/com.st.stm32cube.ide.mcu.externaltools.gnu-tools-for-stm32.10.3-2021.10.win32_1.0.0.202111181127/tools/bin/../lib/gcc/arm-none-eabi/10.3.1/../../../../arm-none-eabi/lib/thumb/v7e-m+fp/hard\libc_nano.a(lib_a-lock.o)
                0x000000000800e1d4                __retarget_lock_init_recursive
 .text.__retarget_lock_acquire_recursive
                0x000000000800e1d6        0x2 c:/st/stm32cubeide_1.10.1/stm32cubeide/plugins/com.st.stm32cube.ide.mcu.externaltools.gnu-tools-for-stm32.10.3-2021.10.win32_1.0.0.202111181127/tools/bin/../lib/gcc/arm-none-eabi/10.3.1/../../../../arm-none-eabi/lib/thumb/v7e-m+fp/hard\libc_nano.a(lib_a-lock.o)
                0x000000000800e1d6                __retarget_lock_acquire_recursive
 .text.__retarget_lock_release_recursive
                0x000000000800e1d8        0x2 c:/st/stm32cubeide_1.10.1/stm32cubeide/plugins/com.st.stm32cube.ide.mcu.externaltools.gnu-tools-for-stm32.10.3-2021.10.win32_1.0.0.202111181127/tools/bin/../lib/gcc/arm-none-eabi/10.3.1/../../../../arm-none-eabi/lib/thumb/v7e-m+fp/hard\libc_nano.a(lib_a-lock.o)
                0x000000000800e1d8                __retarget_lock_release_recursive
 .text.__ascii_mbtowc
                0x000000000800e1da       0x24 c:/st/stm32cubeide_1.10.1/stm32cubeide/plugins/com.st.stm32cube.ide.mcu.externaltools.gnu-tools-for-stm32.10.3-2021.10.win32_1.0.0.202111181127/tools/bin/../lib/gcc/arm-none-eabi/10.3.1/../../../../arm-none-eabi/lib/thumb/v7e-m+fp/hard\libc_nano.a(lib_a-mbtowc_r.o)
                0x000000000800e1da                __ascii_mbtowc
 .text.memmove  0x000000000800e1fe       0x34 c:/st/stm32cubeide_1.10.1/stm32cubeide/plugins/com.st.stm32cube.ide.mcu.externaltools.gnu-tools-for-stm32.10.3-2021.10.win32_1.0.0.202111181127/tools/bin/../lib/gcc/arm-none-eabi/10.3.1/../../../../arm-none-eabi/lib/thumb/v7e-m+fp/hard\libc_nano.a(lib_a-memmove.o)
                0x000000000800e1fe                memmove
 .text._malloc_usable_size_r
                0x000000000800e232       0x10 c:/st/stm32cubeide_1.10.1/stm32cubeide/plugins/com.st.stm32cube.ide.mcu.externaltools.gnu-tools-for-stm32.10.3-2021.10.win32_1.0.0.202111181127/tools/bin/../lib/gcc/arm-none-eabi/10.3.1/../../../../arm-none-eabi/lib/thumb/v7e-m+fp/hard\libc_nano.a(lib_a-nano-msizer.o)
                0x000000000800e232                _malloc_usable_size_r
 .text.__sfputc_r
                0x000000000800e242       0x2e c:/st/stm32cubeide_1.10.1/stm32cubeide/plugins/com.st.stm32cube.ide.mcu.externaltools.gnu-tools-for-stm32.10.3-2021.10.win32_1.0.0.202111181127/tools/bin/../lib/gcc/arm-none-eabi/10.3.1/../../../../arm-none-eabi/lib/thumb/v7e-m+fp/hard\libc_nano.a(lib_a-nano-vfprintf.o)
 .text.__sfputs_r
                0x000000000800e270       0x24 c:/st/stm32cubeide_1.10.1/stm32cubeide/plugins/com.st.stm32cube.ide.mcu.externaltools.gnu-tools-for-stm32.10.3-2021.10.win32_1.0.0.202111181127/tools/bin/../lib/gcc/arm-none-eabi/10.3.1/../../../../arm-none-eabi/lib/thumb/v7e-m+fp/hard\libc_nano.a(lib_a-nano-vfprintf.o)
                0x000000000800e270                __sfputs_r
 .text._vfprintf_r
                0x000000000800e294      0x260 c:/st/stm32cubeide_1.10.1/stm32cubeide/plugins/com.st.stm32cube.ide.mcu.externaltools.gnu-tools-for-stm32.10.3-2021.10.win32_1.0.0.202111181127/tools/bin/../lib/gcc/arm-none-eabi/10.3.1/../../../../arm-none-eabi/lib/thumb/v7e-m+fp/hard\libc_nano.a(lib_a-nano-vfprintf.o)
                0x000000000800e294                _vfprintf_r
                0x000000000800e294                _vfiprintf_r
 .text.__swbuf_r
                0x000000000800e4f4       0xa4 c:/st/stm32cubeide_1.10.1/stm32cubeide/plugins/com.st.stm32cube.ide.mcu.externaltools.gnu-tools-for-stm32.10.3-2021.10.win32_1.0.0.202111181127/tools/bin/../lib/gcc/arm-none-eabi/10.3.1/../../../../arm-none-eabi/lib/thumb/v7e-m+fp/hard\libc_nano.a(lib_a-wbuf.o)
                0x000000000800e4f4                __swbuf_r
 .text.__ascii_wctomb
                0x000000000800e598       0x1a c:/st/stm32cubeide_1.10.1/stm32cubeide/plugins/com.st.stm32cube.ide.mcu.externaltools.gnu-tools-for-stm32.10.3-2021.10.win32_1.0.0.202111181127/tools/bin/../lib/gcc/arm-none-eabi/10.3.1/../../../../arm-none-eabi/lib/thumb/v7e-m+fp/hard\libc_nano.a(lib_a-wctomb_r.o)
                0x000000000800e598                __ascii_wctomb
 *fill*         0x000000000800e5b2        0x2 
 .text.__swsetup_r
                0x000000000800e5b4       0xdc c:/st/stm32cubeide_1.10.1/stm32cubeide/plugins/com.st.stm32cube.ide.mcu.externaltools.gnu-tools-for-stm32.10.3-2021.10.win32_1.0.0.202111181127/tools/bin/../lib/gcc/arm-none-eabi/10.3.1/../../../../arm-none-eabi/lib/thumb/v7e-m+fp/hard\libc_nano.a(lib_a-wsetup.o)
                0x000000000800e5b4                __swsetup_r
 .text.abort    0x000000000800e690        0xe c:/st/stm32cubeide_1.10.1/stm32cubeide/plugins/com.st.stm32cube.ide.mcu.externaltools.gnu-tools-for-stm32.10.3-2021.10.win32_1.0.0.202111181127/tools/bin/../lib/gcc/arm-none-eabi/10.3.1/../../../../arm-none-eabi/lib/thumb/v7e-m+fp/hard\libc_nano.a(lib_a-abort.o)
                0x000000000800e690                abort
 *fill*         0x000000000800e69e        0x2 
 .text.__sflush_r
                0x000000000800e6a0      0x10c c:/st/stm32cubeide_1.10.1/stm32cubeide/plugins/com.st.stm32cube.ide.mcu.externaltools.gnu-tools-for-stm32.10.3-2021.10.win32_1.0.0.202111181127/tools/bin/../lib/gcc/arm-none-eabi/10.3.1/../../../../arm-none-eabi/lib/thumb/v7e-m+fp/hard\libc_nano.a(lib_a-fflush.o)
                0x000000000800e6a0                __sflush_r
 .text._fflush_r
                0x000000000800e7ac       0x78 c:/st/stm32cubeide_1.10.1/stm32cubeide/plugins/com.st.stm32cube.ide.mcu.externaltools.gnu-tools-for-stm32.10.3-2021.10.win32_1.0.0.202111181127/tools/bin/../lib/gcc/arm-none-eabi/10.3.1/../../../../arm-none-eabi/lib/thumb/v7e-m+fp/hard\libc_nano.a(lib_a-fflush.o)
                0x000000000800e7ac                _fflush_r
 .text.std      0x000000000800e824       0x48 c:/st/stm32cubeide_1.10.1/stm32cubeide/plugins/com.st.stm32cube.ide.mcu.externaltools.gnu-tools-for-stm32.10.3-2021.10.win32_1.0.0.202111181127/tools/bin/../lib/gcc/arm-none-eabi/10.3.1/../../../../arm-none-eabi/lib/thumb/v7e-m+fp/hard\libc_nano.a(lib_a-findfp.o)
 .text._cleanup_r
                0x000000000800e86c        0xc c:/st/stm32cubeide_1.10.1/stm32cubeide/plugins/com.st.stm32cube.ide.mcu.externaltools.gnu-tools-for-stm32.10.3-2021.10.win32_1.0.0.202111181127/tools/bin/../lib/gcc/arm-none-eabi/10.3.1/../../../../arm-none-eabi/lib/thumb/v7e-m+fp/hard\libc_nano.a(lib_a-findfp.o)
                0x000000000800e86c                _cleanup_r
 .text.__sfmoreglue
                0x000000000800e878       0x2c c:/st/stm32cubeide_1.10.1/stm32cubeide/plugins/com.st.stm32cube.ide.mcu.externaltools.gnu-tools-for-stm32.10.3-2021.10.win32_1.0.0.202111181127/tools/bin/../lib/gcc/arm-none-eabi/10.3.1/../../../../arm-none-eabi/lib/thumb/v7e-m+fp/hard\libc_nano.a(lib_a-findfp.o)
                0x000000000800e878                __sfmoreglue
 .text.__sfp_lock_acquire
                0x000000000800e8a4        0xc c:/st/stm32cubeide_1.10.1/stm32cubeide/plugins/com.st.stm32cube.ide.mcu.externaltools.gnu-tools-for-stm32.10.3-2021.10.win32_1.0.0.202111181127/tools/bin/../lib/gcc/arm-none-eabi/10.3.1/../../../../arm-none-eabi/lib/thumb/v7e-m+fp/hard\libc_nano.a(lib_a-findfp.o)
                0x000000000800e8a4                __sfp_lock_acquire
 .text.__sfp_lock_release
                0x000000000800e8b0        0xc c:/st/stm32cubeide_1.10.1/stm32cubeide/plugins/com.st.stm32cube.ide.mcu.externaltools.gnu-tools-for-stm32.10.3-2021.10.win32_1.0.0.202111181127/tools/bin/../lib/gcc/arm-none-eabi/10.3.1/../../../../arm-none-eabi/lib/thumb/v7e-m+fp/hard\libc_nano.a(lib_a-findfp.o)
                0x000000000800e8b0                __sfp_lock_release
 .text.__sinit_lock_acquire
                0x000000000800e8bc        0xc c:/st/stm32cubeide_1.10.1/stm32cubeide/plugins/com.st.stm32cube.ide.mcu.externaltools.gnu-tools-for-stm32.10.3-2021.10.win32_1.0.0.202111181127/tools/bin/../lib/gcc/arm-none-eabi/10.3.1/../../../../arm-none-eabi/lib/thumb/v7e-m+fp/hard\libc_nano.a(lib_a-findfp.o)
                0x000000000800e8bc                __sinit_lock_acquire
 .text.__sinit_lock_release
                0x000000000800e8c8        0xc c:/st/stm32cubeide_1.10.1/stm32cubeide/plugins/com.st.stm32cube.ide.mcu.externaltools.gnu-tools-for-stm32.10.3-2021.10.win32_1.0.0.202111181127/tools/bin/../lib/gcc/arm-none-eabi/10.3.1/../../../../arm-none-eabi/lib/thumb/v7e-m+fp/hard\libc_nano.a(lib_a-findfp.o)
                0x000000000800e8c8                __sinit_lock_release
 .text.__sinit  0x000000000800e8d4       0x70 c:/st/stm32cubeide_1.10.1/stm32cubeide/plugins/com.st.stm32cube.ide.mcu.externaltools.gnu-tools-for-stm32.10.3-2021.10.win32_1.0.0.202111181127/tools/bin/../lib/gcc/arm-none-eabi/10.3.1/../../../../arm-none-eabi/lib/thumb/v7e-m+fp/hard\libc_nano.a(lib_a-findfp.o)
                0x000000000800e8d4                __sinit
 .text.__sfp    0x000000000800e944       0x8c c:/st/stm32cubeide_1.10.1/stm32cubeide/plugins/com.st.stm32cube.ide.mcu.externaltools.gnu-tools-for-stm32.10.3-2021.10.win32_1.0.0.202111181127/tools/bin/../lib/gcc/arm-none-eabi/10.3.1/../../../../arm-none-eabi/lib/thumb/v7e-m+fp/hard\libc_nano.a(lib_a-findfp.o)
                0x000000000800e944                __sfp
 .text._fwalk_reent
                0x000000000800e9d0       0x3e c:/st/stm32cubeide_1.10.1/stm32cubeide/plugins/com.st.stm32cube.ide.mcu.externaltools.gnu-tools-for-stm32.10.3-2021.10.win32_1.0.0.202111181127/tools/bin/../lib/gcc/arm-none-eabi/10.3.1/../../../../arm-none-eabi/lib/thumb/v7e-m+fp/hard\libc_nano.a(lib_a-fwalk.o)
                0x000000000800e9d0                _fwalk_reent
 .text.__swhatbuf_r
                0x000000000800ea0e       0x4a c:/st/stm32cubeide_1.10.1/stm32cubeide/plugins/com.st.stm32cube.ide.mcu.externaltools.gnu-tools-for-stm32.10.3-2021.10.win32_1.0.0.202111181127/tools/bin/../lib/gcc/arm-none-eabi/10.3.1/../../../../arm-none-eabi/lib/thumb/v7e-m+fp/hard\libc_nano.a(lib_a-makebuf.o)
                0x000000000800ea0e                __swhatbuf_r
 .text.__smakebuf_r
                0x000000000800ea58       0x80 c:/st/stm32cubeide_1.10.1/stm32cubeide/plugins/com.st.stm32cube.ide.mcu.externaltools.gnu-tools-for-stm32.10.3-2021.10.win32_1.0.0.202111181127/tools/bin/../lib/gcc/arm-none-eabi/10.3.1/../../../../arm-none-eabi/lib/thumb/v7e-m+fp/hard\libc_nano.a(lib_a-makebuf.o)
                0x000000000800ea58                __smakebuf_r
 .text._raise_r
                0x000000000800ead8       0x50 c:/st/stm32cubeide_1.10.1/stm32cubeide/plugins/com.st.stm32cube.ide.mcu.externaltools.gnu-tools-for-stm32.10.3-2021.10.win32_1.0.0.202111181127/tools/bin/../lib/gcc/arm-none-eabi/10.3.1/../../../../arm-none-eabi/lib/thumb/v7e-m+fp/hard\libc_nano.a(lib_a-signal.o)
                0x000000000800ead8                _raise_r
 .text.raise    0x000000000800eb28       0x10 c:/st/stm32cubeide_1.10.1/stm32cubeide/plugins/com.st.stm32cube.ide.mcu.externaltools.gnu-tools-for-stm32.10.3-2021.10.win32_1.0.0.202111181127/tools/bin/../lib/gcc/arm-none-eabi/10.3.1/../../../../arm-none-eabi/lib/thumb/v7e-m+fp/hard\libc_nano.a(lib_a-signal.o)
                0x000000000800eb28                raise
 .text._kill_r  0x000000000800eb38       0x24 c:/st/stm32cubeide_1.10.1/stm32cubeide/plugins/com.st.stm32cube.ide.mcu.externaltools.gnu-tools-for-stm32.10.3-2021.10.win32_1.0.0.202111181127/tools/bin/../lib/gcc/arm-none-eabi/10.3.1/../../../../arm-none-eabi/lib/thumb/v7e-m+fp/hard\libc_nano.a(lib_a-signalr.o)
                0x000000000800eb38                _kill_r
 .text._getpid_r
                0x000000000800eb5c        0x4 c:/st/stm32cubeide_1.10.1/stm32cubeide/plugins/com.st.stm32cube.ide.mcu.externaltools.gnu-tools-for-stm32.10.3-2021.10.win32_1.0.0.202111181127/tools/bin/../lib/gcc/arm-none-eabi/10.3.1/../../../../arm-none-eabi/lib/thumb/v7e-m+fp/hard\libc_nano.a(lib_a-signalr.o)
                0x000000000800eb5c                _getpid_r
 .text.__sread  0x000000000800eb60       0x22 c:/st/stm32cubeide_1.10.1/stm32cubeide/plugins/com.st.stm32cube.ide.mcu.externaltools.gnu-tools-for-stm32.10.3-2021.10.win32_1.0.0.202111181127/tools/bin/../lib/gcc/arm-none-eabi/10.3.1/../../../../arm-none-eabi/lib/thumb/v7e-m+fp/hard\libc_nano.a(lib_a-stdio.o)
                0x000000000800eb60                __sread
 .text.__swrite
                0x000000000800eb82       0x38 c:/st/stm32cubeide_1.10.1/stm32cubeide/plugins/com.st.stm32cube.ide.mcu.externaltools.gnu-tools-for-stm32.10.3-2021.10.win32_1.0.0.202111181127/tools/bin/../lib/gcc/arm-none-eabi/10.3.1/../../../../arm-none-eabi/lib/thumb/v7e-m+fp/hard\libc_nano.a(lib_a-stdio.o)
                0x000000000800eb82                __swrite
 .text.__sseek  0x000000000800ebba       0x24 c:/st/stm32cubeide_1.10.1/stm32cubeide/plugins/com.st.stm32cube.ide.mcu.externaltools.gnu-tools-for-stm32.10.3-2021.10.win32_1.0.0.202111181127/tools/bin/../lib/gcc/arm-none-eabi/10.3.1/../../../../arm-none-eabi/lib/thumb/v7e-m+fp/hard\libc_nano.a(lib_a-stdio.o)
                0x000000000800ebba                __sseek
 .text.__sclose
                0x000000000800ebde        0x8 c:/st/stm32cubeide_1.10.1/stm32cubeide/plugins/com.st.stm32cube.ide.mcu.externaltools.gnu-tools-for-stm32.10.3-2021.10.win32_1.0.0.202111181127/tools/bin/../lib/gcc/arm-none-eabi/10.3.1/../../../../arm-none-eabi/lib/thumb/v7e-m+fp/hard\libc_nano.a(lib_a-stdio.o)
                0x000000000800ebde                __sclose
 *fill*         0x000000000800ebe6        0x2 
 .text._write_r
                0x000000000800ebe8       0x24 c:/st/stm32cubeide_1.10.1/stm32cubeide/plugins/com.st.stm32cube.ide.mcu.externaltools.gnu-tools-for-stm32.10.3-2021.10.win32_1.0.0.202111181127/tools/bin/../lib/gcc/arm-none-eabi/10.3.1/../../../../arm-none-eabi/lib/thumb/v7e-m+fp/hard\libc_nano.a(lib_a-writer.o)
                0x000000000800ebe8                _write_r
 .text._close_r
                0x000000000800ec0c       0x20 c:/st/stm32cubeide_1.10.1/stm32cubeide/plugins/com.st.stm32cube.ide.mcu.externaltools.gnu-tools-for-stm32.10.3-2021.10.win32_1.0.0.202111181127/tools/bin/../lib/gcc/arm-none-eabi/10.3.1/../../../../arm-none-eabi/lib/thumb/v7e-m+fp/hard\libc_nano.a(lib_a-closer.o)
                0x000000000800ec0c                _close_r
 .text._fstat_r
                0x000000000800ec2c       0x24 c:/st/stm32cubeide_1.10.1/stm32cubeide/plugins/com.st.stm32cube.ide.mcu.externaltools.gnu-tools-for-stm32.10.3-2021.10.win32_1.0.0.202111181127/tools/bin/../lib/gcc/arm-none-eabi/10.3.1/../../../../arm-none-eabi/lib/thumb/v7e-m+fp/hard\libc_nano.a(lib_a-fstatr.o)
                0x000000000800ec2c                _fstat_r
 .text._isatty_r
                0x000000000800ec50       0x20 c:/st/stm32cubeide_1.10.1/stm32cubeide/plugins/com.st.stm32cube.ide.mcu.externaltools.gnu-tools-for-stm32.10.3-2021.10.win32_1.0.0.202111181127/tools/bin/../lib/gcc/arm-none-eabi/10.3.1/../../../../arm-none-eabi/lib/thumb/v7e-m+fp/hard\libc_nano.a(lib_a-isattyr.o)
                0x000000000800ec50                _isatty_r
 .text._lseek_r
                0x000000000800ec70       0x24 c:/st/stm32cubeide_1.10.1/stm32cubeide/plugins/com.st.stm32cube.ide.mcu.externaltools.gnu-tools-for-stm32.10.3-2021.10.win32_1.0.0.202111181127/tools/bin/../lib/gcc/arm-none-eabi/10.3.1/../../../../arm-none-eabi/lib/thumb/v7e-m+fp/hard\libc_nano.a(lib_a-lseekr.o)
                0x000000000800ec70                _lseek_r
 .text._read_r  0x000000000800ec94       0x24 c:/st/stm32cubeide_1.10.1/stm32cubeide/plugins/com.st.stm32cube.ide.mcu.externaltools.gnu-tools-for-stm32.10.3-2021.10.win32_1.0.0.202111181127/tools/bin/../lib/gcc/arm-none-eabi/10.3.1/../../../../arm-none-eabi/lib/thumb/v7e-m+fp/hard\libc_nano.a(lib_a-readr.o)
                0x000000000800ec94                _read_r
 .text._close   0x000000000800ecb8       0x10 c:/st/stm32cubeide_1.10.1/stm32cubeide/plugins/com.st.stm32cube.ide.mcu.externaltools.gnu-tools-for-stm32.10.3-2021.10.win32_1.0.0.202111181127/tools/bin/../lib/gcc/arm-none-eabi/10.3.1/../../../../arm-none-eabi/lib/thumb/v7e-m+fp/hard\libnosys.a(close.o)
                0x000000000800ecb8                _close
 .text._fstat   0x000000000800ecc8       0x10 c:/st/stm32cubeide_1.10.1/stm32cubeide/plugins/com.st.stm32cube.ide.mcu.externaltools.gnu-tools-for-stm32.10.3-2021.10.win32_1.0.0.202111181127/tools/bin/../lib/gcc/arm-none-eabi/10.3.1/../../../../arm-none-eabi/lib/thumb/v7e-m+fp/hard\libnosys.a(fstat.o)
                0x000000000800ecc8                _fstat
 .text._getpid  0x000000000800ecd8       0x10 c:/st/stm32cubeide_1.10.1/stm32cubeide/plugins/com.st.stm32cube.ide.mcu.externaltools.gnu-tools-for-stm32.10.3-2021.10.win32_1.0.0.202111181127/tools/bin/../lib/gcc/arm-none-eabi/10.3.1/../../../../arm-none-eabi/lib/thumb/v7e-m+fp/hard\libnosys.a(getpid.o)
                0x000000000800ecd8                _getpid
 .text._isatty  0x000000000800ece8       0x10 c:/st/stm32cubeide_1.10.1/stm32cubeide/plugins/com.st.stm32cube.ide.mcu.externaltools.gnu-tools-for-stm32.10.3-2021.10.win32_1.0.0.202111181127/tools/bin/../lib/gcc/arm-none-eabi/10.3.1/../../../../arm-none-eabi/lib/thumb/v7e-m+fp/hard\libnosys.a(isatty.o)
                0x000000000800ece8                _isatty
 .text._kill    0x000000000800ecf8       0x10 c:/st/stm32cubeide_1.10.1/stm32cubeide/plugins/com.st.stm32cube.ide.mcu.externaltools.gnu-tools-for-stm32.10.3-2021.10.win32_1.0.0.202111181127/tools/bin/../lib/gcc/arm-none-eabi/10.3.1/../../../../arm-none-eabi/lib/thumb/v7e-m+fp/hard\libnosys.a(kill.o)
                0x000000000800ecf8                _kill
 .text._lseek   0x000000000800ed08       0x10 c:/st/stm32cubeide_1.10.1/stm32cubeide/plugins/com.st.stm32cube.ide.mcu.externaltools.gnu-tools-for-stm32.10.3-2021.10.win32_1.0.0.202111181127/tools/bin/../lib/gcc/arm-none-eabi/10.3.1/../../../../arm-none-eabi/lib/thumb/v7e-m+fp/hard\libnosys.a(lseek.o)
                0x000000000800ed08                _lseek
 .text._read    0x000000000800ed18       0x10 c:/st/stm32cubeide_1.10.1/stm32cubeide/plugins/com.st.stm32cube.ide.mcu.externaltools.gnu-tools-for-stm32.10.3-2021.10.win32_1.0.0.202111181127/tools/bin/../lib/gcc/arm-none-eabi/10.3.1/../../../../arm-none-eabi/lib/thumb/v7e-m+fp/hard\libnosys.a(read.o)
                0x000000000800ed18                _read
 .text._write   0x000000000800ed28       0x10 c:/st/stm32cubeide_1.10.1/stm32cubeide/plugins/com.st.stm32cube.ide.mcu.externaltools.gnu-tools-for-stm32.10.3-2021.10.win32_1.0.0.202111181127/tools/bin/../lib/gcc/arm-none-eabi/10.3.1/../../../../arm-none-eabi/lib/thumb/v7e-m+fp/hard\libnosys.a(write.o)
                0x000000000800ed28                _write
 .text._exit    0x000000000800ed38        0x2 c:/st/stm32cubeide_1.10.1/stm32cubeide/plugins/com.st.stm32cube.ide.mcu.externaltools.gnu-tools-for-stm32.10.3-2021.10.win32_1.0.0.202111181127/tools/bin/../lib/gcc/arm-none-eabi/10.3.1/../../../../arm-none-eabi/lib/thumb/v7e-m+fp/hard\libnosys.a(_exit.o)
                0x000000000800ed38                _exit
 *(.glue_7)
 .glue_7        0x000000000800ed3a        0x0 linker stubs
 *(.glue_7t)
 .glue_7t       0x000000000800ed3a        0x0 linker stubs
 *(.eh_frame)
 *fill*         0x000000000800ed3a        0x2 
 .eh_frame      0x000000000800ed3c        0x0 c:/st/stm32cubeide_1.10.1/stm32cubeide/plugins/com.st.stm32cube.ide.mcu.externaltools.gnu-tools-for-stm32.10.3-2021.10.win32_1.0.0.202111181127/tools/bin/../lib/gcc/arm-none-eabi/10.3.1/thumb/v7e-m+fp/hard/crtbegin.o
 *(.init)
 .init          0x000000000800ed3c        0x4 c:/st/stm32cubeide_1.10.1/stm32cubeide/plugins/com.st.stm32cube.ide.mcu.externaltools.gnu-tools-for-stm32.10.3-2021.10.win32_1.0.0.202111181127/tools/bin/../lib/gcc/arm-none-eabi/10.3.1/thumb/v7e-m+fp/hard/crti.o
                0x000000000800ed3c                _init
 .init          0x000000000800ed40        0x8 c:/st/stm32cubeide_1.10.1/stm32cubeide/plugins/com.st.stm32cube.ide.mcu.externaltools.gnu-tools-for-stm32.10.3-2021.10.win32_1.0.0.202111181127/tools/bin/../lib/gcc/arm-none-eabi/10.3.1/thumb/v7e-m+fp/hard/crtn.o
 *(.fini)
 .fini          0x000000000800ed48        0x4 c:/st/stm32cubeide_1.10.1/stm32cubeide/plugins/com.st.stm32cube.ide.mcu.externaltools.gnu-tools-for-stm32.10.3-2021.10.win32_1.0.0.202111181127/tools/bin/../lib/gcc/arm-none-eabi/10.3.1/thumb/v7e-m+fp/hard/crti.o
                0x000000000800ed48                _fini
 .fini          0x000000000800ed4c        0x8 c:/st/stm32cubeide_1.10.1/stm32cubeide/plugins/com.st.stm32cube.ide.mcu.externaltools.gnu-tools-for-stm32.10.3-2021.10.win32_1.0.0.202111181127/tools/bin/../lib/gcc/arm-none-eabi/10.3.1/thumb/v7e-m+fp/hard/crtn.o
                0x000000000800ed54                . = ALIGN (0x4)
                0x000000000800ed54                _etext = .

.vfp11_veneer   0x000000000800ed54        0x0
 .vfp11_veneer  0x000000000800ed54        0x0 linker stubs

.v4_bx          0x000000000800ed54        0x0
 .v4_bx         0x000000000800ed54        0x0 linker stubs

.iplt           0x000000000800ed54        0x0
 .iplt          0x000000000800ed54        0x0 c:/st/stm32cubeide_1.10.1/stm32cubeide/plugins/com.st.stm32cube.ide.mcu.externaltools.gnu-tools-for-stm32.10.3-2021.10.win32_1.0.0.202111181127/tools/bin/../lib/gcc/arm-none-eabi/10.3.1/thumb/v7e-m+fp/hard/crtbegin.o

.rodata         0x000000000800ed60    0x67f94
                0x000000000800ed60                . = ALIGN (0x4)
 *(.rodata)
 .rodata        0x000000000800ed60       0x30 ./Core/Src/main.o
 .rodata        0x000000000800ed90        0x4 ../Middlewares/ST/AI/Lib\NetworkRuntime600_CM7_GCC.a(layers.o)
 *(.rodata*)
 .rodata.main.str1.4
                0x000000000800ed94       0xc4 ./Core/Src/main.o
 .rodata.AHBPrescTable
                0x000000000800ee58       0x10 ./Core/Src/system_stm32f7xx.o
                0x000000000800ee58                AHBPrescTable
 .rodata.APBPrescTable
                0x000000000800ee68        0x8 ./Core/Src/system_stm32f7xx.o
                0x000000000800ee68                APBPrescTable
 .rodata.CSWTCH.53
                0x000000000800ee70        0x3 ./Drivers/STM32F7xx_HAL_Driver/Src/stm32f7xx_hal_uart.o
 *fill*         0x000000000800ee73        0x1 
 .rodata.CSWTCH.54
                0x000000000800ee74        0xd ./Drivers/STM32F7xx_HAL_Driver/Src/stm32f7xx_hal_uart.o
 *fill*         0x000000000800ee81        0x3 
 .rodata.__compound_literal.0
                0x000000000800ee84        0x4 ./X-CUBE-AI/App/network.o
 .rodata.__compound_literal.1
                0x000000000800ee88        0x1 ./X-CUBE-AI/App/network.o
 *fill*         0x000000000800ee89        0x3 
 .rodata.__compound_literal.10
                0x000000000800ee8c        0x1 ./X-CUBE-AI/App/network.o
 *fill*         0x000000000800ee8d        0x3 
 .rodata.__compound_literal.100
                0x000000000800ee90        0x1 ./X-CUBE-AI/App/network.o
 *fill*         0x000000000800ee91        0x3 
 .rodata.__compound_literal.101
                0x000000000800ee94        0x8 ./X-CUBE-AI/App/network.o
 .rodata.__compound_literal.102
                0x000000000800ee9c        0x4 ./X-CUBE-AI/App/network.o
 .rodata.__compound_literal.103
                0x000000000800eea0        0x1 ./X-CUBE-AI/App/network.o
 *fill*         0x000000000800eea1        0x3 
 .rodata.__compound_literal.104
                0x000000000800eea4        0x8 ./X-CUBE-AI/App/network.o
 .rodata.__compound_literal.105
                0x000000000800eeac        0x4 ./X-CUBE-AI/App/network.o
 .rodata.__compound_literal.106
                0x000000000800eeb0        0x1 ./X-CUBE-AI/App/network.o
 *fill*         0x000000000800eeb1        0x3 
 .rodata.__compound_literal.107
                0x000000000800eeb4        0x8 ./X-CUBE-AI/App/network.o
 .rodata.__compound_literal.108
                0x000000000800eebc        0x4 ./X-CUBE-AI/App/network.o
 .rodata.__compound_literal.109
                0x000000000800eec0        0x1 ./X-CUBE-AI/App/network.o
 *fill*         0x000000000800eec1        0x3 
 .rodata.__compound_literal.11
                0x000000000800eec4        0x8 ./X-CUBE-AI/App/network.o
 .rodata.__compound_literal.110
                0x000000000800eecc        0x8 ./X-CUBE-AI/App/network.o
 .rodata.__compound_literal.111
                0x000000000800eed4        0x4 ./X-CUBE-AI/App/network.o
 .rodata.__compound_literal.112
                0x000000000800eed8        0x1 ./X-CUBE-AI/App/network.o
 *fill*         0x000000000800eed9        0x3 
 .rodata.__compound_literal.113
                0x000000000800eedc        0x8 ./X-CUBE-AI/App/network.o
 .rodata.__compound_literal.114
                0x000000000800eee4        0x4 ./X-CUBE-AI/App/network.o
 .rodata.__compound_literal.115
                0x000000000800eee8        0x1 ./X-CUBE-AI/App/network.o
 *fill*         0x000000000800eee9        0x3 
 .rodata.__compound_literal.116
                0x000000000800eeec        0x8 ./X-CUBE-AI/App/network.o
 .rodata.__compound_literal.117
                0x000000000800eef4        0x4 ./X-CUBE-AI/App/network.o
 .rodata.__compound_literal.118
                0x000000000800eef8        0x1 ./X-CUBE-AI/App/network.o
 *fill*         0x000000000800eef9        0x3 
 .rodata.__compound_literal.119
                0x000000000800eefc        0x8 ./X-CUBE-AI/App/network.o
 .rodata.__compound_literal.12
                0x000000000800ef04        0x4 ./X-CUBE-AI/App/network.o
 .rodata.__compound_literal.120
                0x000000000800ef08        0x4 ./X-CUBE-AI/App/network.o
 .rodata.__compound_literal.121
                0x000000000800ef0c        0x1 ./X-CUBE-AI/App/network.o
 *fill*         0x000000000800ef0d        0x3 
 .rodata.__compound_literal.122
                0x000000000800ef10        0x8 ./X-CUBE-AI/App/network.o
 .rodata.__compound_literal.123
                0x000000000800ef18        0x4 ./X-CUBE-AI/App/network.o
 .rodata.__compound_literal.124
                0x000000000800ef1c        0x1 ./X-CUBE-AI/App/network.o
 *fill*         0x000000000800ef1d        0x3 
 .rodata.__compound_literal.125
                0x000000000800ef20        0x8 ./X-CUBE-AI/App/network.o
 .rodata.__compound_literal.126
                0x000000000800ef28        0x4 ./X-CUBE-AI/App/network.o
 .rodata.__compound_literal.127
                0x000000000800ef2c        0x1 ./X-CUBE-AI/App/network.o
 *fill*         0x000000000800ef2d        0x3 
 .rodata.__compound_literal.128
                0x000000000800ef30        0x8 ./X-CUBE-AI/App/network.o
 .rodata.__compound_literal.129
                0x000000000800ef38       0x40 ./X-CUBE-AI/App/network.o
 .rodata.__compound_literal.13
                0x000000000800ef78        0x1 ./X-CUBE-AI/App/network.o
 *fill*         0x000000000800ef79        0x3 
 .rodata.__compound_literal.130
                0x000000000800ef7c       0x10 ./X-CUBE-AI/App/network.o
 .rodata.__compound_literal.131
                0x000000000800ef8c        0x8 ./X-CUBE-AI/App/network.o
 .rodata.__compound_literal.132
                0x000000000800ef94       0x40 ./X-CUBE-AI/App/network.o
 .rodata.__compound_literal.133
                0x000000000800efd4       0x10 ./X-CUBE-AI/App/network.o
 .rodata.__compound_literal.134
                0x000000000800efe4        0x8 ./X-CUBE-AI/App/network.o
 .rodata.__compound_literal.135
                0x000000000800efec       0x40 ./X-CUBE-AI/App/network.o
 .rodata.__compound_literal.136
                0x000000000800f02c       0x10 ./X-CUBE-AI/App/network.o
 .rodata.__compound_literal.137
                0x000000000800f03c        0x8 ./X-CUBE-AI/App/network.o
 .rodata.__compound_literal.138
                0x000000000800f044       0x40 ./X-CUBE-AI/App/network.o
 .rodata.__compound_literal.139
                0x000000000800f084       0x10 ./X-CUBE-AI/App/network.o
 .rodata.__compound_literal.14
                0x000000000800f094        0x8 ./X-CUBE-AI/App/network.o
 .rodata.__compound_literal.140
                0x000000000800f09c        0x8 ./X-CUBE-AI/App/network.o
 .rodata.__compound_literal.141
                0x000000000800f0a4       0xe0 ./X-CUBE-AI/App/network.o
 .rodata.__compound_literal.142
                0x000000000800f184       0x38 ./X-CUBE-AI/App/network.o
 .rodata.__compound_literal.143
                0x000000000800f1bc        0x8 ./X-CUBE-AI/App/network.o
 .rodata.__compound_literal.144
                0x000000000800f1c4       0xe0 ./X-CUBE-AI/App/network.o
 .rodata.__compound_literal.145
                0x000000000800f2a4       0x38 ./X-CUBE-AI/App/network.o
 .rodata.__compound_literal.146
                0x000000000800f2dc        0x8 ./X-CUBE-AI/App/network.o
 .rodata.__compound_literal.147
                0x000000000800f2e4       0xe0 ./X-CUBE-AI/App/network.o
 .rodata.__compound_literal.148
                0x000000000800f3c4       0x38 ./X-CUBE-AI/App/network.o
 .rodata.__compound_literal.149
                0x000000000800f3fc        0x8 ./X-CUBE-AI/App/network.o
 .rodata.__compound_literal.15
                0x000000000800f404        0x4 ./X-CUBE-AI/App/network.o
 .rodata.__compound_literal.150
                0x000000000800f408       0xe0 ./X-CUBE-AI/App/network.o
 .rodata.__compound_literal.151
                0x000000000800f4e8       0x38 ./X-CUBE-AI/App/network.o
 .rodata.__compound_literal.152
                0x000000000800f520        0x8 ./X-CUBE-AI/App/network.o
 .rodata.__compound_literal.153
                0x000000000800f528      0x1a0 ./X-CUBE-AI/App/network.o
 .rodata.__compound_literal.154
                0x000000000800f6c8       0x68 ./X-CUBE-AI/App/network.o
 .rodata.__compound_literal.155
                0x000000000800f730        0x8 ./X-CUBE-AI/App/network.o
 .rodata.__compound_literal.156
                0x000000000800f738      0x1a0 ./X-CUBE-AI/App/network.o
 .rodata.__compound_literal.157
                0x000000000800f8d8       0x68 ./X-CUBE-AI/App/network.o
 .rodata.__compound_literal.158
                0x000000000800f940        0x8 ./X-CUBE-AI/App/network.o
 .rodata.__compound_literal.159
                0x000000000800f948      0x1a0 ./X-CUBE-AI/App/network.o
 .rodata.__compound_literal.16
                0x000000000800fae8        0x1 ./X-CUBE-AI/App/network.o
 *fill*         0x000000000800fae9        0x3 
 .rodata.__compound_literal.160
                0x000000000800faec       0x68 ./X-CUBE-AI/App/network.o
 .rodata.__compound_literal.161
                0x000000000800fb54        0x8 ./X-CUBE-AI/App/network.o
 .rodata.__compound_literal.162
                0x000000000800fb5c      0x1a0 ./X-CUBE-AI/App/network.o
 .rodata.__compound_literal.163
                0x000000000800fcfc       0x68 ./X-CUBE-AI/App/network.o
 .rodata.__compound_literal.164
                0x000000000800fd64        0x8 ./X-CUBE-AI/App/network.o
 .rodata.__compound_literal.165
                0x000000000800fd6c      0x140 ./X-CUBE-AI/App/network.o
 .rodata.__compound_literal.166
                0x000000000800feac       0x50 ./X-CUBE-AI/App/network.o
 .rodata.__compound_literal.167
                0x000000000800fefc        0x8 ./X-CUBE-AI/App/network.o
 .rodata.__compound_literal.168
                0x000000000800ff04      0x140 ./X-CUBE-AI/App/network.o
 .rodata.__compound_literal.169
                0x0000000008010044       0x50 ./X-CUBE-AI/App/network.o
 .rodata.__compound_literal.17
                0x0000000008010094        0x8 ./X-CUBE-AI/App/network.o
 .rodata.__compound_literal.170
                0x000000000801009c        0x8 ./X-CUBE-AI/App/network.o
 .rodata.__compound_literal.171
                0x00000000080100a4      0x140 ./X-CUBE-AI/App/network.o
 .rodata.__compound_literal.172
                0x00000000080101e4       0x50 ./X-CUBE-AI/App/network.o
 .rodata.__compound_literal.173
                0x0000000008010234        0x8 ./X-CUBE-AI/App/network.o
 .rodata.__compound_literal.174
                0x000000000801023c      0x140 ./X-CUBE-AI/App/network.o
 .rodata.__compound_literal.175
                0x000000000801037c       0x50 ./X-CUBE-AI/App/network.o
 .rodata.__compound_literal.176
                0x00000000080103cc        0x8 ./X-CUBE-AI/App/network.o
 .rodata.__compound_literal.177
                0x00000000080103d4      0x280 ./X-CUBE-AI/App/network.o
 .rodata.__compound_literal.178
                0x0000000008010654       0xa0 ./X-CUBE-AI/App/network.o
 .rodata.__compound_literal.179